 ------ --------------------------------------------------------------------------------------- 
  Line   app/Http/Controllers/NonBankingServices/ExpensesController.php                         
 ------ --------------------------------------------------------------------------------------- 
  191    Loose comparison using == between null and 'customize' will always evaluate to false.  
         🪪  equal.alwaysFalse                                                                  
 ------ --------------------------------------------------------------------------------------- 

 ------ ---------------------------------------------------------------------------------------------------------- 
  Line   app/Http/Controllers/PropertyManagements/ValuationController.php                                          
 ------ ---------------------------------------------------------------------------------------------------------- 
  184    Access to an undefined property App\Models\PropertyManagement\BalanceSheet::$debit_funding_percentages.   
         🪪  property.notFound                                                                                     
         💡  Learn more: https://phpstan.org/blog/solving-phpstan-access-to-undefined-property                     
  185    Access to an undefined property App\Models\PropertyManagement\BalanceSheet::$equity_funding_percentages.  
         🪪  property.notFound                                                                                     
         💡  Learn more: https://phpstan.org/blog/solving-phpstan-access-to-undefined-property                     
 ------ ---------------------------------------------------------------------------------------------------------- 

 ------ -------------------------------------------------------------------------------------------------- 
  Line   app/Http/Controllers/QuantityAllocationsReport.php                                                
 ------ -------------------------------------------------------------------------------------------------- 
  148    Variable $result in PHPDoc tag @var does not match assigned variable $product_seasonality_total.  
         🪪  varTag.differentVariable                                                                      
  149    Access to an undefined property App\Models\QuantityProductSeasonality::$total.                    
         🪪  property.notFound                                                                             
         💡  Learn more: https://phpstan.org/blog/solving-phpstan-access-to-undefined-property             
 ------ -------------------------------------------------------------------------------------------------- 

 ------ --------------------------------------------------------------------------------------- 
  Line   app/Http/Controllers/QuantitySalesForecastReport.php                                   
 ------ --------------------------------------------------------------------------------------- 
  562    Strict comparison using !== between mixed and null will always evaluate to true.       
         🪪  notIdentical.alwaysTrue                                                            
         💡  Type null has already been eliminated from mixed.                                  
  881    Access to an undefined property App\Models\QuantitySalesForecast::$sales_target.       
         🪪  property.notFound                                                                  
         💡  Learn more: https://phpstan.org/blog/solving-phpstan-access-to-undefined-property  
 ------ --------------------------------------------------------------------------------------- 

 ------ -------------------------------------------------------------------------------------------------- 
  Line   app/Http/Controllers/QuantitySecondAllocationsReport.php                                          
 ------ -------------------------------------------------------------------------------------------------- 
  150    Variable $result in PHPDoc tag @var does not match assigned variable $product_seasonality_total.  
         🪪  varTag.differentVariable                                                                      
  151    Access to an undefined property App\Models\QuantityProductSeasonality::$total.                    
         🪪  property.notFound                                                                             
         💡  Learn more: https://phpstan.org/blog/solving-phpstan-access-to-undefined-property             
 ------ -------------------------------------------------------------------------------------------------- 

 ------ ---------------------------------------------------------------------------------- 
  Line   app/Http/Controllers/SalesForecastReport.php                                      
 ------ ---------------------------------------------------------------------------------- 
  140    Anonymous function has an unused use $items.                                      
         🪪  closure.unusedUse                                                             
  330    Strict comparison using !== between mixed and null will always evaluate to true.  
         🪪  notIdentical.alwaysTrue                                                       
         💡  Type null has already been eliminated from mixed.                             
  742    Left side of && is always true.                                                   
         🪪  booleanAnd.leftAlwaysTrue                                                     
         💡  Remove remaining cases below this one and this error will disappear too.      
  897    Offset 3|6|9|12 on array<string, mixed> on left side of ?? does not exist.        
         🪪  nullCoalesce.offset                                                           
 ------ ---------------------------------------------------------------------------------- 

 ------ --------------------------------------------------------------------------------------- 
  Line   app/Http/Controllers/SalesGatheringController.php                                      
 ------ --------------------------------------------------------------------------------------- 
  90     Access to an undefined property App\Models\LabelingItem::$Code.                        
         🪪  property.notFound                                                                  
         💡  Learn more: https://phpstan.org/blog/solving-phpstan-access-to-undefined-property  
  408    Access to an undefined property App\Models\LabelingItem::$Code.                        
         🪪  property.notFound                                                                  
         💡  Learn more: https://phpstan.org/blog/solving-phpstan-access-to-undefined-property  
 ------ --------------------------------------------------------------------------------------- 

 ------ ----------------------------------------------------------------------------- 
  Line   app/Http/Controllers/SummaryController.php                                   
 ------ ----------------------------------------------------------------------------- 
  99     Variable $month_sales on left side of ?? always exists and is not nullable.  
         🪪  nullCoalesce.variable                                                    
 ------ ----------------------------------------------------------------------------- 

 ------ ---------------------------------------------------------------------------------------------------- 
  Line   app/Http/Controllers/ToolTipDataController.php                                                      
 ------ ---------------------------------------------------------------------------------------------------- 
  40     Method App\Http\Controllers\ExportTable::columnsFiltration() invoked with 1 parameter, 4 required.  
         🪪  arguments.count                                                                                 
 ------ ---------------------------------------------------------------------------------------------------- 

 ------ ----------------------------------------------------------------------------- 
  Line   app/Http/Controllers/ViewShareableLinkController.php                         
 ------ ----------------------------------------------------------------------------- 
  22     Cannot call static method getShareableEditViewVars() on class-string|false.  
         🪪  staticMethod.nonObject                                                   
 ------ ----------------------------------------------------------------------------- 

 ------ -------------------------------------------------------------------------------------------- 
  Line   app/Http/Requests/MarkChequeAsPaidRequest.php                                               
 ------ -------------------------------------------------------------------------------------------- 
  36     Access to an undefined property App\Models\CashExpense|App\Models\MoneyPayment::$due_date.  
         🪪  property.notFound                                                                       
         💡  Learn more: https://phpstan.org/blog/solving-phpstan-access-to-undefined-property       
 ------ -------------------------------------------------------------------------------------------- 

 ------ ----------------------------------------------------------------------------------- 
  Line   app/Imports/ImportData.php                                                         
 ------ ----------------------------------------------------------------------------------- 
  61     Property App\Imports\ImportData::$batch is unused.                                 
         🪪  property.unused                                                                
         💡  See: https://phpstan.org/developing-extensions/always-read-written-properties  
  66     Property App\Imports\ImportData::$dateFailed is never read, only written.          
         🪪  property.onlyWritten                                                           
         💡  See: https://phpstan.org/developing-extensions/always-read-written-properties  
  90     Loose comparison using == between 2 and 2 will always evaluate to true.            
         🪪  equal.alwaysTrue                                                               
 ------ ----------------------------------------------------------------------------------- 

 ------ ------------------------------------------------------------------------------------ 
  Line   app/Jobs/Caches/HandleCashingJob.php                                                
 ------ ------------------------------------------------------------------------------------ 
  32     Call to an undefined method App\Services\Caching\CashingService::refreshCashing().  
         🪪  method.notFound                                                                 
 ------ ------------------------------------------------------------------------------------ 

 ------ --------------------------------------------------------------------------------------- 
  Line   app/Jobs/CheckDueAndPastedInvoicesJob.php                                              
 ------ --------------------------------------------------------------------------------------- 
  587    Access to an undefined property App\Models\PayableCheque::$paid_amount.                
         🪪  property.notFound                                                                  
         💡  Learn more: https://phpstan.org/blog/solving-phpstan-access-to-undefined-property  
  588    Access to an undefined property App\Models\PayableCheque::$name.                       
         🪪  property.notFound                                                                  
         💡  Learn more: https://phpstan.org/blog/solving-phpstan-access-to-undefined-property  
  607    Access to an undefined property App\Models\PayableCheque::$paid_amount.                
         🪪  property.notFound                                                                  
         💡  Learn more: https://phpstan.org/blog/solving-phpstan-access-to-undefined-property  
  608    Access to an undefined property App\Models\PayableCheque::$name.                       
         🪪  property.notFound                                                                  
         💡  Learn more: https://phpstan.org/blog/solving-phpstan-access-to-undefined-property  
 ------ --------------------------------------------------------------------------------------- 

 ------ --------------------------------------------- 
  Line   app/Jobs/SalesGatheringTestJob.php           
 ------ --------------------------------------------- 
  80     Ternary operator condition is always false.  
         🪪  ternary.alwaysFalse                      
  105    Ternary operator condition is always false.  
         🪪  ternary.alwaysFalse                      
  165    Ternary operator condition is always false.  
         🪪  ternary.alwaysFalse                      
 ------ --------------------------------------------- 

 ------ ------------------------------------------------------------------------------------------ 
  Line   app/Jobs/ShowCompletedMessageForSuccessJob.php                                            
 ------ ------------------------------------------------------------------------------------------ 
  22     Property App\Jobs\ShowCompletedMessageForSuccessJob::$jobId is never read, only written.  
         🪪  property.onlyWritten                                                                  
         💡  See: https://phpstan.org/developing-extensions/always-read-written-properties         
 ------ ------------------------------------------------------------------------------------------ 

 ------ ----------------------------------------------------------------------------------- 
  Line   app/Mail/SendExceptionMail.php                                                     
 ------ ----------------------------------------------------------------------------------- 
  19     Property App\Mail\SendExceptionMail::$css is unused.                               
         🪪  property.unused                                                                
         💡  See: https://phpstan.org/developing-extensions/always-read-written-properties  
 ------ ----------------------------------------------------------------------------------- 

 ------ -------------------------------------------------------------------------------- 
  Line   app/Models/AccountType.php                                                      
 ------ -------------------------------------------------------------------------------- 
  64     Call to an undefined method Illuminate\Database\Eloquent\Builder::onlySlugs().  
         🪪  method.notFound                                                             
  68     Call to an undefined method Illuminate\Database\Eloquent\Builder::onlySlugs().  
         🪪  method.notFound                                                             
  72     Call to an undefined method Illuminate\Database\Eloquent\Builder::onlySlugs().  
         🪪  method.notFound                                                             
  80     Call to an undefined method Illuminate\Database\Eloquent\Builder::onlySlugs().  
         🪪  method.notFound                                                             
  84     Call to an undefined method Illuminate\Database\Eloquent\Builder::onlySlugs().  
         🪪  method.notFound                                                             
  88     Call to an undefined method Illuminate\Database\Eloquent\Builder::onlySlugs().  
         🪪  method.notFound                                                             
  92     Call to an undefined method Illuminate\Database\Eloquent\Builder::onlySlugs().  
         🪪  method.notFound                                                             
  96     Call to an undefined method Illuminate\Database\Eloquent\Builder::onlySlugs().  
         🪪  method.notFound                                                             
  100    Call to an undefined method Illuminate\Database\Eloquent\Builder::onlySlugs().  
         🪪  method.notFound                                                             
  104    Call to an undefined method Illuminate\Database\Eloquent\Builder::onlySlugs().  
         🪪  method.notFound                                                             
  108    Call to an undefined method Illuminate\Database\Eloquent\Builder::onlySlugs().  
         🪪  method.notFound                                                             
  112    Call to an undefined method Illuminate\Database\Eloquent\Builder::onlySlugs().  
         🪪  method.notFound                                                             
 ------ -------------------------------------------------------------------------------- 

 ------ ------------------------------------------------------------------------------------------------------- 
  Line   app/Models/BuyOrSellCurrency.php                                                                       
 ------ ------------------------------------------------------------------------------------------------------- 
  418    Left side of && is always true.                                                                        
         🪪  booleanAnd.leftAlwaysTrue                                                                          
  422    Variable $fromCleanOverdraft in PHPDoc tag @var does not match assigned variable $fromCurrentAccount.  
         🪪  varTag.differentVariable                                                                           
  434    Left side of && is always true.                                                                        
         🪪  booleanAnd.leftAlwaysTrue                                                                          
  451    Left side of && is always true.                                                                        
         🪪  booleanAnd.leftAlwaysTrue                                                                          
  469    Left side of && is always true.                                                                        
         🪪  booleanAnd.leftAlwaysTrue                                                                          
  487    Left side of && is always true.                                                                        
         🪪  booleanAnd.leftAlwaysTrue                                                                          
  574    Access to an undefined property App\Models\BuyOrSellCurrency::$cheque_number.                          
         🪪  property.notFound                                                                                  
         💡  Learn more: https://phpstan.org/blog/solving-phpstan-access-to-undefined-property                  
 ------ ------------------------------------------------------------------------------------------------------- 

 ------ --------------------------------------------------------------------------------------------------------------------------------------------- 
  Line   app/Models/CashExpense.php                                                                                                                   
 ------ --------------------------------------------------------------------------------------------------------------------------------------------- 
  274    Right side of && is always true.                                                                                                             
         🪪  booleanAnd.rightAlwaysTrue                                                                                                               
         💡  Because the type is coming from a PHPDoc, you can turn off this check by setting treatPhpDocTypesAsCertain: false in your phpstan.neon.  
  340    Ternary operator condition is always true.                                                                                                   
         🪪  ternary.alwaysTrue                                                                                                                       
         💡  Because the type is coming from a PHPDoc, you can turn off this check by setting treatPhpDocTypesAsCertain: false in your phpstan.neon.  
  348    Ternary operator condition is always true.                                                                                                   
         🪪  ternary.alwaysTrue                                                                                                                       
         💡  Because the type is coming from a PHPDoc, you can turn off this check by setting treatPhpDocTypesAsCertain: false in your phpstan.neon.  
  390    Ternary operator condition is always true.                                                                                                   
         🪪  ternary.alwaysTrue                                                                                                                       
         💡  Because the type is coming from a PHPDoc, you can turn off this check by setting treatPhpDocTypesAsCertain: false in your phpstan.neon.  
  402    Call to an undefined method App\Models\PayableCheque::getPaymentDate().                                                                      
         🪪  method.notFound                                                                                                                          
  514    Call to an undefined method App\Models\CashExpense::getMoneyType().                                                                          
         🪪  method.notFound                                                                                                                          
  593    Right side of && is always true.                                                                                                             
         🪪  booleanAnd.rightAlwaysTrue                                                                                                               
         💡  Because the type is coming from a PHPDoc, you can turn off this check by setting treatPhpDocTypesAsCertain: false in your phpstan.neon.  
  699    Call to an undefined method App\Models\CashExpense::getFinancialInstitution().                                                               
         🪪  method.notFound                                                                                                                          
  705    Call to an undefined method App\Models\CashExpense::getFinancialInstitution().                                                               
         🪪  method.notFound                                                                                                                          
  715    Access to an undefined property App\Models\Contract::$pivot.                                                                                 
         🪪  property.notFound                                                                                                                        
         💡  Learn more: https://phpstan.org/blog/solving-phpstan-access-to-undefined-property                                                        
  820    Call to an undefined method App\Models\FinancialInstitution::getOdooId().                                                                    
         🪪  method.notFound                                                                                                                          
 ------ --------------------------------------------------------------------------------------------------------------------------------------------- 

 ------ ------------------------------------------------------------------------------------------------------------------------------ 
  Line   app/Models/CertificatesOfDeposit.php                                                                                          
 ------ ------------------------------------------------------------------------------------------------------------------------------ 
  208    Method App\Models\CertificatesOfDeposit::getMaturityAmountAddedToAccountId() should return int|null but returns string|null.  
         🪪  return.type                                                                                                               
  381    Access to an undefined property App\Models\CertificatesOfDeposit::$journal_id.                                                
         🪪  property.notFound                                                                                                         
         💡  Learn more: https://phpstan.org/blog/solving-phpstan-access-to-undefined-property                                         
 ------ ------------------------------------------------------------------------------------------------------------------------------ 

 ------ --------------------------------------------------------------------------------------- 
  Line   app/Models/Cheque.php                                                                  
 ------ --------------------------------------------------------------------------------------- 
  527    Variable $accountType in PHPDoc tag @var does not match assigned variable $companyId.  
         🪪  varTag.differentVariable                                                           
 ------ --------------------------------------------------------------------------------------- 

 ------ --------------------------------------------------------------------------------------- 
  Line   app/Models/CurrentAccountBankStatement.php                                             
 ------ --------------------------------------------------------------------------------------- 
  451    Access to an undefined property App\Models\CurrentAccountBankStatement::$limit.        
         🪪  property.notFound                                                                  
         💡  Learn more: https://phpstan.org/blog/solving-phpstan-access-to-undefined-property  
 ------ --------------------------------------------------------------------------------------- 

 ------ ------------------------------------------------------------------------------------------------ 
  Line   app/Models/CustomerDueCollectionAnalysis.php                                                    
 ------ ------------------------------------------------------------------------------------------------ 
  102    Access to an undefined property App\Models\CustomerDueCollectionAnalysis::$net_invoice_amount.  
         🪪  property.notFound                                                                           
         💡  Learn more: https://phpstan.org/blog/solving-phpstan-access-to-undefined-property           
  110    Access to an undefined property App\Models\CustomerDueCollectionAnalysis::$customer_name.       
         🪪  property.notFound                                                                           
         💡  Learn more: https://phpstan.org/blog/solving-phpstan-access-to-undefined-property           
 ------ ------------------------------------------------------------------------------------------------ 

 ------ ------------------------------------------------------------------------------------------- 
  Line   app/Models/CustomerInvoice.php                                                             
 ------ ------------------------------------------------------------------------------------------- 
  466    Access to an undefined property App\Models\CashInSafeStatement::$name.                     
         🪪  property.notFound                                                                      
         💡  Learn more: https://phpstan.org/blog/solving-phpstan-access-to-undefined-property      
  467    Access to an undefined property App\Models\CashInSafeStatement::$received_amount.          
         🪪  property.notFound                                                                      
         💡  Learn more: https://phpstan.org/blog/solving-phpstan-access-to-undefined-property      
  486    Access to an undefined property App\Models\CurrentAccountBankStatement::$account_number.   
         🪪  property.notFound                                                                      
         💡  Learn more: https://phpstan.org/blog/solving-phpstan-access-to-undefined-property      
  486    Access to an undefined property App\Models\CurrentAccountBankStatement::$currency.         
         🪪  property.notFound                                                                      
         💡  Learn more: https://phpstan.org/blog/solving-phpstan-access-to-undefined-property      
  493    Access to an undefined property App\Models\CurrentAccountBankStatement::$currency.         
         🪪  property.notFound                                                                      
         💡  Learn more: https://phpstan.org/blog/solving-phpstan-access-to-undefined-property      
  496    Access to an undefined property App\Models\CurrentAccountBankStatement::$account_number.   
         🪪  property.notFound                                                                      
         💡  Learn more: https://phpstan.org/blog/solving-phpstan-access-to-undefined-property      
  496    Access to an undefined property App\Models\CurrentAccountBankStatement::$name.             
         🪪  property.notFound                                                                      
         💡  Learn more: https://phpstan.org/blog/solving-phpstan-access-to-undefined-property      
  497    Access to an undefined property App\Models\CurrentAccountBankStatement::$received_amount.  
         🪪  property.notFound                                                                      
         💡  Learn more: https://phpstan.org/blog/solving-phpstan-access-to-undefined-property      
 ------ ------------------------------------------------------------------------------------------- 

 ------ --------------------------------------------------------------------------------------------------- 
  Line   app/Models/DownPaymentMoneyPaymentSettlement.php                                                   
 ------ --------------------------------------------------------------------------------------------------- 
  58     Access to an undefined property App\Models\DownPaymentMoneyPaymentSettlement::$settlement_amount.  
         🪪  property.notFound                                                                              
         💡  Learn more: https://phpstan.org/blog/solving-phpstan-access-to-undefined-property              
  62     Access to an undefined property App\Models\DownPaymentMoneyPaymentSettlement::$withhold_amount.    
         🪪  property.notFound                                                                              
         💡  Learn more: https://phpstan.org/blog/solving-phpstan-access-to-undefined-property              
  67     Access to an undefined property App\Models\DownPaymentMoneyPaymentSettlement::$invoice_number.     
         🪪  property.notFound                                                                              
         💡  Learn more: https://phpstan.org/blog/solving-phpstan-access-to-undefined-property              
  73     Access to an undefined property App\Models\DownPaymentMoneyPaymentSettlement::$settlement_amount.  
         🪪  property.notFound                                                                              
         💡  Learn more: https://phpstan.org/blog/solving-phpstan-access-to-undefined-property              
  82     Call to an undefined method App\Models\DownPaymentMoneyPaymentSettlement::getSettlementDate().     
         🪪  method.notFound                                                                                
 ------ --------------------------------------------------------------------------------------------------- 

 ------ --------------------------------------------------------------------------------------- 
  Line   app/Models/DownPaymentSettlement.php                                                   
 ------ --------------------------------------------------------------------------------------- 
  75     Access to an undefined property App\Models\DownPaymentSettlement::$settlement_amount.  
         🪪  property.notFound                                                                  
         💡  Learn more: https://phpstan.org/blog/solving-phpstan-access-to-undefined-property  
  79     Access to an undefined property App\Models\DownPaymentSettlement::$withhold_amount.    
         🪪  property.notFound                                                                  
         💡  Learn more: https://phpstan.org/blog/solving-phpstan-access-to-undefined-property  
  84     Access to an undefined property App\Models\DownPaymentSettlement::$invoice_number.     
         🪪  property.notFound                                                                  
         💡  Learn more: https://phpstan.org/blog/solving-phpstan-access-to-undefined-property  
  90     Access to an undefined property App\Models\DownPaymentSettlement::$settlement_amount.  
         🪪  property.notFound                                                                  
         💡  Learn more: https://phpstan.org/blog/solving-phpstan-access-to-undefined-property  
  99     Call to an undefined method App\Models\DownPaymentSettlement::getSettlementDate().     
         🪪  method.notFound                                                                    
 ------ --------------------------------------------------------------------------------------- 

 ------ -------------------------------------------------------------------------------------------- 
  Line   app/Models/FinancialInstitution.php                                                         
 ------ -------------------------------------------------------------------------------------------- 
  329    Variable $account might not be defined.                                                     
         🪪  variable.undefined                                                                      
  341    Variable $account might not be defined.                                                     
         🪪  variable.undefined                                                                      
  347    Variable $account might not be defined.                                                     
         🪪  variable.undefined                                                                      
  350    Variable $account might not be defined.                                                     
         🪪  variable.undefined                                                                      
  436    Variable $accountModel in PHPDoc tag @var does not match assigned variable $fullModelName.  
         🪪  varTag.differentVariable                                                                
 ------ -------------------------------------------------------------------------------------------- 

 ------ --------------------------------------------------------------------------------------- 
  Line   app/Models/FinancialPlanning/Expense.php                                               
 ------ --------------------------------------------------------------------------------------- 
  236    Access to an undefined property App\Models\FinancialPlanning\Expense::$percentagE_of.  
         🪪  property.notFound                                                                  
         💡  Learn more: https://phpstan.org/blog/solving-phpstan-access-to-undefined-property  
 ------ --------------------------------------------------------------------------------------- 

 ------ --------------------------------------------------------------------------------------------------------------------------------------- 
  Line   app/Models/FinancialPlanning/Study.php                                                                                                 
 ------ --------------------------------------------------------------------------------------------------------------------------------------- 
  286    Method App\Models\FinancialPlanning\Study::getMainPlanningBase() should return string|null but returns int<min, -1>|int<1, max>|null.  
         🪪  return.type                                                                                                                        
  290    Method App\Models\FinancialPlanning\Study::getSubPlanningBase() should return string|null but returns int<min, -1>|int<1, max>|null.   
         🪪  return.type                                                                                                                        
 ------ --------------------------------------------------------------------------------------------------------------------------------------- 

 ------ --------------------------------------------------------------------------------------------------------------------------------------------- 
  Line   app/Models/InterestRevenueAccount.php                                                                                                        
 ------ --------------------------------------------------------------------------------------------------------------------------------------------- 
  34     Call to function is_null() with int will always evaluate to false.                                                                           
         🪪  function.impossibleType                                                                                                                  
         💡  Because the type is coming from a PHPDoc, you can turn off this check by setting treatPhpDocTypesAsCertain: false in your phpstan.neon.  
  35     Call to an undefined method App\Models\InterestRevenueAccount::getName().                                                                    
         🪪  method.notFound                                                                                                                          
 ------ --------------------------------------------------------------------------------------------------------------------------------------------- 

 ------ ------------------------------------------------------------------------------------------------------- 
  Line   app/Models/InternalMoneyTransfer.php                                                                   
 ------ ------------------------------------------------------------------------------------------------------- 
  161    Access to an undefined property App\Models\InternalMoneyTransfer::$is_credit.                          
         🪪  property.notFound                                                                                  
         💡  Learn more: https://phpstan.org/blog/solving-phpstan-access-to-undefined-property                  
  165    Access to an undefined property App\Models\InternalMoneyTransfer::$is_debit.                           
         🪪  property.notFound                                                                                  
         💡  Learn more: https://phpstan.org/blog/solving-phpstan-access-to-undefined-property                  
  389    Left side of && is always true.                                                                        
         🪪  booleanAnd.leftAlwaysTrue                                                                          
  393    Variable $fromCleanOverdraft in PHPDoc tag @var does not match assigned variable $fromCurrentAccount.  
         🪪  varTag.differentVariable                                                                           
  408    Left side of && is always true.                                                                        
         🪪  booleanAnd.leftAlwaysTrue                                                                          
  425    Left side of && is always true.                                                                        
         🪪  booleanAnd.leftAlwaysTrue                                                                          
  443    Left side of && is always true.                                                                        
         🪪  booleanAnd.leftAlwaysTrue                                                                          
  461    Left side of && is always true.                                                                        
         🪪  booleanAnd.leftAlwaysTrue                                                                          
 ------ ------------------------------------------------------------------------------------------------------- 

 ------ ------------------------------------------------------------------------------------------------------------------------------------------------------------------------------------------ 
  Line   app/Models/LabelingItem.php                                                                                                                                                               
 ------ ------------------------------------------------------------------------------------------------------------------------------------------------------------------------------------------ 
  34     PHPDoc tag @property has invalid value (string|null $17): Unexpected token "$17", expected variable at offset 708 on line 23                                                              
         🪪  phpDoc.parseError                                                                                                                                                                     
  40     PHPDoc tag @property has invalid value (string|null $14): Unexpected token "$14", expected variable at offset 942 on line 29                                                              
         🪪  phpDoc.parseError                                                                                                                                                                     
  41     PHPDoc tag @property has invalid value (string|null $21): Unexpected token "$21", expected variable at offset 971 on line 30                                                              
         🪪  phpDoc.parseError                                                                                                                                                                     
  42     PHPDoc tag @property has invalid value (string|null $28): Unexpected token "$28", expected variable at offset 1000 on line 31                                                             
         🪪  phpDoc.parseError                                                                                                                                                                     
  47     PHPDoc tag @property has invalid value (string|null $27): Unexpected token "$27", expected variable at offset 1178 on line 36                                                             
         🪪  phpDoc.parseError                                                                                                                                                                     
  103    PHPDoc tag @method has invalid value (static \Illuminate\Database\Eloquent\Builder<static>|\App\Models\LabelingItem whereCodeName&Nuber($value)): Unexpected token "&", expected '(' at   
         offset 4951 on line 92                                                                                                                                                                    
         🪪  phpDoc.parseError                                                                                                                                                                     
  126    PHPDoc tag @method has invalid value (static \Illuminate\Database\Eloquent\Builder<static>|\App\Models\LabelingItem whereName&partNumber($value)): Unexpected token "&", expected '(' at  
          offset 7557 on line 115                                                                                                                                                                  
         🪪  phpDoc.parseError                                                                                                                                                                     
  129    PHPDoc tag @method has invalid value (static \Illuminate\Database\Eloquent\Builder<static>|\App\Models\LabelingItem whereNameCode&partNumber($value)): Unexpected token "&", expected '(  
         ' at offset 7910 on line 118                                                                                                                                                              
         🪪  phpDoc.parseError                                                                                                                                                                     
  149    PHPDoc tag @method has invalid value (static \Illuminate\Database\Eloquent\Builder<static>|\App\Models\LabelingItem whereCodeName&Nuber($value)): Unexpected token "&", expected '(' at   
         offset 10119 on line 138                                                                                                                                                                  
         🪪  phpDoc.parseError                                                                                                                                                                     
  150    PHPDoc tag @method has invalid value (static \Illuminate\Database\Eloquent\Builder<static>|\App\Models\LabelingItem whereName&partNumber($value)): Unexpected token "&", expected '(' at  
          offset 10232 on line 139                                                                                                                                                                 
         🪪  phpDoc.parseError                                                                                                                                                                     
  151    PHPDoc tag @method has invalid value (static \Illuminate\Database\Eloquent\Builder<static>|\App\Models\LabelingItem whereNameCode&partNumber($value)): Unexpected token "&", expected '(  
         ' at offset 10354 on line 140                                                                                                                                                             
         🪪  phpDoc.parseError                                                                                                                                                                     
  152    PHPDoc tag @method has invalid value (static \Illuminate\Database\Eloquent\Builder<static>|\App\Models\LabelingItem whereCodeName&Nuber($value)): Unexpected token "&", expected '(' at   
         offset 10476 on line 141                                                                                                                                                                  
         🪪  phpDoc.parseError                                                                                                                                                                     
  153    PHPDoc tag @method has invalid value (static \Illuminate\Database\Eloquent\Builder<static>|\App\Models\LabelingItem whereName&partNumber($value)): Unexpected token "&", expected '(' at  
          offset 10589 on line 142                                                                                                                                                                 
         🪪  phpDoc.parseError                                                                                                                                                                     
  154    PHPDoc tag @method has invalid value (static \Illuminate\Database\Eloquent\Builder<static>|\App\Models\LabelingItem whereNameCode&partNumber($value)): Unexpected token "&", expected '(  
         ' at offset 10711 on line 143                                                                                                                                                             
         🪪  phpDoc.parseError                                                                                                                                                                     
  155    PHPDoc tag @method has invalid value (static \Illuminate\Database\Eloquent\Builder<static>|\App\Models\LabelingItem whereCodeName&Nuber($value)): Unexpected token "&", expected '(' at   
         offset 10833 on line 144                                                                                                                                                                  
         🪪  phpDoc.parseError                                                                                                                                                                     
  156    PHPDoc tag @method has invalid value (static \Illuminate\Database\Eloquent\Builder<static>|\App\Models\LabelingItem whereName&partNumber($value)): Unexpected token "&", expected '(' at  
          offset 10946 on line 145                                                                                                                                                                 
         🪪  phpDoc.parseError                                                                                                                                                                     
  157    PHPDoc tag @method has invalid value (static \Illuminate\Database\Eloquent\Builder<static>|\App\Models\LabelingItem whereNameCode&partNumber($value)): Unexpected token "&", expected '(  
         ' at offset 11068 on line 146                                                                                                                                                             
         🪪  phpDoc.parseError                                                                                                                                                                     
  158    PHPDoc tag @method has invalid value (static \Illuminate\Database\Eloquent\Builder<static>|\App\Models\LabelingItem whereCodeName&Nuber($value)): Unexpected token "&", expected '(' at   
         offset 11190 on line 147                                                                                                                                                                  
         🪪  phpDoc.parseError                                                                                                                                                                     
  159    PHPDoc tag @method has invalid value (static \Illuminate\Database\Eloquent\Builder<static>|\App\Models\LabelingItem whereName&partNumber($value)): Unexpected token "&", expected '(' at  
          offset 11303 on line 148                                                                                                                                                                 
         🪪  phpDoc.parseError                                                                                                                                                                     
  160    PHPDoc tag @method has invalid value (static \Illuminate\Database\Eloquent\Builder<static>|\App\Models\LabelingItem whereNameCode&partNumber($value)): Unexpected token "&", expected '(  
         ' at offset 11425 on line 149                                                                                                                                                             
         🪪  phpDoc.parseError                                                                                                                                                                     
  161    PHPDoc tag @method has invalid value (static \Illuminate\Database\Eloquent\Builder<static>|\App\Models\LabelingItem whereCodeName&Nuber($value)): Unexpected token "&", expected '(' at   
         offset 11547 on line 150                                                                                                                                                                  
         🪪  phpDoc.parseError                                                                                                                                                                     
  162    PHPDoc tag @method has invalid value (static \Illuminate\Database\Eloquent\Builder<static>|\App\Models\LabelingItem whereName&partNumber($value)): Unexpected token "&", expected '(' at  
          offset 11660 on line 151                                                                                                                                                                 
         🪪  phpDoc.parseError                                                                                                                                                                     
  163    PHPDoc tag @method has invalid value (static \Illuminate\Database\Eloquent\Builder<static>|\App\Models\LabelingItem whereNameCode&partNumber($value)): Unexpected token "&", expected '(  
         ' at offset 11782 on line 152                                                                                                                                                             
         🪪  phpDoc.parseError                                                                                                                                                                     
  164    PHPDoc tag @method has invalid value (static \Illuminate\Database\Eloquent\Builder<static>|\App\Models\LabelingItem whereCodeName&Nuber($value)): Unexpected token "&", expected '(' at   
         offset 11904 on line 153                                                                                                                                                                  
         🪪  phpDoc.parseError                                                                                                                                                                     
  165    PHPDoc tag @method has invalid value (static \Illuminate\Database\Eloquent\Builder<static>|\App\Models\LabelingItem whereName&partNumber($value)): Unexpected token "&", expected '(' at  
          offset 12017 on line 154                                                                                                                                                                 
         🪪  phpDoc.parseError                                                                                                                                                                     
  166    PHPDoc tag @method has invalid value (static \Illuminate\Database\Eloquent\Builder<static>|\App\Models\LabelingItem whereNameCode&partNumber($value)): Unexpected token "&", expected '(  
         ' at offset 12139 on line 155                                                                                                                                                             
         🪪  phpDoc.parseError                                                                                                                                                                     
  167    PHPDoc tag @method has invalid value (static \Illuminate\Database\Eloquent\Builder<static>|\App\Models\LabelingItem whereCodeName&Nuber($value)): Unexpected token "&", expected '(' at   
         offset 12261 on line 156                                                                                                                                                                  
         🪪  phpDoc.parseError                                                                                                                                                                     
  168    PHPDoc tag @method has invalid value (static \Illuminate\Database\Eloquent\Builder<static>|\App\Models\LabelingItem whereName&partNumber($value)): Unexpected token "&", expected '(' at  
          offset 12374 on line 157                                                                                                                                                                 
         🪪  phpDoc.parseError                                                                                                                                                                     
  169    PHPDoc tag @method has invalid value (static \Illuminate\Database\Eloquent\Builder<static>|\App\Models\LabelingItem whereNameCode&partNumber($value)): Unexpected token "&", expected '(  
         ' at offset 12496 on line 158                                                                                                                                                             
         🪪  phpDoc.parseError                                                                                                                                                                     
  282    Access to an undefined property App\Models\LabelingItem::$Code.                                                                                                                           
         🪪  property.notFound                                                                                                                                                                     
         💡  Learn more: https://phpstan.org/blog/solving-phpstan-access-to-undefined-property                                                                                                     
  298    Access to an undefined property App\Models\LabelingItem::$Code.                                                                                                                           
         🪪  property.notFound                                                                                                                                                                     
         💡  Learn more: https://phpstan.org/blog/solving-phpstan-access-to-undefined-property                                                                                                     
 ------ ------------------------------------------------------------------------------------------------------------------------------------------------------------------------------------------ 

 ------ ------------------------------------------------------------------------------------------------------- 
  Line   app/Models/LcSettlementInternalMoneyTransfer.php                                                       
 ------ ------------------------------------------------------------------------------------------------------- 
  105    Access to an undefined property App\Models\LcSettlementInternalMoneyTransfer::$is_credit.              
         🪪  property.notFound                                                                                  
         💡  Learn more: https://phpstan.org/blog/solving-phpstan-access-to-undefined-property                  
  109    Access to an undefined property App\Models\LcSettlementInternalMoneyTransfer::$is_debit.               
         🪪  property.notFound                                                                                  
         💡  Learn more: https://phpstan.org/blog/solving-phpstan-access-to-undefined-property                  
  221    Access to an undefined property App\Models\LcSettlementInternalMoneyTransfer::$cheque_number.          
         🪪  property.notFound                                                                                  
         💡  Learn more: https://phpstan.org/blog/solving-phpstan-access-to-undefined-property                  
  248    Left side of && is always true.                                                                        
         🪪  booleanAnd.leftAlwaysTrue                                                                          
  252    Variable $fromCleanOverdraft in PHPDoc tag @var does not match assigned variable $fromCurrentAccount.  
         🪪  varTag.differentVariable                                                                           
 ------ ------------------------------------------------------------------------------------------------------- 

 ------ ------------------------------------------------------------------------------------------------- 
  Line   app/Models/LendingInformation.php                                                                
 ------ ------------------------------------------------------------------------------------------------- 
  40     Access to an undefined property App\Models\LendingInformation::$customer_id.                     
         🪪  property.notFound                                                                            
         💡  Learn more: https://phpstan.org/blog/solving-phpstan-access-to-undefined-property            
  44     Access to an undefined property App\Models\LendingInformation::$account_number.                  
         🪪  property.notFound                                                                            
         💡  Learn more: https://phpstan.org/blog/solving-phpstan-access-to-undefined-property            
  48     Access to an undefined property App\Models\LendingInformation::$to_be_setteled_max_within_days.  
         🪪  property.notFound                                                                            
         💡  Learn more: https://phpstan.org/blog/solving-phpstan-access-to-undefined-property            
  52     Access to an undefined property App\Models\LendingInformation::$max_lending_limit_per_customer.  
         🪪  property.notFound                                                                            
         💡  Learn more: https://phpstan.org/blog/solving-phpstan-access-to-undefined-property            
 ------ ------------------------------------------------------------------------------------------------- 

 ------ ---------------------------------------------------------------------------------------------------------- 
  Line   app/Models/LetterOfCreditIssuance.php                                                                     
 ------ ---------------------------------------------------------------------------------------------------------- 
  212    Access to an undefined property App\Models\LetterOfCreditIssuance::$lc_fees_and_commission_account_type.  
         🪪  property.notFound                                                                                     
         💡  Learn more: https://phpstan.org/blog/solving-phpstan-access-to-undefined-property                     
  487    Access to an undefined property App\Models\LetterOfCreditIssuance::$cd_or_td_currency.                    
         🪪  property.notFound                                                                                     
         💡  Learn more: https://phpstan.org/blog/solving-phpstan-access-to-undefined-property                     
  528    Access to an undefined property App\Models\LetterOfCreditIssuance::$interest_rate.                        
         🪪  property.notFound                                                                                     
         💡  Learn more: https://phpstan.org/blog/solving-phpstan-access-to-undefined-property                     
 ------ ---------------------------------------------------------------------------------------------------------- 

 ------ ------------------------------------------------------------------------------------------------------- 
  Line   app/Models/LetterOfGuaranteeIssuance.php                                                               
 ------ ------------------------------------------------------------------------------------------------------- 
  356    Call to an undefined method App\Models\SalesOrder::getName().                                          
         🪪  method.notFound                                                                                    
  620    Access to an undefined property App\Models\LetterOfGuaranteeIssuance::$renewal_fees_journal_entry_id.  
         🪪  property.notFound                                                                                  
         💡  Learn more: https://phpstan.org/blog/solving-phpstan-access-to-undefined-property                  
  634    Variable $odooLetterOfGuaranteeIssuance might not be defined.                                          
         🪪  variable.undefined                                                                                 
 ------ ------------------------------------------------------------------------------------------------------- 

 ------ ------------------------------------------------------------------------------------------------ 
  Line   app/Models/MediumTermLoan.php                                                                   
 ------ ------------------------------------------------------------------------------------------------ 
  212    Call to an undefined method Illuminate\Database\Eloquent\Model::getSchedulePaymentFormatted().  
         🪪  method.notFound                                                                             
  213    Call to an undefined method Illuminate\Database\Eloquent\Model::getDateFormatted().             
         🪪  method.notFound                                                                             
 ------ ------------------------------------------------------------------------------------------------ 

 ------ --------------------------------------------------------------------------------------------------------------------------------------------- 
  Line   app/Models/MoneyPayment.php                                                                                                                  
 ------ --------------------------------------------------------------------------------------------------------------------------------------------- 
  459    Ternary operator condition is always true.                                                                                                   
         🪪  ternary.alwaysTrue                                                                                                                       
         💡  Because the type is coming from a PHPDoc, you can turn off this check by setting treatPhpDocTypesAsCertain: false in your phpstan.neon.  
  467    Ternary operator condition is always true.                                                                                                   
         🪪  ternary.alwaysTrue                                                                                                                       
         💡  Because the type is coming from a PHPDoc, you can turn off this check by setting treatPhpDocTypesAsCertain: false in your phpstan.neon.  
  584    Ternary operator condition is always true.                                                                                                   
         🪪  ternary.alwaysTrue                                                                                                                       
         💡  Because the type is coming from a PHPDoc, you can turn off this check by setting treatPhpDocTypesAsCertain: false in your phpstan.neon.  
  1050   Call to an undefined method App\Models\MoneyPayment::getTransactionType().                                                                   
         🪪  method.notFound                                                                                                                          
 ------ --------------------------------------------------------------------------------------------------------------------------------------------- 

 ------ ---------------------------------------------------------------------------------------------------------------------------------------------------------------------------------- 
  Line   app/Models/MoneyReceived.php                                                                                                                                                      
 ------ ---------------------------------------------------------------------------------------------------------------------------------------------------------------------------------- 
  314    Left side of && is always false.                                                                                                                                                  
         🪪  booleanAnd.leftAlwaysFalse                                                                                                                                                    
  317    Left side of && is always false.                                                                                                                                                  
         🪪  booleanAnd.leftAlwaysFalse                                                                                                                                                    
  320    Left side of && is always false.                                                                                                                                                  
         🪪  booleanAnd.leftAlwaysFalse                                                                                                                                                    
  581    Method App\Models\MoneyReceived::cashInBankReceivingBank() should return App\Models\FinancialInstitution|null but returns Illuminate\Database\Eloquent\Relations\BelongsTo|null.  
         🪪  return.type                                                                                                                                                                   
  1014   Access to an undefined property App\Models\MoneyReceived::$overdraftDebitBankStatement.                                                                                           
         🪪  property.notFound                                                                                                                                                             
         💡  Learn more: https://phpstan.org/blog/solving-phpstan-access-to-undefined-property                                                                                             
  1084   Call to an undefined method Illuminate\Database\Query\Builder::on().                                                                                                              
         🪪  method.notFound                                                                                                                                                               
  1262   Call to an undefined method App\Models\MoneyReceived::getTransactionType().                                                                                                       
         🪪  method.notFound                                                                                                                                                               
 ------ ---------------------------------------------------------------------------------------------------------------------------------------------------------------------------------- 

 ------ ------------------------------------------------------------------------------------------------------------------------------------ 
  Line   app/Models/NonBankingService/CashAndBankOpeningBalance.php                                                                          
 ------ ------------------------------------------------------------------------------------------------------------------------------------ 
  242    Access to an undefined property App\Models\NonBankingService\CashAndBankOpeningBalance::$interest_corridor_changes.                 
         🪪  property.notFound                                                                                                               
         💡  Learn more: https://phpstan.org/blog/solving-phpstan-access-to-undefined-property                                               
  250    Access to an undefined property App\Models\NonBankingService\CashAndBankOpeningBalance::$non_performing_interest_corridor_changes.  
         🪪  property.notFound                                                                                                               
         💡  Learn more: https://phpstan.org/blog/solving-phpstan-access-to-undefined-property                                               
 ------ ------------------------------------------------------------------------------------------------------------------------------------ 

 ------ ------------------------------------------------------------------------------------------------------------------- 
  Line   app/Models/NonBankingService/ConsumerfinanceProductSalesProject.php                                                
 ------ ------------------------------------------------------------------------------------------------------------------- 
  77     Access to an undefined property App\Models\NonBankingService\ConsumerfinanceProductSalesProject::$increase_rates.  
         🪪  property.notFound                                                                                              
         💡  Learn more: https://phpstan.org/blog/solving-phpstan-access-to-undefined-property                              
 ------ ------------------------------------------------------------------------------------------------------------------- 

 ------ ----------------------------------------------------------------------------- 
  Line   app/Models/NonBankingService/DirectFactoringRevenueProjectionByCategory.php  
 ------ ----------------------------------------------------------------------------- 
  43     Ternary operator condition is always true.                                   
         🪪  ternary.alwaysTrue                                                       
 ------ ----------------------------------------------------------------------------- 

 ------ ---------------------------------------------------------------------------------------------------- 
  Line   app/Models/NonBankingService/FixedAsset.php                                                         
 ------ ---------------------------------------------------------------------------------------------------- 
  128    Access to an undefined property App\Models\NonBankingService\FixedAsset::$model_name.               
         🪪  property.notFound                                                                               
         💡  Learn more: https://phpstan.org/blog/solving-phpstan-access-to-undefined-property               
  338    Offset mixed on non-empty-array<(float|int)> on left side of ?? always exists and is not nullable.  
         🪪  nullCoalesce.offset                                                                             
  402    Variable $study in PHPDoc tag @var does not match assigned variable $itemCost.                      
         🪪  varTag.differentVariable                                                                        
  431    Access to an undefined property App\Models\NonBankingService\FixedAsset::$amount.                   
         🪪  property.notFound                                                                               
         💡  Learn more: https://phpstan.org/blog/solving-phpstan-access-to-undefined-property               
  442    Access to an undefined property App\Models\NonBankingService\FixedAsset::$start_date.               
         🪪  property.notFound                                                                               
         💡  Learn more: https://phpstan.org/blog/solving-phpstan-access-to-undefined-property               
  447    Access to an undefined property App\Models\NonBankingService\FixedAsset::$end_date.                 
         🪪  property.notFound                                                                               
         💡  Learn more: https://phpstan.org/blog/solving-phpstan-access-to-undefined-property               
 ------ ---------------------------------------------------------------------------------------------------- 

 ------ ----------------------------------------------------------------------------------------------------- 
  Line   app/Models/NonBankingService/FixedAssetStatement.php                                                 
 ------ ----------------------------------------------------------------------------------------------------- 
  37     Access to an undefined property App\Models\NonBankingService\FixedAssetStatement::$monthly_amounts.  
         🪪  property.notFound                                                                                
         💡  Learn more: https://phpstan.org/blog/solving-phpstan-access-to-undefined-property                
 ------ ----------------------------------------------------------------------------------------------------- 

 ------ ------------------------------------------------------------------------------------------------------------------ 
  Line   app/Models/NonBankingService/IjaraMortgageRevenueProjectionByCategory.php                                         
 ------ ------------------------------------------------------------------------------------------------------------------ 
  44     Access to an undefined property App\Models\NonBankingService\Study::$ijaraMortgageEclAndNewPortfolioFundingRate.  
         🪪  property.notFound                                                                                             
         💡  Learn more: https://phpstan.org/blog/solving-phpstan-access-to-undefined-property                             
  44     Ternary operator condition is always true.                                                                        
         🪪  ternary.alwaysTrue                                                                                            
 ------ ------------------------------------------------------------------------------------------------------------------ 

 ------ --------------------------------------------------------------------------------------------------------------------------------------------- 
  Line   app/Models/NonBankingService/LeaseRentLiabilityOpeningBalance.php                                                                            
 ------ --------------------------------------------------------------------------------------------------------------------------------------------- 
  82     Call to function is_null() with float|int|numeric-string will always evaluate to false.                                                      
         🪪  function.impossibleType                                                                                                                  
         💡  Because the type is coming from a PHPDoc, you can turn off this check by setting treatPhpDocTypesAsCertain: false in your phpstan.neon.  
 ------ --------------------------------------------------------------------------------------------------------------------------------------------- 

 ------ --------------------------------------------------------------------------------------------------------------------------------------------- 
  Line   app/Models/NonBankingService/NewBranchMicrofinanceOpeningProjection.php                                                                      
 ------ --------------------------------------------------------------------------------------------------------------------------------------------- 
  60     Call to function is_numeric() with int will always evaluate to true.                                                                         
         🪪  function.alreadyNarrowedType                                                                                                             
         💡  Because the type is coming from a PHPDoc, you can turn off this check by setting treatPhpDocTypesAsCertain: false in your phpstan.neon.  
  65     Call to function is_numeric() with int will always evaluate to true.                                                                         
         🪪  function.alreadyNarrowedType                                                                                                             
         💡  Because the type is coming from a PHPDoc, you can turn off this check by setting treatPhpDocTypesAsCertain: false in your phpstan.neon.  
  84     Call to function is_null() with string will always evaluate to false.                                                                        
         🪪  function.impossibleType                                                                                                                  
  110    Call to function is_null() with string will always evaluate to false.                                                                        
         🪪  function.impossibleType                                                                                                                  
 ------ --------------------------------------------------------------------------------------------------------------------------------------------- 

 ------ --------------------------------------------------------------------------------------------------------------------------------------------- 
  Line   app/Models/NonBankingService/Securitization.php                                                                                              
 ------ --------------------------------------------------------------------------------------------------------------------------------------------- 
  66     Call to function is_null() with int will always evaluate to false.                                                                           
         🪪  function.impossibleType                                                                                                                  
         💡  Because the type is coming from a PHPDoc, you can turn off this check by setting treatPhpDocTypesAsCertain: false in your phpstan.neon.  
  70     Negated boolean expression is always false.                                                                                                  
         🪪  booleanNot.alwaysFalse                                                                                                                   
         💡  Because the type is coming from a PHPDoc, you can turn off this check by setting treatPhpDocTypesAsCertain: false in your phpstan.neon.  
  102    Call to function is_null() with int will always evaluate to false.                                                                           
         🪪  function.impossibleType                                                                                                                  
         💡  Because the type is coming from a PHPDoc, you can turn off this check by setting treatPhpDocTypesAsCertain: false in your phpstan.neon.  
  120    Call to function is_null() with int will always evaluate to false.                                                                           
         🪪  function.impossibleType                                                                                                                  
         💡  Because the type is coming from a PHPDoc, you can turn off this check by setting treatPhpDocTypesAsCertain: false in your phpstan.neon.  
 ------ --------------------------------------------------------------------------------------------------------------------------------------------- 

 ------ ------------------------------------------------------------------------------------------------------------------------------------------------------------------------------------------ 
  Line   app/Models/NonBankingService/Study.php                                                                                                                                                    
 ------ ------------------------------------------------------------------------------------------------------------------------------------------------------------------------------------------ 
  332    Access to an undefined property App\Models\NonBankingService\Study::$property_status.                                                                                                     
         🪪  property.notFound                                                                                                                                                                     
         💡  Learn more: https://phpstan.org/blog/solving-phpstan-access-to-undefined-property                                                                                                     
  400    Binary operation "-" between string and string|null results in an error.                                                                                                                  
         🪪  binaryOp.invalid                                                                                                                                                                      
  1366   Left side of && is always true.                                                                                                                                                           
         🪪  booleanAnd.leftAlwaysTrue                                                                                                                                                             
         💡  Because the type is coming from a PHPDoc, you can turn off this check by setting treatPhpDocTypesAsCertain: false in your phpstan.neon.                                               
  1366   Right side of && is always true.                                                                                                                                                          
         🪪  booleanAnd.rightAlwaysTrue                                                                                                                                                            
         💡  Because the type is coming from a PHPDoc, you can turn off this check by setting treatPhpDocTypesAsCertain: false in your phpstan.neon.                                               
  1926   Access to an undefined property App\Models\NonBankingService\IncomeStatementReport::$consumer-finance_bank_interest.                                                                      
         🪪  property.notFound                                                                                                                                                                     
         💡  Learn more: https://phpstan.org/blog/solving-phpstan-access-to-undefined-property                                                                                                     
  1926   Access to an undefined property App\Models\NonBankingService\IncomeStatementReport::$direct-factoring_bank_interest.                                                                      
         🪪  property.notFound                                                                                                                                                                     
         💡  Learn more: https://phpstan.org/blog/solving-phpstan-access-to-undefined-property                                                                                                     
  1926   Access to an undefined property App\Models\NonBankingService\IncomeStatementReport::$portfolio-mortgage_bank_interest.                                                                    
         🪪  property.notFound                                                                                                                                                                     
         💡  Learn more: https://phpstan.org/blog/solving-phpstan-access-to-undefined-property                                                                                                     
  1926   Access to an undefined property App\Models\NonBankingService\IncomeStatementReport::$reverse-factoring_bank_interest.                                                                     
         🪪  property.notFound                                                                                                                                                                     
         💡  Learn more: https://phpstan.org/blog/solving-phpstan-access-to-undefined-property                                                                                                     
  2019   Expression on left side of ?? is not nullable.                                                                                                                                            
         🪪  nullCoalesce.expr                                                                                                                                                                     
  2184   Offset 'extra_capital…' on array{cash_in_beginning: non-empty-array<float|int|null>, total_cash_in_before_oda_and_capital_injection: non-empty-array<(float|int)>, total_cash_out_before  
         _oda_and_capital_injection: non-empty-array<(float|int)>, net_cash_before_oda_and_capital_injection: non-empty-array<(float|int)>, oda_statements: array{oda_opening_balances:            
         non-empty-array<(float|int)>, oda_withdrawals: non-empty-array<mixed>, settlements: non-empty-array<(float|int)>, total_dues: non-empty-array<(float|int)>, oda_interests: non-empty-arr  
         ay<(float|int)>, extra_odas_withdrawal: non-empty-array<(float|int)>, end_balance: non-empty-array<(float|int)>}, net_cash_after_oda_and_capital_injection:                               
         non-empty-array<(float|int)>, interest_cash_surplus: non-empty-array<(float|int)>, before_settlements: non-empty-array<(float|int)>, ...} on left side of ?? always exists and is not     
         nullable.                                                                                                                                                                                 
         🪪  nullCoalesce.offset                                                                                                                                                                   
  2185   Offset 'cash_end_balance' on array{cash_in_beginning: non-empty-array<float|int|null>, total_cash_in_before_oda_and_capital_injection: non-empty-array<(float|int)>, total_cash_out_befo  
         re_oda_and_capital_injection: non-empty-array<(float|int)>, net_cash_before_oda_and_capital_injection: non-empty-array<(float|int)>, oda_statements: array{oda_opening_balances:          
         non-empty-array<(float|int)>, oda_withdrawals: non-empty-array<mixed>, settlements: non-empty-array<(float|int)>, total_dues: non-empty-array<(float|int)>, oda_interests: non-empty-arr  
         ay<(float|int)>, extra_odas_withdrawal: non-empty-array<(float|int)>, end_balance: non-empty-array<(float|int)>}, net_cash_after_oda_and_capital_injection:                               
         non-empty-array<(float|int)>, interest_cash_surplus: non-empty-array<(float|int)>, before_settlements: non-empty-array<(float|int)>, ...} on left side of ?? always exists and is not     
         nullable.                                                                                                                                                                                 
         🪪  nullCoalesce.offset                                                                                                                                                                   
  2186   Offset 'cash_in_beginning' on array{cash_in_beginning: non-empty-array<float|int|null>, total_cash_in_before_oda_and_capital_injection: non-empty-array<(float|int)>, total_cash_out_bef  
         ore_oda_and_capital_injection: non-empty-array<(float|int)>, net_cash_before_oda_and_capital_injection: non-empty-array<(float|int)>, oda_statements: array{oda_opening_balances:         
         non-empty-array<(float|int)>, oda_withdrawals: non-empty-array<mixed>, settlements: non-empty-array<(float|int)>, total_dues: non-empty-array<(float|int)>, oda_interests: non-empty-arr  
         ay<(float|int)>, extra_odas_withdrawal: non-empty-array<(float|int)>, end_balance: non-empty-array<(float|int)>}, net_cash_after_oda_and_capital_injection:                               
         non-empty-array<(float|int)>, interest_cash_surplus: non-empty-array<(float|int)>, before_settlements: non-empty-array<(float|int)>, ...} on left side of ?? always exists and is not     
         nullable.                                                                                                                                                                                 
         🪪  nullCoalesce.offset                                                                                                                                                                   
  2187   Offset 'net_cash_before…' on array{cash_in_beginning: non-empty-array<float|int|null>, total_cash_in_before_oda_and_capital_injection: non-empty-array<(float|int)>, total_cash_out_befo  
         re_oda_and_capital_injection: non-empty-array<(float|int)>, net_cash_before_oda_and_capital_injection: non-empty-array<(float|int)>, oda_statements: array{oda_opening_balances:          
         non-empty-array<(float|int)>, oda_withdrawals: non-empty-array<mixed>, settlements: non-empty-array<(float|int)>, total_dues: non-empty-array<(float|int)>, oda_interests: non-empty-arr  
         ay<(float|int)>, extra_odas_withdrawal: non-empty-array<(float|int)>, end_balance: non-empty-array<(float|int)>}, net_cash_after_oda_and_capital_injection:                               
         non-empty-array<(float|int)>, interest_cash_surplus: non-empty-array<(float|int)>, before_settlements: non-empty-array<(float|int)>, ...} on left side of ?? always exists and is not     
         nullable.                                                                                                                                                                                 
         🪪  nullCoalesce.offset                                                                                                                                                                   
  2326   Method App\ReadyFunctions\CalculateVariableLoanAtEndService::__calculate() invoked with 17 parameters, 10-16 required.                                                                    
         🪪  arguments.count                                                                                                                                                                       
  2359   Right side of && is always true.                                                                                                                                                          
         🪪  booleanAnd.rightAlwaysTrue                                                                                                                                                            
         💡  Because the type is coming from a PHPDoc, you can turn off this check by setting treatPhpDocTypesAsCertain: false in your phpstan.neon.                                               
  2369   Method App\ReadyFunctions\CalculateVariableLoanAtEndService::__calculate() invoked with 17 parameters, 10-16 required.                                                                    
         🪪  arguments.count                                                                                                                                                                       
  2729   Binary operation "-" between int and string results in an error.                                                                                                                          
         🪪  binaryOp.invalid                                                                                                                                                                      
  2797   Invalid array key type float.                                                                                                                                                             
         🪪  offsetAccess.invalidOffset                                                                                                                                                            
  2814   Variable $interestRevenues might not be defined.                                                                                                                                          
         🪪  variable.undefined                                                                                                                                                                    
  2827   Invalid array key type float.                                                                                                                                                             
         🪪  offsetAccess.invalidOffset                                                                                                                                                            
  2888   Offset 'total_dues' on array{beginning_balance: non-empty-array<(float|int)>, loan_amounts: non-empty-array<(float|int)>, loan_settlements: non-empty-array<int, (float|int)>, interest_  
         expense_payments: non-empty-array<(float|int)>, interest_expense: non-empty-array<(float|int)>, end_balance: non-empty-array<(float|int)>} on left side of ?? does not exist.             
         🪪  nullCoalesce.offset                                                                                                                                                                   
  2945   Ternary operator condition is always true.                                                                                                                                                
         🪪  ternary.alwaysTrue                                                                                                                                                                    
         💡  Because the type is coming from a PHPDoc, you can turn off this check by setting treatPhpDocTypesAsCertain: false in your phpstan.neon.                                               
  3025   Access to an undefined property App\Models\NonBankingService\Study::$microfinance_branches_count.                                                                                         
         🪪  property.notFound                                                                                                                                                                     
         💡  Learn more: https://phpstan.org/blog/solving-phpstan-access-to-undefined-property                                                                                                     
  3545   Access to an undefined property App\Models\NonBankingService\Study::$products.                                                                                                            
         🪪  property.notFound                                                                                                                                                                     
         💡  Learn more: https://phpstan.org/blog/solving-phpstan-access-to-undefined-property                                                                                                     
  3642   Call to function is_null() with int will always evaluate to false.                                                                                                                        
         🪪  function.impossibleType                                                                                                                                                               
  3941   Right side of && is always true.                                                                                                                                                          
         🪪  booleanAnd.rightAlwaysTrue                                                                                                                                                            
         💡  Because the type is coming from a PHPDoc, you can turn off this check by setting treatPhpDocTypesAsCertain: false in your phpstan.neon.                                               
  3965   Variable $id might not be defined.                                                                                                                                                        
         🪪  variable.undefined                                                                                                                                                                    
  3966   Variable $id might not be defined.                                                                                                                                                        
         🪪  variable.undefined                                                                                                                                                                    
  3967   Variable $id might not be defined.                                                                                                                                                        
         🪪  variable.undefined                                                                                                                                                                    
  4162   Right side of && is always true.                                                                                                                                                          
         🪪  booleanAnd.rightAlwaysTrue                                                                                                                                                            
         💡  Because the type is coming from a PHPDoc, you can turn off this check by setting treatPhpDocTypesAsCertain: false in your phpstan.neon.                                               
  4213   Offset 'sub_items' on array{main_items: array{cash-out-flow: array{options: array{title: (array|string), number-format-decimals: 0, is-percentage: false, classes: 'repeater-with…',      
         formatted-input-classes: 'custom-input…'}}}, sub_items: non-empty-array<array{data: mixed, options: array{title: (array|string), number-format-decimals: 0, is-percentage: false, classe  
         s: 'repeater-with…', formatted-input-classes: 'custom-input…'}, year_total: array}>} on left side of ?? always exists and is not nullable.                                                
         🪪  nullCoalesce.offset                                                                                                                                                                   
  4360   Variable $cashEndBalance on left side of ?? is never defined.                                                                                                                             
         🪪  nullCoalesce.variable                                                                                                                                                                 
  4362   Variable $workingCapitalInjection on left side of ?? is never defined.                                                                                                                    
         🪪  nullCoalesce.variable                                                                                                                                                                 
  4455   Ternary operator condition is always true.                                                                                                                                                
         🪪  ternary.alwaysTrue                                                                                                                                                                    
         💡  Because the type is coming from a PHPDoc, you can turn off this check by setting treatPhpDocTypesAsCertain: false in your phpstan.neon.                                               
  4900   Variable $totalCorporateTaxes on left side of ?? is never defined.                                                                                                                        
         🪪  nullCoalesce.variable                                                                                                                                                                 
  5006   Expression on left side of ?? is not nullable.                                                                                                                                            
         🪪  nullCoalesce.expr                                                                                                                                                                     
  5033   Expression on left side of ?? is not nullable.                                                                                                                                            
         🪪  nullCoalesce.expr                                                                                                                                                                     
  5550   Anonymous function has an unused use $monthlyAmountsAndContractsPerProductIds.                                                                                                            
         🪪  closure.unusedUse                                                                                                                                                                     
  5817   Loose comparison using == between 'fixed_monthly…' and 'fixed_monthly…' will always evaluate to true.                                                                                     
         🪪  equal.alwaysTrue                                                                                                                                                                      
  5837   If condition is always true.                                                                                                                                                              
         🪪  if.alwaysTrue                                                                                                                                                                         
  6427   Method App\Models\NonBankingService\Study::hasBranchFilled() should return bool but returns int<0, max>.                                                                                  
         🪪  return.type                                                                                                                                                                           
  6431   Method App\Models\NonBankingService\Study::hasNewBranchFilled() should return bool but returns int<0, max>.                                                                               
         🪪  return.type                                                                                                                                                                           
 ------ ------------------------------------------------------------------------------------------------------------------------------------------------------------------------------------------ 

 ------ --------------------------------------------------------------------------------- 
  Line   app/Models/Partner.php                                                           
 ------ --------------------------------------------------------------------------------- 
  385    Variable $company in PHPDoc tag @var does not match assigned variable $partner.  
         🪪  varTag.differentVariable                                                     
 ------ --------------------------------------------------------------------------------- 

 ------ --------------------------------------------------------------------------------------- 
  Line   app/Models/PayableCheque.php                                                           
 ------ --------------------------------------------------------------------------------------- 
  258    Access to an undefined property App\Models\PayableCheque::$cashExpense.                
         🪪  property.notFound                                                                  
         💡  Learn more: https://phpstan.org/blog/solving-phpstan-access-to-undefined-property  
 ------ --------------------------------------------------------------------------------------- 

 ------ -------------------------------------------------------------------------------------------------------------------------------------------------- 
  Line   app/Models/PoAllocation.php                                                                                                                       
 ------ -------------------------------------------------------------------------------------------------------------------------------------------------- 
  121    Access to an undefined property App\Models\LetterOfCreditIssuance::$supplier.                                                                     
         🪪  property.notFound                                                                                                                             
         💡  Learn more: https://phpstan.org/blog/solving-phpstan-access-to-undefined-property                                                             
  122    Access to an undefined property App\Models\PoAllocation::$invoice_id.                                                                             
         🪪  property.notFound                                                                                                                             
         💡  Learn more: https://phpstan.org/blog/solving-phpstan-access-to-undefined-property                                                             
  123    Call to an undefined method App\Models\SupplierInvoice|Illuminate\Database\Eloquent\Collection<int, App\Models\SupplierInvoice>::getInvoiceId().  
         🪪  method.notFound                                                                                                                               
 ------ -------------------------------------------------------------------------------------------------------------------------------------------------- 

 ------ ------------------------------------------------------------------------------------------------------------------------------------- 
  Line   app/Models/PropertyManagement/CashAndBankOpeningBalance.php                                                                          
 ------ ------------------------------------------------------------------------------------------------------------------------------------- 
  250    Access to an undefined property App\Models\PropertyManagement\CashAndBankOpeningBalance::$interest_corridor_changes.                 
         🪪  property.notFound                                                                                                                
         💡  Learn more: https://phpstan.org/blog/solving-phpstan-access-to-undefined-property                                                
  258    Access to an undefined property App\Models\PropertyManagement\CashAndBankOpeningBalance::$non_performing_interest_corridor_changes.  
         🪪  property.notFound                                                                                                                
         💡  Learn more: https://phpstan.org/blog/solving-phpstan-access-to-undefined-property                                                
 ------ ------------------------------------------------------------------------------------------------------------------------------------- 

 ------ ----------------------------------------------------------------------------------------- 
  Line   app/Models/PropertyManagement/Contract.php                                               
 ------ ----------------------------------------------------------------------------------------- 
  231    Access to an undefined property App\Models\PropertyManagement\Contract::$vat_rate.       
         🪪  property.notFound                                                                    
         💡  Learn more: https://phpstan.org/blog/solving-phpstan-access-to-undefined-property    
  232    Access to an undefined property App\Models\PropertyManagement\Contract::$withhold_rate.  
         🪪  property.notFound                                                                    
         💡  Learn more: https://phpstan.org/blog/solving-phpstan-access-to-undefined-property    
 ------ ----------------------------------------------------------------------------------------- 

 ------ ---------------------------------------------------------------------------------------------------- 
  Line   app/Models/PropertyManagement/FixedAsset.php                                                        
 ------ ---------------------------------------------------------------------------------------------------- 
  128    Access to an undefined property App\Models\PropertyManagement\FixedAsset::$model_name.              
         🪪  property.notFound                                                                               
         💡  Learn more: https://phpstan.org/blog/solving-phpstan-access-to-undefined-property               
  338    Offset mixed on non-empty-array<(float|int)> on left side of ?? always exists and is not nullable.  
         🪪  nullCoalesce.offset                                                                             
  427    Access to an undefined property App\Models\PropertyManagement\FixedAsset::$amount.                  
         🪪  property.notFound                                                                               
         💡  Learn more: https://phpstan.org/blog/solving-phpstan-access-to-undefined-property               
  438    Access to an undefined property App\Models\PropertyManagement\FixedAsset::$start_date.              
         🪪  property.notFound                                                                               
         💡  Learn more: https://phpstan.org/blog/solving-phpstan-access-to-undefined-property               
  443    Access to an undefined property App\Models\PropertyManagement\FixedAsset::$end_date.                
         🪪  property.notFound                                                                               
         💡  Learn more: https://phpstan.org/blog/solving-phpstan-access-to-undefined-property               
 ------ ---------------------------------------------------------------------------------------------------- 

 ------ ------------------------------------------------------------------------------------------------------ 
  Line   app/Models/PropertyManagement/FixedAssetStatement.php                                                 
 ------ ------------------------------------------------------------------------------------------------------ 
  37     Access to an undefined property App\Models\PropertyManagement\FixedAssetStatement::$monthly_amounts.  
         🪪  property.notFound                                                                                 
         💡  Learn more: https://phpstan.org/blog/solving-phpstan-access-to-undefined-property                 
 ------ ------------------------------------------------------------------------------------------------------ 

 ------ ------------------------------------------------------------------------------------------------------------------------------------- 
  Line   app/Models/PropertyManagement/ForecastedProperty.php                                                                                 
 ------ ------------------------------------------------------------------------------------------------------------------------------------- 
  122    Access to an undefined property App\Models\PropertyManagement\ForecastedProperty::$renovate_duration.                                
         🪪  property.notFound                                                                                                                
         💡  Learn more: https://phpstan.org/blog/solving-phpstan-access-to-undefined-property                                                
  126    Access to an undefined property App\Models\PropertyManagement\ForecastedProperty::$renovate_cost.                                    
         🪪  property.notFound                                                                                                                
         💡  Learn more: https://phpstan.org/blog/solving-phpstan-access-to-undefined-property                                                
  130    Access to an undefined property App\Models\PropertyManagement\ForecastedProperty::$monthly_rent_amount.                              
         🪪  property.notFound                                                                                                                
         💡  Learn more: https://phpstan.org/blog/solving-phpstan-access-to-undefined-property                                                
  134    Access to an undefined property App\Models\PropertyManagement\ForecastedProperty::$collection_interval.                              
         🪪  property.notFound                                                                                                                
         💡  Learn more: https://phpstan.org/blog/solving-phpstan-access-to-undefined-property                                                
  137    Access to an undefined property App\Models\PropertyManagement\ForecastedProperty::$rent_duration.                                    
         🪪  property.notFound                                                                                                                
         💡  Learn more: https://phpstan.org/blog/solving-phpstan-access-to-undefined-property                                                
  141    Access to an undefined property App\Models\PropertyManagement\ForecastedProperty::$rent_annual_increase.                             
         🪪  property.notFound                                                                                                                
         💡  Learn more: https://phpstan.org/blog/solving-phpstan-access-to-undefined-property                                                
  189    Call to an undefined method App\Models\PropertyManagement\PropertyDueInstallment::getSigningPaymentDateFormattedForVueDatePicker().  
         🪪  method.notFound                                                                                                                  
  222    Binary operation "+" between float and string results in an error.                                                                   
         🪪  binaryOp.invalid                                                                                                                 
 ------ ------------------------------------------------------------------------------------------------------------------------------------- 

 ------ -------------------------------------------------------------------------------------------------------------- 
  Line   app/Models/PropertyManagement/ForecastedPropertyDueInstallment.php                                            
 ------ -------------------------------------------------------------------------------------------------------------- 
  213    Property App\Models\PropertyManagement\ForecastedPropertyDueInstallment::$annual_start_date is not readable.  
         🪪  property.writeOnly                                                                                        
  222    Property App\Models\PropertyManagement\ForecastedPropertyDueInstallment::$annual_start_date is not readable.  
         🪪  property.writeOnly                                                                                        
 ------ -------------------------------------------------------------------------------------------------------------- 

 ------ ---------------------------------------------------------------------------------------------------------------------------------------------------------- 
  Line   app/Models/PropertyManagement/GeneralAndReserveAssumption.php                                                                                             
 ------ ---------------------------------------------------------------------------------------------------------------------------------------------------------- 
  189    Variable $dateIndexWithDate in PHPDoc tag @var does not match any variable in the foreach loop: $operationDurationPerYear, $yearIndex, $yearMonthIndexes  
         🪪  varTag.differentVariable                                                                                                                              
 ------ ---------------------------------------------------------------------------------------------------------------------------------------------------------- 

 ------ ------------------------------------------------------------------------------------------------------------------------------------------------------------------------------------------ 
  Line   app/Models/PropertyManagement/Property.php                                                                                                                                                
 ------ ------------------------------------------------------------------------------------------------------------------------------------------------------------------------------------------ 
  214    Method App\Models\PropertyManagement\Property::getLatestRunningContract() should return App\Models\PropertyManagement\Contract|null but returns Illuminate\Database\Eloquent\Model|null.  
         🪪  return.type                                                                                                                                                                           
  534    Negated boolean expression is always true.                                                                                                                                                
         🪪  booleanNot.alwaysTrue                                                                                                                                                                 
  540    Unreachable statement - code above always terminates.                                                                                                                                     
         🪪  deadCode.unreachable                                                                                                                                                                  
 ------ ------------------------------------------------------------------------------------------------------------------------------------------------------------------------------------------ 

 ------ -------------------------------------------------------------------------------------------- 
  Line   app/Models/PropertyManagement/PropertyMarketValue.php                                       
 ------ -------------------------------------------------------------------------------------------- 
  49     Property App\Models\PropertyManagement\PropertyMarketValue::$date is not readable.          
         🪪  property.writeOnly                                                                      
  49     Property App\Models\PropertyManagement\PropertyMarketValue::$date is not readable.          
         🪪  property.writeOnly                                                                      
  53     Access to an undefined property App\Models\PropertyManagement\PropertyMarketValue::$value.  
         🪪  property.notFound                                                                       
         💡  Learn more: https://phpstan.org/blog/solving-phpstan-access-to-undefined-property       
 ------ -------------------------------------------------------------------------------------------- 

 ------ --------------------------------------------------------------------------------------- 
  Line   app/Models/PropertyManagement/PropertyTax.php                                          
 ------ --------------------------------------------------------------------------------------- 
  45     Access to an undefined property App\Models\PropertyManagement\PropertyTax::$tax_rate.  
         🪪  property.notFound                                                                  
         💡  Learn more: https://phpstan.org/blog/solving-phpstan-access-to-undefined-property  
  50     Property App\Models\PropertyManagement\PropertyTax::$date is not readable.             
         🪪  property.writeOnly                                                                 
  50     Property App\Models\PropertyManagement\PropertyTax::$date is not readable.             
         🪪  property.writeOnly                                                                 
  59     Property App\Models\PropertyManagement\PropertyTax::$date is not readable.             
         🪪  property.writeOnly                                                                 
  59     Property App\Models\PropertyManagement\PropertyTax::$date is not readable.             
         🪪  property.writeOnly                                                                 
 ------ --------------------------------------------------------------------------------------- 

 ------ ------------------------------------------------------------------------------------------------------------------------------------------------------------------------------------------ 
  Line   app/Models/PropertyManagement/Study.php                                                                                                                                                   
 ------ ------------------------------------------------------------------------------------------------------------------------------------------------------------------------------------------ 
  233    Access to an undefined property App\Models\PropertyManagement\Study::$property_status.                                                                                                    
         🪪  property.notFound                                                                                                                                                                     
         💡  Learn more: https://phpstan.org/blog/solving-phpstan-access-to-undefined-property                                                                                                     
  301    Binary operation "-" between string and string|null results in an error.                                                                                                                  
         🪪  binaryOp.invalid                                                                                                                                                                      
  1418   Static method App\Models\PropertyManagement\Expense::getExpensePerContract() invoked with 4 parameters, 3 required.                                                                       
         🪪  arguments.count                                                                                                                                                                       
  1823   Access to an undefined property App\Models\PropertyManagement\IncomeStatementReport::$interest_corridor_changes.                                                                          
         🪪  property.notFound                                                                                                                                                                     
         💡  Learn more: https://phpstan.org/blog/solving-phpstan-access-to-undefined-property                                                                                                     
  1828   Access to an undefined property App\Models\PropertyManagement\IncomeStatementReport::$loans_interest_corridor_changes.                                                                    
         🪪  property.notFound                                                                                                                                                                     
         💡  Learn more: https://phpstan.org/blog/solving-phpstan-access-to-undefined-property                                                                                                     
  1913   Access to an undefined property App\Models\PropertyManagement\CashflowStatementReport::$oda_withdrawals.                                                                                  
         🪪  property.notFound                                                                                                                                                                     
         💡  Learn more: https://phpstan.org/blog/solving-phpstan-access-to-undefined-property                                                                                                     
  1919   Expression on left side of ?? is not nullable.                                                                                                                                            
         🪪  nullCoalesce.expr                                                                                                                                                                     
  2084   Offset 'extra_capital…' on array{cash_in_beginning: non-empty-array<float|int|null>, total_cash_in_before_oda_and_capital_injection: non-empty-array<(float|int)>, total_cash_out_before  
         _oda_and_capital_injection: non-empty-array<(float|int)>, net_cash_before_oda_and_capital_injection: non-empty-array<(float|int)>, oda_statements: array{oda_opening_balances:            
         non-empty-array<(float|int)>, oda_withdrawals: non-empty-array<mixed>, settlements: non-empty-array<(float|int)>, total_dues: non-empty-array<(float|int)>, oda_interests: non-empty-arr  
         ay<(float|int)>, extra_odas_withdrawal: non-empty-array<(float|int)>, end_balance: non-empty-array<(float|int)>}, net_cash_after_oda_and_capital_injection:                               
         non-empty-array<(float|int)>, interest_cash_surplus: non-empty-array<(float|int)>, before_settlements: non-empty-array<(float|int)>, ...} on left side of ?? always exists and is not     
         nullable.                                                                                                                                                                                 
         🪪  nullCoalesce.offset                                                                                                                                                                   
  2085   Offset 'cash_end_balance' on array{cash_in_beginning: non-empty-array<float|int|null>, total_cash_in_before_oda_and_capital_injection: non-empty-array<(float|int)>, total_cash_out_befo  
         re_oda_and_capital_injection: non-empty-array<(float|int)>, net_cash_before_oda_and_capital_injection: non-empty-array<(float|int)>, oda_statements: array{oda_opening_balances:          
         non-empty-array<(float|int)>, oda_withdrawals: non-empty-array<mixed>, settlements: non-empty-array<(float|int)>, total_dues: non-empty-array<(float|int)>, oda_interests: non-empty-arr  
         ay<(float|int)>, extra_odas_withdrawal: non-empty-array<(float|int)>, end_balance: non-empty-array<(float|int)>}, net_cash_after_oda_and_capital_injection:                               
         non-empty-array<(float|int)>, interest_cash_surplus: non-empty-array<(float|int)>, before_settlements: non-empty-array<(float|int)>, ...} on left side of ?? always exists and is not     
         nullable.                                                                                                                                                                                 
         🪪  nullCoalesce.offset                                                                                                                                                                   
  2086   Offset 'cash_in_beginning' on array{cash_in_beginning: non-empty-array<float|int|null>, total_cash_in_before_oda_and_capital_injection: non-empty-array<(float|int)>, total_cash_out_bef  
         ore_oda_and_capital_injection: non-empty-array<(float|int)>, net_cash_before_oda_and_capital_injection: non-empty-array<(float|int)>, oda_statements: array{oda_opening_balances:         
         non-empty-array<(float|int)>, oda_withdrawals: non-empty-array<mixed>, settlements: non-empty-array<(float|int)>, total_dues: non-empty-array<(float|int)>, oda_interests: non-empty-arr  
         ay<(float|int)>, extra_odas_withdrawal: non-empty-array<(float|int)>, end_balance: non-empty-array<(float|int)>}, net_cash_after_oda_and_capital_injection:                               
         non-empty-array<(float|int)>, interest_cash_surplus: non-empty-array<(float|int)>, before_settlements: non-empty-array<(float|int)>, ...} on left side of ?? always exists and is not     
         nullable.                                                                                                                                                                                 
         🪪  nullCoalesce.offset                                                                                                                                                                   
  2087   Offset 'net_cash_before…' on array{cash_in_beginning: non-empty-array<float|int|null>, total_cash_in_before_oda_and_capital_injection: non-empty-array<(float|int)>, total_cash_out_befo  
         re_oda_and_capital_injection: non-empty-array<(float|int)>, net_cash_before_oda_and_capital_injection: non-empty-array<(float|int)>, oda_statements: array{oda_opening_balances:          
         non-empty-array<(float|int)>, oda_withdrawals: non-empty-array<mixed>, settlements: non-empty-array<(float|int)>, total_dues: non-empty-array<(float|int)>, oda_interests: non-empty-arr  
         ay<(float|int)>, extra_odas_withdrawal: non-empty-array<(float|int)>, end_balance: non-empty-array<(float|int)>}, net_cash_after_oda_and_capital_injection:                               
         non-empty-array<(float|int)>, interest_cash_surplus: non-empty-array<(float|int)>, before_settlements: non-empty-array<(float|int)>, ...} on left side of ?? always exists and is not     
         nullable.                                                                                                                                                                                 
         🪪  nullCoalesce.offset                                                                                                                                                                   
  2517   Variable $position in PHPDoc tag @var does not match assigned variable $operationStartDateAsIndex.                                                                                        
         🪪  varTag.differentVariable                                                                                                                                                              
  2523   Call to an undefined method App\Models\PropertyManagement\Position::getHiringCounts().                                                                                                    
         🪪  method.notFound                                                                                                                                                                       
  2524   Call to an undefined method App\Models\PropertyManagement\Position::getExistingCount().                                                                                                   
         🪪  method.notFound                                                                                                                                                                       
  2525   Call to an undefined method App\Models\PropertyManagement\Position::getMonthlyNetSalary().                                                                                                
         🪪  method.notFound                                                                                                                                                                       
  2545   Binary operation "-" between int and string results in an error.                                                                                                                          
         🪪  binaryOp.invalid                                                                                                                                                                      
  2772   Access to an undefined property App\Models\PropertyManagement\Study::$portfolioMortgageRevenueProjectionByCategories.                                                                     
         🪪  property.notFound                                                                                                                                                                     
         💡  Learn more: https://phpstan.org/blog/solving-phpstan-access-to-undefined-property                                                                                                     
  2784   Access to an undefined property App\Models\PropertyManagement\Study::$microfinanceProductSalesProjects.                                                                                   
         🪪  property.notFound                                                                                                                                                                     
         💡  Learn more: https://phpstan.org/blog/solving-phpstan-access-to-undefined-property                                                                                                     
  2795   Access to an undefined property App\Models\PropertyManagement\Study::$consumerfinanceProductSalesProjects.                                                                                
         🪪  property.notFound                                                                                                                                                                     
         💡  Learn more: https://phpstan.org/blog/solving-phpstan-access-to-undefined-property                                                                                                     
  2840   Access to an undefined property App\Models\PropertyManagement\Study::$microfinance_branches_count.                                                                                        
         🪪  property.notFound                                                                                                                                                                     
         💡  Learn more: https://phpstan.org/blog/solving-phpstan-access-to-undefined-property                                                                                                     
  2844   Access to an undefined property App\Models\PropertyManagement\Study::$microfinance_loan_officer_count.                                                                                    
         🪪  property.notFound                                                                                                                                                                     
         💡  Learn more: https://phpstan.org/blog/solving-phpstan-access-to-undefined-property                                                                                                     
  2852   Access to an undefined property App\Models\PropertyManagement\Study::$consumerfinance_loan_officer_count.                                                                                 
         🪪  property.notFound                                                                                                                                                                     
         💡  Learn more: https://phpstan.org/blog/solving-phpstan-access-to-undefined-property                                                                                                     
  3168   Call to an undefined method App\Models\PropertyManagement\Study::getCheckedRevenueStreamTypesForSelect().                                                                                 
         🪪  method.notFound                                                                                                                                                                       
  3345   Access to an undefined property App\Models\PropertyManagement\Study::$products.                                                                                                           
         🪪  property.notFound                                                                                                                                                                     
         💡  Learn more: https://phpstan.org/blog/solving-phpstan-access-to-undefined-property                                                                                                     
  3661   Right side of && is always true.                                                                                                                                                          
         🪪  booleanAnd.rightAlwaysTrue                                                                                                                                                            
         💡  Because the type is coming from a PHPDoc, you can turn off this check by setting treatPhpDocTypesAsCertain: false in your phpstan.neon.                                               
  3685   Variable $id might not be defined.                                                                                                                                                        
         🪪  variable.undefined                                                                                                                                                                    
  3686   Variable $id might not be defined.                                                                                                                                                        
         🪪  variable.undefined                                                                                                                                                                    
  3687   Variable $id might not be defined.                                                                                                                                                        
         🪪  variable.undefined                                                                                                                                                                    
  3867   Right side of && is always true.                                                                                                                                                          
         🪪  booleanAnd.rightAlwaysTrue                                                                                                                                                            
         💡  Because the type is coming from a PHPDoc, you can turn off this check by setting treatPhpDocTypesAsCertain: false in your phpstan.neon.                                               
  3925   Offset 'sub_items' on array{main_items: array{cash-out-flow: array{options: array{title: (array|string), number-format-decimals: 0, is-percentage: false, classes: 'repeater-with…',      
         formatted-input-classes: 'custom-input…'}}}, sub_items: non-empty-array<array{data: mixed, options: array{title: (array|int|string), number-format-decimals: 0, is-percentage: false, cl  
         asses: 'repeater-with…', formatted-input-classes: 'custom-input…'}|array{title: (array|int|string)}, year_total: array}>} on left side of ?? always exists and is not nullable.           
         🪪  nullCoalesce.offset                                                                                                                                                                   
  4072   Variable $cashEndBalance on left side of ?? is never defined.                                                                                                                             
         🪪  nullCoalesce.variable                                                                                                                                                                 
  4074   Variable $workingCapitalInjection on left side of ?? is never defined.                                                                                                                    
         🪪  nullCoalesce.variable                                                                                                                                                                 
  4166   Ternary operator condition is always true.                                                                                                                                                
         🪪  ternary.alwaysTrue                                                                                                                                                                    
         💡  Because the type is coming from a PHPDoc, you can turn off this check by setting treatPhpDocTypesAsCertain: false in your phpstan.neon.                                               
  4437   Variable $existingPropertiesCreditorsOutstanding might not be defined.                                                                                                                    
         🪪  variable.undefined                                                                                                                                                                    
  4438   Variable $existingPropertiesCreditorsOutstanding might not be defined.                                                                                                                    
         🪪  variable.undefined                                                                                                                                                                    
  4450   Variable $newPropertiesCreditorsOutstanding might not be defined.                                                                                                                         
         🪪  variable.undefined                                                                                                                                                                    
  4451   Variable $newPropertiesCreditorsOutstanding might not be defined.                                                                                                                         
         🪪  variable.undefined                                                                                                                                                                    
  4472   Variable $existingPropertiesCreditorsOutstanding might not be defined.                                                                                                                    
         🪪  variable.undefined                                                                                                                                                                    
  4472   Variable $newPropertiesCreditorsOutstanding might not be defined.                                                                                                                         
         🪪  variable.undefined                                                                                                                                                                    
  4580   Variable $totalCorporateTaxes on left side of ?? is never defined.                                                                                                                        
         🪪  nullCoalesce.variable                                                                                                                                                                 
  4687   Expression on left side of ?? is not nullable.                                                                                                                                            
         🪪  nullCoalesce.expr                                                                                                                                                                     
 ------ ------------------------------------------------------------------------------------------------------------------------------------------------------------------------------------------ 

 ------ --------------------------------------------------------------------------------------- 
  Line   app/Models/PurchaseOrder.php                                                           
 ------ --------------------------------------------------------------------------------------- 
  113    Access to an undefined property App\Models\PurchaseOrder::$name.                       
         🪪  property.notFound                                                                  
         💡  Learn more: https://phpstan.org/blog/solving-phpstan-access-to-undefined-property  
 ------ --------------------------------------------------------------------------------------- 

 ------ ------------------------------------------------------------------------------------------------------------------ 
  Line   app/Models/QuotationPricingCalculator.php                                                                         
 ------ ------------------------------------------------------------------------------------------------------------------ 
  152    Method App\Models\Repositories\PositionRepository::oneFormattedForSelect() invoked with 1 parameter, 2 required.  
         🪪  arguments.count                                                                                               
 ------ ------------------------------------------------------------------------------------------------------------------ 

 ------ ------------------------------------------------------------------------------------------------------- 
  Line   app/Models/Repositories/BusinessSectorRepository.php                                                   
 ------ ------------------------------------------------------------------------------------------------------- 
  43     Call to an undefined method Illuminate\Database\Eloquent\Builder<App\Models\BusinessSector>::query().  
         🪪  method.notFound                                                                                    
  86     Access to an undefined property App\Models\BusinessSector::$businessSectorName.                        
         🪪  property.notFound                                                                                  
         💡  Learn more: https://phpstan.org/blog/solving-phpstan-access-to-undefined-property                  
  87     Access to an undefined property App\Models\BusinessSector::$creator_name.                              
         🪪  property.notFound                                                                                  
         💡  Learn more: https://phpstan.org/blog/solving-phpstan-access-to-undefined-property                  
  88     Access to an undefined property App\Models\BusinessSector::$created_at_formatted.                      
         🪪  property.notFound                                                                                  
         💡  Learn more: https://phpstan.org/blog/solving-phpstan-access-to-undefined-property                  
  89     Access to an undefined property App\Models\BusinessSector::$updated_at_formatted.                      
         🪪  property.notFound                                                                                  
         💡  Learn more: https://phpstan.org/blog/solving-phpstan-access-to-undefined-property                  
  90     Property App\Models\BusinessSector::$serviceCategories is not writable.                                
         🪪  assign.propertyReadOnly                                                                            
  91     Access to an undefined property App\Models\BusinessSector::$order.                                     
         🪪  property.notFound                                                                                  
         💡  Learn more: https://phpstan.org/blog/solving-phpstan-access-to-undefined-property                  
  156    Access to an undefined property Illuminate\Database\Eloquent\Model::$name.                             
         🪪  property.notFound                                                                                  
         💡  Learn more: https://phpstan.org/blog/solving-phpstan-access-to-undefined-property                  
  156    Call to an undefined method Illuminate\Database\Eloquent\Model::getName().                             
         🪪  method.notFound                                                                                    
 ------ ------------------------------------------------------------------------------------------------------- 

 ------ ---------------------------------------------------------------- 
  Line   app/Models/Repositories/CashFlowStatementRepository.php         
 ------ ---------------------------------------------------------------- 
  96     Expression "$builder" on a separate line does not do anything.  
         🪪  expr.resultUnused                                           
 ------ ---------------------------------------------------------------- 

 ------ -------------------------------------------------------------------------------- 
  Line   app/Models/Repositories/CurrencyRepository.php                                  
 ------ -------------------------------------------------------------------------------- 
  14     Call to an undefined method App\Models\Repositories\CurrencyRepository::all().  
         🪪  method.notFound                                                             
 ------ -------------------------------------------------------------------------------- 

 ------ ------------------------------------------------------------------------------------------------------------- 
  Line   app/Models/Repositories/FinancialStatementRepository.php                                                     
 ------ ------------------------------------------------------------------------------------------------------------- 
  42     Call to an undefined method Illuminate\Database\Eloquent\Builder<App\Models\FinancialStatement>::query().    
         🪪  method.notFound                                                                                          
  91     Call to an undefined method App\Models\FinancialStatement::storeReport().                                    
         🪪  method.notFound                                                                                          
  148    Access to an undefined property App\Models\FinancialStatement::$cash_flow_statement_id.                      
         🪪  property.notFound                                                                                        
         💡  Learn more: https://phpstan.org/blog/solving-phpstan-access-to-undefined-property                        
  149    Access to an undefined property App\Models\FinancialStatement::$income_statement_id.                         
         🪪  property.notFound                                                                                        
         💡  Learn more: https://phpstan.org/blog/solving-phpstan-access-to-undefined-property                        
  153    Access to an undefined property App\Models\FinancialStatement::$can_view_income_statement_actual_report.     
         🪪  property.notFound                                                                                        
         💡  Learn more: https://phpstan.org/blog/solving-phpstan-access-to-undefined-property                        
  156    Access to an undefined property App\Models\FinancialStatement::$can_view_cash_flow_statement_actual_report.  
         🪪  property.notFound                                                                                        
         💡  Learn more: https://phpstan.org/blog/solving-phpstan-access-to-undefined-property                        
  157    Access to an undefined property App\Models\FinancialStatement::$duration_type_select.                        
         🪪  property.notFound                                                                                        
         💡  Learn more: https://phpstan.org/blog/solving-phpstan-access-to-undefined-property                        
  158    Access to an undefined property App\Models\FinancialStatement::$can_edit_duration_type.                      
         🪪  property.notFound                                                                                        
         💡  Learn more: https://phpstan.org/blog/solving-phpstan-access-to-undefined-property                        
  186    Access to an undefined property App\Models\FinancialStatementItem::$has_depreciation_or_amortization.        
         🪪  property.notFound                                                                                        
         💡  Learn more: https://phpstan.org/blog/solving-phpstan-access-to-undefined-property                        
  211    Expression "$builder" on a separate line does not do anything.                                               
         🪪  expr.resultUnused                                                                                        
 ------ ------------------------------------------------------------------------------------------------------------- 

 ------ ------------------------------------------------------- 
  Line   app/Models/Repositories/IncomeStatementRepository.php  
 ------ ------------------------------------------------------- 
  123    Anonymous function has an unused use $request.         
         🪪  closure.unusedUse                                  
 ------ ------------------------------------------------------- 

 ------ --------------------------------------------------------------------------------------- 
  Line   app/Models/Repositories/PositionRepository.php                                         
 ------ --------------------------------------------------------------------------------------- 
  77     Access to an undefined property App\Models\Position::$companyName.                     
         🪪  property.notFound                                                                  
         💡  Learn more: https://phpstan.org/blog/solving-phpstan-access-to-undefined-property  
  78     Access to an undefined property App\Models\Position::$creator_name.                    
         🪪  property.notFound                                                                  
         💡  Learn more: https://phpstan.org/blog/solving-phpstan-access-to-undefined-property  
  79     Access to an undefined property App\Models\Position::$created_at_formatted.            
         🪪  property.notFound                                                                  
         💡  Learn more: https://phpstan.org/blog/solving-phpstan-access-to-undefined-property  
 ------ --------------------------------------------------------------------------------------- 

 ------ --------------------------------------------------------------------------------------------------------------- 
  Line   app/Models/Repositories/QuickPricingCalculatorRepository.php                                                   
 ------ --------------------------------------------------------------------------------------------------------------- 
  36     Call to an undefined method Illuminate\Database\Eloquent\Builder<App\Models\QuickPricingCalculator>::query().  
         🪪  method.notFound                                                                                            
  89     Access to an undefined property App\Models\QuickPricingCalculator::$customer_name.                             
         🪪  property.notFound                                                                                          
         💡  Learn more: https://phpstan.org/blog/solving-phpstan-access-to-undefined-property                          
  90     Access to an undefined property App\Models\QuickPricingCalculator::$revenueBusinessLineName.                   
         🪪  property.notFound                                                                                          
         💡  Learn more: https://phpstan.org/blog/solving-phpstan-access-to-undefined-property                          
  91     Access to an undefined property App\Models\QuickPricingCalculator::$serviceCategoryName.                       
         🪪  property.notFound                                                                                          
         💡  Learn more: https://phpstan.org/blog/solving-phpstan-access-to-undefined-property                          
  92     Access to an undefined property App\Models\QuickPricingCalculator::$serviceItemName.                           
         🪪  property.notFound                                                                                          
         💡  Learn more: https://phpstan.org/blog/solving-phpstan-access-to-undefined-property                          
  93     Access to an undefined property App\Models\QuickPricingCalculator::$totalRecommendPriceWithoutVatFormatted.    
         🪪  property.notFound                                                                                          
         💡  Learn more: https://phpstan.org/blog/solving-phpstan-access-to-undefined-property                          
  94     Access to an undefined property App\Models\QuickPricingCalculator::$totalRecommendPriceWithVatFormatted.       
         🪪  property.notFound                                                                                          
         💡  Learn more: https://phpstan.org/blog/solving-phpstan-access-to-undefined-property                          
  95     Access to an undefined property App\Models\QuickPricingCalculator::$totalNetProfitAfterTaxesFormatted.         
         🪪  property.notFound                                                                                          
         💡  Learn more: https://phpstan.org/blog/solving-phpstan-access-to-undefined-property                          
  96     Access to an undefined property App\Models\QuickPricingCalculator::$creator_name.                              
         🪪  property.notFound                                                                                          
         💡  Learn more: https://phpstan.org/blog/solving-phpstan-access-to-undefined-property                          
  97     Access to an undefined property App\Models\QuickPricingCalculator::$created_at_formatted.                      
         🪪  property.notFound                                                                                          
         💡  Learn more: https://phpstan.org/blog/solving-phpstan-access-to-undefined-property                          
  98     Access to an undefined property App\Models\QuickPricingCalculator::$updated_at_formatted.                      
         🪪  property.notFound                                                                                          
         💡  Learn more: https://phpstan.org/blog/solving-phpstan-access-to-undefined-property                          
  100    Access to an undefined property App\Models\QuickPricingCalculator::$order.                                     
         🪪  property.notFound                                                                                          
         💡  Learn more: https://phpstan.org/blog/solving-phpstan-access-to-undefined-property                          
 ------ --------------------------------------------------------------------------------------------------------------- 

 ------ ----------------------------------------------------------------------------------------------------------------- 
  Line   app/Models/Repositories/QuotationPricingCalculatorRepository.php                                                 
 ------ ----------------------------------------------------------------------------------------------------------------- 
  52     Access to an undefined property App\Models\QuotationPricingCalculator::$revenueBusinessLineName.                 
         🪪  property.notFound                                                                                            
         💡  Learn more: https://phpstan.org/blog/solving-phpstan-access-to-undefined-property                            
  53     Access to an undefined property App\Models\QuotationPricingCalculator::$serviceCategoryName.                     
         🪪  property.notFound                                                                                            
         💡  Learn more: https://phpstan.org/blog/solving-phpstan-access-to-undefined-property                            
  54     Access to an undefined property App\Models\QuotationPricingCalculator::$serviceItemName.                         
         🪪  property.notFound                                                                                            
         💡  Learn more: https://phpstan.org/blog/solving-phpstan-access-to-undefined-property                            
  55     Access to an undefined property App\Models\QuotationPricingCalculator::$totalRecommendPriceWithoutVatFormatted.  
         🪪  property.notFound                                                                                            
         💡  Learn more: https://phpstan.org/blog/solving-phpstan-access-to-undefined-property                            
  56     Access to an undefined property App\Models\QuotationPricingCalculator::$totalRecommendPriceWithVatFormatted.     
         🪪  property.notFound                                                                                            
         💡  Learn more: https://phpstan.org/blog/solving-phpstan-access-to-undefined-property                            
  57     Access to an undefined property App\Models\QuotationPricingCalculator::$totalNetProfitAfterTaxesFormatted.       
         🪪  property.notFound                                                                                            
         💡  Learn more: https://phpstan.org/blog/solving-phpstan-access-to-undefined-property                            
  58     Access to an undefined property App\Models\QuotationPricingCalculator::$creator_name.                            
         🪪  property.notFound                                                                                            
         💡  Learn more: https://phpstan.org/blog/solving-phpstan-access-to-undefined-property                            
  59     Access to an undefined property App\Models\QuotationPricingCalculator::$created_at_formatted.                    
         🪪  property.notFound                                                                                            
         💡  Learn more: https://phpstan.org/blog/solving-phpstan-access-to-undefined-property                            
  60     Access to an undefined property App\Models\QuotationPricingCalculator::$updated_at_formatted.                    
         🪪  property.notFound                                                                                            
         💡  Learn more: https://phpstan.org/blog/solving-phpstan-access-to-undefined-property                            
  62     Access to an undefined property App\Models\QuotationPricingCalculator::$order.                                   
         🪪  property.notFound                                                                                            
         💡  Learn more: https://phpstan.org/blog/solving-phpstan-access-to-undefined-property                            
 ------ ----------------------------------------------------------------------------------------------------------------- 

 ------ ------------------------------------------------------------------------------------------- 
  Line   app/Models/Repositories/RevenueBusinessLineRepository.php                                  
 ------ ------------------------------------------------------------------------------------------- 
  103    Access to an undefined property App\Models\RevenueBusinessLine::$revenueBusinessLineName.  
         🪪  property.notFound                                                                      
         💡  Learn more: https://phpstan.org/blog/solving-phpstan-access-to-undefined-property      
  104    Access to an undefined property App\Models\RevenueBusinessLine::$creator_name.             
         🪪  property.notFound                                                                      
         💡  Learn more: https://phpstan.org/blog/solving-phpstan-access-to-undefined-property      
  105    Access to an undefined property App\Models\RevenueBusinessLine::$created_at_formatted.     
         🪪  property.notFound                                                                      
         💡  Learn more: https://phpstan.org/blog/solving-phpstan-access-to-undefined-property      
  106    Access to an undefined property App\Models\RevenueBusinessLine::$updated_at_formatted.     
         🪪  property.notFound                                                                      
         💡  Learn more: https://phpstan.org/blog/solving-phpstan-access-to-undefined-property      
  107    Property App\Models\RevenueBusinessLine::$serviceCategories is not writable.               
         🪪  assign.propertyReadOnly                                                                
  108    Access to an undefined property App\Models\RevenueBusinessLine::$order.                    
         🪪  property.notFound                                                                      
         💡  Learn more: https://phpstan.org/blog/solving-phpstan-access-to-undefined-property      
 ------ ------------------------------------------------------------------------------------------- 

 ------ -------------------------------------------------------------------------------------------------------- 
  Line   app/Models/Repositories/ServiceCategoryRepository.php                                                   
 ------ -------------------------------------------------------------------------------------------------------- 
  35     Call to an undefined method Illuminate\Database\Eloquent\Builder<App\Models\ServiceCategory>::query().  
         🪪  method.notFound                                                                                     
  74     Access to an undefined property App\Models\ServiceCategory::$companyName.                               
         🪪  property.notFound                                                                                   
         💡  Learn more: https://phpstan.org/blog/solving-phpstan-access-to-undefined-property                   
  75     Access to an undefined property App\Models\ServiceCategory::$creator_name.                              
         🪪  property.notFound                                                                                   
         💡  Learn more: https://phpstan.org/blog/solving-phpstan-access-to-undefined-property                   
  76     Access to an undefined property App\Models\ServiceCategory::$created_at_formatted.                      
         🪪  property.notFound                                                                                   
         💡  Learn more: https://phpstan.org/blog/solving-phpstan-access-to-undefined-property                   
 ------ -------------------------------------------------------------------------------------------------------- 

 ------ ---------------------------------------------------------------------------------------------------- 
  Line   app/Models/Repositories/ServiceItemRepository.php                                                   
 ------ ---------------------------------------------------------------------------------------------------- 
  35     Call to an undefined method Illuminate\Database\Eloquent\Builder<App\Models\ServiceItem>::query().  
         🪪  method.notFound                                                                                 
  76     Access to an undefined property App\Models\ServiceItem::$companyName.                               
         🪪  property.notFound                                                                               
         💡  Learn more: https://phpstan.org/blog/solving-phpstan-access-to-undefined-property               
  77     Access to an undefined property App\Models\ServiceItem::$creator_name.                              
         🪪  property.notFound                                                                               
         💡  Learn more: https://phpstan.org/blog/solving-phpstan-access-to-undefined-property               
  78     Access to an undefined property App\Models\ServiceItem::$created_at_formatted.                      
         🪪  property.notFound                                                                               
         💡  Learn more: https://phpstan.org/blog/solving-phpstan-access-to-undefined-property               
 ------ ---------------------------------------------------------------------------------------------------- 

 ------ --------------------------------------------------------------------------------------- 
  Line   app/Models/Repositories/ServiceNatureRepository.php                                    
 ------ --------------------------------------------------------------------------------------- 
  90     Access to an undefined property App\Models\ServiceNature::$companyName.                
         🪪  property.notFound                                                                  
         💡  Learn more: https://phpstan.org/blog/solving-phpstan-access-to-undefined-property  
  91     Access to an undefined property App\Models\ServiceNature::$creator_name.               
         🪪  property.notFound                                                                  
         💡  Learn more: https://phpstan.org/blog/solving-phpstan-access-to-undefined-property  
  92     Access to an undefined property App\Models\ServiceNature::$created_at_formatted.       
         🪪  property.notFound                                                                  
         💡  Learn more: https://phpstan.org/blog/solving-phpstan-access-to-undefined-property  
  146    Access to an undefined property Illuminate\Database\Eloquent\Model::$name_en.          
         🪪  property.notFound                                                                  
         💡  Learn more: https://phpstan.org/blog/solving-phpstan-access-to-undefined-property  
  146    Call to an undefined method Illuminate\Database\Eloquent\Model::getName().             
         🪪  method.notFound                                                                    
  147    Access to an undefined property Illuminate\Database\Eloquent\Model::$company_id.       
         🪪  property.notFound                                                                  
         💡  Learn more: https://phpstan.org/blog/solving-phpstan-access-to-undefined-property  
  147    Call to an undefined method Illuminate\Database\Eloquent\Model::getCompanyId().        
         🪪  method.notFound                                                                    
  148    Access to an undefined property Illuminate\Database\Eloquent\Model::$join_at.          
         🪪  property.notFound                                                                  
         💡  Learn more: https://phpstan.org/blog/solving-phpstan-access-to-undefined-property  
  148    Access to an undefined property Illuminate\Database\Eloquent\Model::$join_at.          
         🪪  property.notFound                                                                  
         💡  Learn more: https://phpstan.org/blog/solving-phpstan-access-to-undefined-property  
 ------ --------------------------------------------------------------------------------------- 

 ------ --------------------------------------------------------------------------------------- 
  Line   app/Models/Repositories/SharingLinkRepository.php                                      
 ------ --------------------------------------------------------------------------------------- 
  100    Access to an undefined property App\Models\SharingLink::$shareableTypeName.            
         🪪  property.notFound                                                                  
         💡  Learn more: https://phpstan.org/blog/solving-phpstan-access-to-undefined-property  
  101    Access to an undefined property App\Models\SharingLink::$creator_name.                 
         🪪  property.notFound                                                                  
         💡  Learn more: https://phpstan.org/blog/solving-phpstan-access-to-undefined-property  
  102    Access to an undefined property App\Models\SharingLink::$created_at_formatted.         
         🪪  property.notFound                                                                  
         💡  Learn more: https://phpstan.org/blog/solving-phpstan-access-to-undefined-property  
  158    Access to an undefined property Illuminate\Database\Eloquent\Model::$name_en.          
         🪪  property.notFound                                                                  
         💡  Learn more: https://phpstan.org/blog/solving-phpstan-access-to-undefined-property  
  158    Call to an undefined method Illuminate\Database\Eloquent\Model::getName().             
         🪪  method.notFound                                                                    
  159    Access to an undefined property Illuminate\Database\Eloquent\Model::$company_id.       
         🪪  property.notFound                                                                  
         💡  Learn more: https://phpstan.org/blog/solving-phpstan-access-to-undefined-property  
  159    Call to an undefined method Illuminate\Database\Eloquent\Model::getCompanyId().        
         🪪  method.notFound                                                                    
  160    Access to an undefined property Illuminate\Database\Eloquent\Model::$join_at.          
         🪪  property.notFound                                                                  
         💡  Learn more: https://phpstan.org/blog/solving-phpstan-access-to-undefined-property  
  160    Access to an undefined property Illuminate\Database\Eloquent\Model::$join_at.          
         🪪  property.notFound                                                                  
         💡  Learn more: https://phpstan.org/blog/solving-phpstan-access-to-undefined-property  
 ------ --------------------------------------------------------------------------------------- 

 ------ --------------------------------------------------------------------------------------------------------------------------------------------- 
  Line   app/Models/RevenueBusinessLine.php                                                                                                           
 ------ --------------------------------------------------------------------------------------------------------------------------------------------- 
  88     Negated boolean expression is always false.                                                                                                  
         🪪  booleanNot.alwaysFalse                                                                                                                   
         💡  Because the type is coming from a PHPDoc, you can turn off this check by setting treatPhpDocTypesAsCertain: false in your phpstan.neon.  
 ------ --------------------------------------------------------------------------------------------------------------------------------------------- 

 ------ --------------------------------------------------------------------------------------- 
  Line   app/Models/SettlementAllocation.php                                                    
 ------ --------------------------------------------------------------------------------------- 
  83     Access to an undefined property App\Models\LetterOfCreditIssuance::$supplier.          
         🪪  property.notFound                                                                  
         💡  Learn more: https://phpstan.org/blog/solving-phpstan-access-to-undefined-property  
  84     Access to an undefined property App\Models\SettlementAllocation::$payment_currency.    
         🪪  property.notFound                                                                  
         💡  Learn more: https://phpstan.org/blog/solving-phpstan-access-to-undefined-property  
  85     Access to an undefined property App\Models\SettlementAllocation::$payment_date.        
         🪪  property.notFound                                                                  
         💡  Learn more: https://phpstan.org/blog/solving-phpstan-access-to-undefined-property  
  88     Call to an undefined method App\Models\SupplierInvoice::getInvoiceId().                
         🪪  method.notFound                                                                    
 ------ --------------------------------------------------------------------------------------- 

 ------ --------------------------------------------------------------------------------------- 
  Line   app/Models/State.php                                                                   
 ------ --------------------------------------------------------------------------------------- 
  43     Access to an undefined property App\Models\State::$name.                               
         🪪  property.notFound                                                                  
         💡  Learn more: https://phpstan.org/blog/solving-phpstan-access-to-undefined-property  
 ------ --------------------------------------------------------------------------------------- 

 ------ --------------------------------------------------------------------------------------- 
  Line   app/Models/SupplierInvoice.php                                                         
 ------ --------------------------------------------------------------------------------------- 
  302    Access to an undefined property App\Models\SettlementAllocation::$contract_code.       
         🪪  property.notFound                                                                  
         💡  Learn more: https://phpstan.org/blog/solving-phpstan-access-to-undefined-property  
  303    Access to an undefined property App\Models\SettlementAllocation::$contract_amount.     
         🪪  property.notFound                                                                  
         💡  Learn more: https://phpstan.org/blog/solving-phpstan-access-to-undefined-property  
 ------ --------------------------------------------------------------------------------------- 

 ------ ---------------------------------------------------------------------------------------------------------------------- 
  Line   app/Models/TimeOfDeposit.php                                                                                          
 ------ ---------------------------------------------------------------------------------------------------------------------- 
  223    Method App\Models\TimeOfDeposit::getMaturityAmountAddedToAccountId() should return int|null but returns string|null.  
         🪪  return.type                                                                                                       
  502    Access to an undefined property App\Models\TimeOfDeposit::$journal_id.                                                
         🪪  property.notFound                                                                                                 
         💡  Learn more: https://phpstan.org/blog/solving-phpstan-access-to-undefined-property                                 
  510    PHPDoc tag @var with type App\Models\TimeOfDeposit is not subtype of native type $this(App\Models\TimeOfDeposit).     
         🪪  varTag.nativeType                                                                                                 
  537    Access to an undefined property App\Models\TimeOfDeposit::$odoo_error_message.                                        
         🪪  property.notFound                                                                                                 
         💡  Learn more: https://phpstan.org/blog/solving-phpstan-access-to-undefined-property                                 
  537    Access to an undefined property App\Models\TimeOfDeposit::$synced_with_odoo.                                          
         🪪  property.notFound                                                                                                 
         💡  Learn more: https://phpstan.org/blog/solving-phpstan-access-to-undefined-property                                 
 ------ ---------------------------------------------------------------------------------------------------------------------- 

 ------ ---------------------------------------------------------------------------------------------------------------------- 
  Line   app/Models/Traits/Accessors/DirectManpowerExpenseAccessor.php (in context of class App\Models\DirectManpowerExpense)  
 ------ ---------------------------------------------------------------------------------------------------------------------- 
  12     Access to an undefined property App\Models\DirectManpowerExpense::$pivot.                                             
         🪪  property.notFound                                                                                                 
         💡  Learn more: https://phpstan.org/blog/solving-phpstan-access-to-undefined-property                                 
  16     Access to an undefined property App\Models\DirectManpowerExpense::$company.                                           
         🪪  property.notFound                                                                                                 
         💡  Learn more: https://phpstan.org/blog/solving-phpstan-access-to-undefined-property                                 
  25     Access to an undefined property App\Models\DirectManpowerExpense::$pivot.                                             
         🪪  property.notFound                                                                                                 
         💡  Learn more: https://phpstan.org/blog/solving-phpstan-access-to-undefined-property                                 
  29     Access to an undefined property App\Models\DirectManpowerExpense::$pivot.                                             
         🪪  property.notFound                                                                                                 
         💡  Learn more: https://phpstan.org/blog/solving-phpstan-access-to-undefined-property                                 
  33     Access to an undefined property App\Models\DirectManpowerExpense::$pivot.                                             
         🪪  property.notFound                                                                                                 
         💡  Learn more: https://phpstan.org/blog/solving-phpstan-access-to-undefined-property                                 
  37     Access to an undefined property App\Models\DirectManpowerExpense::$pivot.                                             
         🪪  property.notFound                                                                                                 
         💡  Learn more: https://phpstan.org/blog/solving-phpstan-access-to-undefined-property                                 
 ------ ---------------------------------------------------------------------------------------------------------------------- 

 ------ --------------------------------------------------------------------------------------------------------------------------------------------- 
  Line   app/Models/Traits/Accessors/FinancialStatementAbleAccessor.php (in context of class App\Models\CashFlowStatement)                            
 ------ --------------------------------------------------------------------------------------------------------------------------------------------- 
  40     Call to an undefined method Illuminate\Database\Eloquent\Model::getDatesIndexesHelper().                                                     
         🪪  method.notFound                                                                                                                          
  50     Call to an undefined method Illuminate\Database\Eloquent\Model::getDatesIndexesHelper().                                                     
         🪪  method.notFound                                                                                                                          
  58     Binary operation "-" between string and 1 results in an error.                                                                               
         🪪  binaryOp.invalid                                                                                                                         
  62     Binary operation "-" between string and 1 results in an error.                                                                               
         🪪  binaryOp.invalid                                                                                                                         
  69     Access to an undefined property App\Models\CashFlowStatement::$depends_on.                                                                   
         🪪  property.notFound                                                                                                                        
         💡  Learn more: https://phpstan.org/blog/solving-phpstan-access-to-undefined-property                                                        
  87     Right side of && is always true.                                                                                                             
         🪪  booleanAnd.rightAlwaysTrue                                                                                                               
         💡  Because the type is coming from a PHPDoc, you can turn off this check by setting treatPhpDocTypesAsCertain: false in your phpstan.neon.  
 ------ --------------------------------------------------------------------------------------------------------------------------------------------- 

 ------ --------------------------------------------------------------------------------------------------------------------------------------------- 
  Line   app/Models/Traits/Accessors/FinancialStatementAbleAccessor.php (in context of class App\Models\IncomeStatement)                              
 ------ --------------------------------------------------------------------------------------------------------------------------------------------- 
  40     Call to an undefined method Illuminate\Database\Eloquent\Model::getDatesIndexesHelper().                                                     
         🪪  method.notFound                                                                                                                          
  50     Call to an undefined method Illuminate\Database\Eloquent\Model::getDatesIndexesHelper().                                                     
         🪪  method.notFound                                                                                                                          
  58     Binary operation "-" between string and 1 results in an error.                                                                               
         🪪  binaryOp.invalid                                                                                                                         
  62     Binary operation "-" between string and 1 results in an error.                                                                               
         🪪  binaryOp.invalid                                                                                                                         
  69     Access to an undefined property App\Models\IncomeStatement::$depends_on.                                                                     
         🪪  property.notFound                                                                                                                        
         💡  Learn more: https://phpstan.org/blog/solving-phpstan-access-to-undefined-property                                                        
  87     Right side of && is always true.                                                                                                             
         🪪  booleanAnd.rightAlwaysTrue                                                                                                               
         💡  Because the type is coming from a PHPDoc, you can turn off this check by setting treatPhpDocTypesAsCertain: false in your phpstan.neon.  
 ------ --------------------------------------------------------------------------------------------------------------------------------------------- 

 ------ ---------------------------------------------------------------------------------------------------------------- 
  Line   app/Models/Traits/Accessors/FinancialStatementAccessor.php (in context of class App\Models\FinancialStatement)  
 ------ ---------------------------------------------------------------------------------------------------------------- 
  53     Binary operation "-" between string and 1 results in an error.                                                  
         🪪  binaryOp.invalid                                                                                            
  57     Binary operation "-" between string and 1 results in an error.                                                  
         🪪  binaryOp.invalid                                                                                            
  67     Access to an undefined property App\Models\FinancialStatement::$depends_on.                                     
         🪪  property.notFound                                                                                           
         💡  Learn more: https://phpstan.org/blog/solving-phpstan-access-to-undefined-property                           
 ------ ---------------------------------------------------------------------------------------------------------------- 

 ------ ------------------------------------------------------------------------------------------------------------------------ 
  Line   app/Models/Traits/Accessors/FinancialStatementItemAccessor.php (in context of class App\Models\FinancialStatementItem)  
 ------ ------------------------------------------------------------------------------------------------------------------------ 
  15     Access to an undefined property App\Models\FinancialStatementItem::$name.                                               
         🪪  property.notFound                                                                                                   
         💡  Learn more: https://phpstan.org/blog/solving-phpstan-access-to-undefined-property                                   
  23     Access to an undefined property App\Models\FinancialStatementItem::$company.                                            
         🪪  property.notFound                                                                                                   
         💡  Learn more: https://phpstan.org/blog/solving-phpstan-access-to-undefined-property                                   
  31     Method App\Models\FinancialStatementItem::withSubItemsFor() invoked with 3 parameters, 1-2 required.                    
         🪪  arguments.count                                                                                                     
  40     Call to an undefined method App\Models\FinancialStatementItem::withMainRowsPivotFor().                                  
         🪪  method.notFound                                                                                                     
  44     Call to an undefined method App\Models\FinancialStatementItem::withMainRowsPivotFor().                                  
         🪪  method.notFound                                                                                                     
 ------ ------------------------------------------------------------------------------------------------------------------------ 

 ------ -------------------------------------------------------------------------------------------------------------- 
  Line   app/Models/Traits/Accessors/FreelancerExpenseAccessor.php (in context of class App\Models\FreelancerExpense)  
 ------ -------------------------------------------------------------------------------------------------------------- 
  12     Access to an undefined property App\Models\FreelancerExpense::$pivot.                                         
         🪪  property.notFound                                                                                         
         💡  Learn more: https://phpstan.org/blog/solving-phpstan-access-to-undefined-property                         
  16     Access to an undefined property App\Models\FreelancerExpense::$company.                                       
         🪪  property.notFound                                                                                         
         💡  Learn more: https://phpstan.org/blog/solving-phpstan-access-to-undefined-property                         
  26     Access to an undefined property App\Models\FreelancerExpense::$pivot.                                         
         🪪  property.notFound                                                                                         
         💡  Learn more: https://phpstan.org/blog/solving-phpstan-access-to-undefined-property                         
  30     Access to an undefined property App\Models\FreelancerExpense::$pivot.                                         
         🪪  property.notFound                                                                                         
         💡  Learn more: https://phpstan.org/blog/solving-phpstan-access-to-undefined-property                         
  35     Access to an undefined property App\Models\FreelancerExpense::$pivot.                                         
         🪪  property.notFound                                                                                         
         💡  Learn more: https://phpstan.org/blog/solving-phpstan-access-to-undefined-property                         
  39     Access to an undefined property App\Models\FreelancerExpense::$pivot.                                         
         🪪  property.notFound                                                                                         
         💡  Learn more: https://phpstan.org/blog/solving-phpstan-access-to-undefined-property                         
  44     Access to an undefined property App\Models\FreelancerExpense::$pivot.                                         
         🪪  property.notFound                                                                                         
         💡  Learn more: https://phpstan.org/blog/solving-phpstan-access-to-undefined-property                         
 ------ -------------------------------------------------------------------------------------------------------------- 

 ------ -------------------------------------------------------------------------------------------------------- 
  Line   app/Models/Traits/Accessors/GeneralExpenseAccessor.php (in context of class App\Models\GeneralExpense)  
 ------ -------------------------------------------------------------------------------------------------------- 
  11     Access to an undefined property App\Models\GeneralExpense::$pivot.                                      
         🪪  property.notFound                                                                                   
         💡  Learn more: https://phpstan.org/blog/solving-phpstan-access-to-undefined-property                   
  15     Access to an undefined property App\Models\GeneralExpense::$company.                                    
         🪪  property.notFound                                                                                   
         💡  Learn more: https://phpstan.org/blog/solving-phpstan-access-to-undefined-property                   
  24     Access to an undefined property App\Models\GeneralExpense::$pivot.                                      
         🪪  property.notFound                                                                                   
         💡  Learn more: https://phpstan.org/blog/solving-phpstan-access-to-undefined-property                   
  34     Access to an undefined property App\Models\GeneralExpense::$pivot.                                      
         🪪  property.notFound                                                                                   
         💡  Learn more: https://phpstan.org/blog/solving-phpstan-access-to-undefined-property                   
  38     Access to an undefined property App\Models\GeneralExpense::$pivot.                                      
         🪪  property.notFound                                                                                   
         💡  Learn more: https://phpstan.org/blog/solving-phpstan-access-to-undefined-property                   
  42     Access to an undefined property App\Models\GeneralExpense::$pivot.                                      
         🪪  property.notFound                                                                                   
         💡  Learn more: https://phpstan.org/blog/solving-phpstan-access-to-undefined-property                   
 ------ -------------------------------------------------------------------------------------------------------- 

 ------ ------------------------------------------------------------------------------------------------------------------ 
  Line   app/Models/Traits/Accessors/IncomeStatementItemAccessor.php (in context of class App\Models\IncomeStatementItem)  
 ------ ------------------------------------------------------------------------------------------------------------------ 
  24     Access to an undefined property App\Models\IncomeStatementItem::$company.                                         
         🪪  property.notFound                                                                                             
         💡  Learn more: https://phpstan.org/blog/solving-phpstan-access-to-undefined-property                             
 ------ ------------------------------------------------------------------------------------------------------------------ 

 ------ ----------------------------------------------------------------------------------------- 
  Line   app/Models/Traits/Accessors/OtherAccessor.php                                            
 ------ ----------------------------------------------------------------------------------------- 
  5      Trait App\Models\Traits\Accessors\OtherAccessor is used zero times and is not analysed.  
         🪪  trait.unused                                                                         
         💡  See: https://phpstan.org/blog/how-phpstan-analyses-traits                            
 ------ ----------------------------------------------------------------------------------------- 

 ------ ---------------------------------------------------------------------------------------------------------------------------------- 
  Line   app/Models/Traits/Accessors/OtherDirectOperationExpenseAccessor.php (in context of class App\Models\OtherDirectOperationExpense)  
 ------ ---------------------------------------------------------------------------------------------------------------------------------- 
  12     Access to an undefined property App\Models\OtherDirectOperationExpense::$pivot.                                                   
         🪪  property.notFound                                                                                                             
         💡  Learn more: https://phpstan.org/blog/solving-phpstan-access-to-undefined-property                                             
  16     Access to an undefined property App\Models\OtherDirectOperationExpense::$company.                                                 
         🪪  property.notFound                                                                                                             
         💡  Learn more: https://phpstan.org/blog/solving-phpstan-access-to-undefined-property                                             
  25     Access to an undefined property App\Models\OtherDirectOperationExpense::$pivot.                                                   
         🪪  property.notFound                                                                                                             
         💡  Learn more: https://phpstan.org/blog/solving-phpstan-access-to-undefined-property                                             
  29     Access to an undefined property App\Models\OtherDirectOperationExpense::$pivot.                                                   
         🪪  property.notFound                                                                                                             
         💡  Learn more: https://phpstan.org/blog/solving-phpstan-access-to-undefined-property                                             
  33     Access to an undefined property App\Models\OtherDirectOperationExpense::$pivot.                                                   
         🪪  property.notFound                                                                                                             
         💡  Learn more: https://phpstan.org/blog/solving-phpstan-access-to-undefined-property                                             
  43     Access to an undefined property App\Models\OtherDirectOperationExpense::$pivot.                                                   
         🪪  property.notFound                                                                                                             
         💡  Learn more: https://phpstan.org/blog/solving-phpstan-access-to-undefined-property                                             
 ------ ---------------------------------------------------------------------------------------------------------------------------------- 

 ------ ------------------------------------------------------------------------------------------------------------------------------------ 
  Line   app/Models/Traits/Accessors/OtherVariableManpowerExpenseAccessor.php (in context of class App\Models\OtherVariableManpowerExpense)  
 ------ ------------------------------------------------------------------------------------------------------------------------------------ 
  16     Access to an undefined property App\Models\OtherVariableManpowerExpense::$company.                                                  
         🪪  property.notFound                                                                                                               
         💡  Learn more: https://phpstan.org/blog/solving-phpstan-access-to-undefined-property                                               
 ------ ------------------------------------------------------------------------------------------------------------------------------------ 

 ------ ------------------------------------------------------------------------------------------------------ 
  Line   app/Models/Traits/Accessors/ProfitabilityAccessor.php (in context of class App\Models\Profitability)  
 ------ ------------------------------------------------------------------------------------------------------ 
  11     Access to an undefined property App\Models\Profitability::$pivot.                                     
         🪪  property.notFound                                                                                 
         💡  Learn more: https://phpstan.org/blog/solving-phpstan-access-to-undefined-property                 
  15     Access to an undefined property App\Models\Profitability::$company.                                   
         🪪  property.notFound                                                                                 
         💡  Learn more: https://phpstan.org/blog/solving-phpstan-access-to-undefined-property                 
 ------ ------------------------------------------------------------------------------------------------------ 

 ------ ------------------------------------------------------------------------------------------------------------------------ 
  Line   app/Models/Traits/Accessors/QuickPricingCalculatorAccessor.php (in context of class App\Models\QuickPricingCalculator)  
 ------ ------------------------------------------------------------------------------------------------------------------------ 
  202    Binary operation "/" between string|null and non-falsy-string results in an error.                                      
         🪪  binaryOp.invalid                                                                                                    
 ------ ------------------------------------------------------------------------------------------------------------------------ 

 ------ -------------------------------------------------------------------------------------------------------------------------------- 
  Line   app/Models/Traits/Accessors/QuotationPricingCalculatorAccessor.php (in context of class App\Models\QuotationPricingCalculator)  
 ------ -------------------------------------------------------------------------------------------------------------------------------- 
  63     Access to an undefined property App\Models\QuotationPricingCalculator::$serviceNature.                                          
         🪪  property.notFound                                                                                                           
         💡  Learn more: https://phpstan.org/blog/solving-phpstan-access-to-undefined-property                                           
  96     Access to an undefined property App\Models\QuotationPricingCalculator::$delivery_days.                                          
         🪪  property.notFound                                                                                                           
         💡  Learn more: https://phpstan.org/blog/solving-phpstan-access-to-undefined-property                                           
 ------ -------------------------------------------------------------------------------------------------------------------------------- 

 ------ ---------------------------------------------------------------------------------------------------------------------------- 
  Line   app/Models/Traits/Accessors/SalesAndMarketingExpenseAccessor.php (in context of class App\Models\SalesAndMarketingExpense)  
 ------ ---------------------------------------------------------------------------------------------------------------------------- 
  12     Access to an undefined property App\Models\SalesAndMarketingExpense::$pivot.                                                
         🪪  property.notFound                                                                                                       
         💡  Learn more: https://phpstan.org/blog/solving-phpstan-access-to-undefined-property                                       
  16     Access to an undefined property App\Models\SalesAndMarketingExpense::$company.                                              
         🪪  property.notFound                                                                                                       
         💡  Learn more: https://phpstan.org/blog/solving-phpstan-access-to-undefined-property                                       
  25     Access to an undefined property App\Models\SalesAndMarketingExpense::$pivot.                                                
         🪪  property.notFound                                                                                                       
         💡  Learn more: https://phpstan.org/blog/solving-phpstan-access-to-undefined-property                                       
  35     Access to an undefined property App\Models\SalesAndMarketingExpense::$pivot.                                                
         🪪  property.notFound                                                                                                       
         💡  Learn more: https://phpstan.org/blog/solving-phpstan-access-to-undefined-property                                       
  39     Access to an undefined property App\Models\SalesAndMarketingExpense::$pivot.                                                
         🪪  property.notFound                                                                                                       
         💡  Learn more: https://phpstan.org/blog/solving-phpstan-access-to-undefined-property                                       
  43     Access to an undefined property App\Models\SalesAndMarketingExpense::$pivot.                                                
         🪪  property.notFound                                                                                                       
         💡  Learn more: https://phpstan.org/blog/solving-phpstan-access-to-undefined-property                                       
 ------ ---------------------------------------------------------------------------------------------------------------------------- 

 ------ -------------------------------------------------------------------------------------------------- 
  Line   app/Models/Traits/Accessors/SharingLinkAccessor.php (in context of class App\Models\SharingLink)  
 ------ -------------------------------------------------------------------------------------------------- 
  25     Method App\Models\SharingLink::isActive() should return bool but returns int.                     
         🪪  return.type                                                                                   
 ------ -------------------------------------------------------------------------------------------------- 

 ------ ----------------------------------------------------------------------------------------------------------------------------- 
  Line   app/Models/Traits/Controllers/HasBalances.php (in context of class App\Http\Controllers\CustomerInvoiceDashboardController)  
 ------ ----------------------------------------------------------------------------------------------------------------------------- 
  21     PHPDoc tag @var for variable $firstCustomerInvoice contains unknown class App\Models\Traits\Controllers\CustomerInvoice.     
         🪪  class.notFound                                                                                                           
         💡  Learn more at https://phpstan.org/user-guide/discovering-symbols                                                         
  21     Variable $firstCustomerInvoice in PHPDoc tag @var does not match assigned variable $oneDayBeforeStartDate.                   
         🪪  varTag.differentVariable                                                                                                 
  158    Anonymous function has an unused use $currency.                                                                              
         🪪  closure.unusedUse                                                                                                        
  225    Right side of || is always false.                                                                                            
         🪪  booleanOr.rightAlwaysFalse                                                                                               
 ------ ----------------------------------------------------------------------------------------------------------------------------- 

 ------ --------------------------------------------------------------------------------------------------------------------------------------------- 
  Line   app/Models/Traits/Mutators/FinancialStatementAbleMutator.php (in context of class App\Models\CashFlowStatement)                              
 ------ --------------------------------------------------------------------------------------------------------------------------------------------- 
  26     Strict comparison using === between int<1, max> and 0 will always evaluate to false.                                                         
         🪪  identical.alwaysFalse                                                                                                                    
         💡  Because the type is coming from a PHPDoc, you can turn off this check by setting treatPhpDocTypesAsCertain: false in your phpstan.neon.  
  443    Access to an undefined property Illuminate\Database\Eloquent\Model::$pivot.                                                                  
         🪪  property.notFound                                                                                                                        
         💡  Learn more: https://phpstan.org/blog/solving-phpstan-access-to-undefined-property                                                        
  445    Access to an undefined property Illuminate\Database\Eloquent\Model::$pivot.                                                                  
         🪪  property.notFound                                                                                                                        
         💡  Learn more: https://phpstan.org/blog/solving-phpstan-access-to-undefined-property                                                        
  548    Access to an undefined property Illuminate\Database\Eloquent\Model::$id.                                                                     
         🪪  property.notFound                                                                                                                        
         💡  Learn more: https://phpstan.org/blog/solving-phpstan-access-to-undefined-property                                                        
  549    Access to an undefined property Illuminate\Database\Eloquent\Model::$has_sub_items.                                                          
         🪪  property.notFound                                                                                                                        
         💡  Learn more: https://phpstan.org/blog/solving-phpstan-access-to-undefined-property                                                        
  551    Access to an undefined property Illuminate\Database\Eloquent\Model::$has_sub_items.                                                          
         🪪  property.notFound                                                                                                                        
         💡  Learn more: https://phpstan.org/blog/solving-phpstan-access-to-undefined-property                                                        
  616    Access to an undefined property Illuminate\Database\Eloquent\Model::$name.                                                                   
         🪪  property.notFound                                                                                                                        
         💡  Learn more: https://phpstan.org/blog/solving-phpstan-access-to-undefined-property                                                        
  617    Access to an undefined property Illuminate\Database\Eloquent\Model::$has_sub_items.                                                          
         🪪  property.notFound                                                                                                                        
         💡  Learn more: https://phpstan.org/blog/solving-phpstan-access-to-undefined-property                                                        
  618    Access to an undefined property Illuminate\Database\Eloquent\Model::$has_depreciation_or_amortization.                                       
         🪪  property.notFound                                                                                                                        
         💡  Learn more: https://phpstan.org/blog/solving-phpstan-access-to-undefined-property                                                        
  619    Access to an undefined property Illuminate\Database\Eloquent\Model::$has_percentage_or_fixed_sub_items.                                      
         🪪  property.notFound                                                                                                                        
         💡  Learn more: https://phpstan.org/blog/solving-phpstan-access-to-undefined-property                                                        
  620    Access to an undefined property Illuminate\Database\Eloquent\Model::$financial_statement_able_type.                                          
         🪪  property.notFound                                                                                                                        
         💡  Learn more: https://phpstan.org/blog/solving-phpstan-access-to-undefined-property                                                        
  621    Access to an undefined property Illuminate\Database\Eloquent\Model::$is_main_for_all_calculations.                                           
         🪪  property.notFound                                                                                                                        
         💡  Learn more: https://phpstan.org/blog/solving-phpstan-access-to-undefined-property                                                        
  622    Access to an undefined property Illuminate\Database\Eloquent\Model::$is_sales_rate.                                                          
         🪪  property.notFound                                                                                                                        
         💡  Learn more: https://phpstan.org/blog/solving-phpstan-access-to-undefined-property                                                        
  623    Access to an undefined property Illuminate\Database\Eloquent\Model::$for_interval_comparing.                                                 
         🪪  property.notFound                                                                                                                        
         💡  Learn more: https://phpstan.org/blog/solving-phpstan-access-to-undefined-property                                                        
  624    Access to an undefined property Illuminate\Database\Eloquent\Model::$depends_on.                                                             
         🪪  property.notFound                                                                                                                        
         💡  Learn more: https://phpstan.org/blog/solving-phpstan-access-to-undefined-property                                                        
  625    Access to an undefined property Illuminate\Database\Eloquent\Model::$equation.                                                               
         🪪  property.notFound                                                                                                                        
         💡  Learn more: https://phpstan.org/blog/solving-phpstan-access-to-undefined-property                                                        
  626    Access to an undefined property Illuminate\Database\Eloquent\Model::$has_auto_depreciation.                                                  
         🪪  property.notFound                                                                                                                        
         💡  Learn more: https://phpstan.org/blog/solving-phpstan-access-to-undefined-property                                                        
  627    Access to an undefined property Illuminate\Database\Eloquent\Model::$is_auto_depreciation_for.                                               
         🪪  property.notFound                                                                                                                        
         💡  Learn more: https://phpstan.org/blog/solving-phpstan-access-to-undefined-property                                                        
  628    Access to an undefined property Illuminate\Database\Eloquent\Model::$is_accumulated.                                                         
         🪪  property.notFound                                                                                                                        
         💡  Learn more: https://phpstan.org/blog/solving-phpstan-access-to-undefined-property                                                        
 ------ --------------------------------------------------------------------------------------------------------------------------------------------- 

 ------ --------------------------------------------------------------------------------------------------------------------------------------------- 
  Line   app/Models/Traits/Mutators/FinancialStatementAbleMutator.php (in context of class App\Models\IncomeStatement)                                
 ------ --------------------------------------------------------------------------------------------------------------------------------------------- 
  26     Strict comparison using === between int<1, max> and 0 will always evaluate to false.                                                         
         🪪  identical.alwaysFalse                                                                                                                    
         💡  Because the type is coming from a PHPDoc, you can turn off this check by setting treatPhpDocTypesAsCertain: false in your phpstan.neon.  
  443    Access to an undefined property Illuminate\Database\Eloquent\Model::$pivot.                                                                  
         🪪  property.notFound                                                                                                                        
         💡  Learn more: https://phpstan.org/blog/solving-phpstan-access-to-undefined-property                                                        
  445    Access to an undefined property Illuminate\Database\Eloquent\Model::$pivot.                                                                  
         🪪  property.notFound                                                                                                                        
         💡  Learn more: https://phpstan.org/blog/solving-phpstan-access-to-undefined-property                                                        
  548    Access to an undefined property Illuminate\Database\Eloquent\Model::$id.                                                                     
         🪪  property.notFound                                                                                                                        
         💡  Learn more: https://phpstan.org/blog/solving-phpstan-access-to-undefined-property                                                        
  549    Access to an undefined property Illuminate\Database\Eloquent\Model::$has_sub_items.                                                          
         🪪  property.notFound                                                                                                                        
         💡  Learn more: https://phpstan.org/blog/solving-phpstan-access-to-undefined-property                                                        
  551    Access to an undefined property Illuminate\Database\Eloquent\Model::$has_sub_items.                                                          
         🪪  property.notFound                                                                                                                        
         💡  Learn more: https://phpstan.org/blog/solving-phpstan-access-to-undefined-property                                                        
  616    Access to an undefined property Illuminate\Database\Eloquent\Model::$name.                                                                   
         🪪  property.notFound                                                                                                                        
         💡  Learn more: https://phpstan.org/blog/solving-phpstan-access-to-undefined-property                                                        
  617    Access to an undefined property Illuminate\Database\Eloquent\Model::$has_sub_items.                                                          
         🪪  property.notFound                                                                                                                        
         💡  Learn more: https://phpstan.org/blog/solving-phpstan-access-to-undefined-property                                                        
  618    Access to an undefined property Illuminate\Database\Eloquent\Model::$has_depreciation_or_amortization.                                       
         🪪  property.notFound                                                                                                                        
         💡  Learn more: https://phpstan.org/blog/solving-phpstan-access-to-undefined-property                                                        
  619    Access to an undefined property Illuminate\Database\Eloquent\Model::$has_percentage_or_fixed_sub_items.                                      
         🪪  property.notFound                                                                                                                        
         💡  Learn more: https://phpstan.org/blog/solving-phpstan-access-to-undefined-property                                                        
  620    Access to an undefined property Illuminate\Database\Eloquent\Model::$financial_statement_able_type.                                          
         🪪  property.notFound                                                                                                                        
         💡  Learn more: https://phpstan.org/blog/solving-phpstan-access-to-undefined-property                                                        
  621    Access to an undefined property Illuminate\Database\Eloquent\Model::$is_main_for_all_calculations.                                           
         🪪  property.notFound                                                                                                                        
         💡  Learn more: https://phpstan.org/blog/solving-phpstan-access-to-undefined-property                                                        
  622    Access to an undefined property Illuminate\Database\Eloquent\Model::$is_sales_rate.                                                          
         🪪  property.notFound                                                                                                                        
         💡  Learn more: https://phpstan.org/blog/solving-phpstan-access-to-undefined-property                                                        
  623    Access to an undefined property Illuminate\Database\Eloquent\Model::$for_interval_comparing.                                                 
         🪪  property.notFound                                                                                                                        
         💡  Learn more: https://phpstan.org/blog/solving-phpstan-access-to-undefined-property                                                        
  624    Access to an undefined property Illuminate\Database\Eloquent\Model::$depends_on.                                                             
         🪪  property.notFound                                                                                                                        
         💡  Learn more: https://phpstan.org/blog/solving-phpstan-access-to-undefined-property                                                        
  625    Access to an undefined property Illuminate\Database\Eloquent\Model::$equation.                                                               
         🪪  property.notFound                                                                                                                        
         💡  Learn more: https://phpstan.org/blog/solving-phpstan-access-to-undefined-property                                                        
  626    Access to an undefined property Illuminate\Database\Eloquent\Model::$has_auto_depreciation.                                                  
         🪪  property.notFound                                                                                                                        
         💡  Learn more: https://phpstan.org/blog/solving-phpstan-access-to-undefined-property                                                        
  627    Access to an undefined property Illuminate\Database\Eloquent\Model::$is_auto_depreciation_for.                                               
         🪪  property.notFound                                                                                                                        
         💡  Learn more: https://phpstan.org/blog/solving-phpstan-access-to-undefined-property                                                        
  628    Access to an undefined property Illuminate\Database\Eloquent\Model::$is_accumulated.                                                         
         🪪  property.notFound                                                                                                                        
         💡  Learn more: https://phpstan.org/blog/solving-phpstan-access-to-undefined-property                                                        
 ------ --------------------------------------------------------------------------------------------------------------------------------------------- 

 ------ ------------------------------------------------------------------------------------------------ 
  Line   app/Models/Traits/Mutators/SharingLinkMutator.php (in context of class App\Models\SharingLink)  
 ------ ------------------------------------------------------------------------------------------------ 
  7      Property App\Models\SharingLink::$is_active (int) does not accept bool.                         
         🪪  assign.propertyType                                                                         
 ------ ------------------------------------------------------------------------------------------------ 

 ------ ------------------------------------------------------------------------------------------------- 
  Line   app/Models/Traits/Relations/ProfitabilityRelation.php                                            
 ------ ------------------------------------------------------------------------------------------------- 
  6      Trait App\Models\Traits\Relations\ProfitabilityRelation is used zero times and is not analysed.  
         🪪  trait.unused                                                                                 
         💡  See: https://phpstan.org/blog/how-phpstan-analyses-traits                                    
 ------ ------------------------------------------------------------------------------------------------- 

 ------ ------------------------------------------------------------------------------------------------ 
  Line   app/Models/Traits/Relations/SalesChannelRelation.php                                            
 ------ ------------------------------------------------------------------------------------------------ 
  7      Trait App\Models\Traits\Relations\SalesChannelRelation is used zero times and is not analysed.  
         🪪  trait.unused                                                                                
         💡  See: https://phpstan.org/blog/how-phpstan-analyses-traits                                   
 ------ ------------------------------------------------------------------------------------------------ 

 ------ ------------------------------------------------------------------------------------------------------------- 
  Line   app/Models/Traits/Scopes/HasFixedAsset.php (in context of class App\Models\PropertyManagement\Study)         
 ------ ------------------------------------------------------------------------------------------------------------- 
  20     Access to an undefined property App\Models\PropertyManagement\Study::$newBranchFixedAssetsFundingStructure.  
         🪪  property.notFound                                                                                        
         💡  Learn more: https://phpstan.org/blog/solving-phpstan-access-to-undefined-property                        
 ------ ------------------------------------------------------------------------------------------------------------- 

 ------ ---------------------------------------------------------------------------------------------------------- 
  Line   app/Models/Traits/Scopes/IsDepartment.php (in context of class App\Models\NonBankingService\ExpenseName)  
 ------ ---------------------------------------------------------------------------------------------------------- 
  14     Access to an undefined property App\Models\NonBankingService\ExpenseName::$positions.                     
         🪪  property.notFound                                                                                     
         💡  Learn more: https://phpstan.org/blog/solving-phpstan-access-to-undefined-property                     
  14     Access to an undefined property App\Models\NonBankingService\ExpenseName::$positions.                     
         🪪  property.notFound                                                                                     
         💡  Learn more: https://phpstan.org/blog/solving-phpstan-access-to-undefined-property                     
 ------ ---------------------------------------------------------------------------------------------------------- 

 ------ ----------------------------------------------------------------------------------------------------------- 
  Line   app/Models/Traits/Scopes/IsDepartment.php (in context of class App\Models\PropertyManagement\ExpenseName)  
 ------ ----------------------------------------------------------------------------------------------------------- 
  14     Access to an undefined property App\Models\PropertyManagement\ExpenseName::$positions.                     
         🪪  property.notFound                                                                                      
         💡  Learn more: https://phpstan.org/blog/solving-phpstan-access-to-undefined-property                      
  14     Access to an undefined property App\Models\PropertyManagement\ExpenseName::$positions.                     
         🪪  property.notFound                                                                                      
         💡  Learn more: https://phpstan.org/blog/solving-phpstan-access-to-undefined-property                      
 ------ ----------------------------------------------------------------------------------------------------------- 

 ------ ----------------------------------------------------------------------------------------------------------------- 
  Line   app/Models/Traits/Scopes/IsRevenueStream.php (in context of class App\Models\NonBankingService\RevenueContract)  
 ------ ----------------------------------------------------------------------------------------------------------------- 
  10     Method App\Models\NonBankingService\RevenueContract::getCategoryId() should return int but returns string|null.  
         🪪  return.type                                                                                                  
  14     Access to an undefined property App\Models\NonBankingService\RevenueContract::$loan_nature.                      
         🪪  property.notFound                                                                                            
         💡  Learn more: https://phpstan.org/blog/solving-phpstan-access-to-undefined-property                            
  18     Access to an undefined property App\Models\NonBankingService\RevenueContract::$loan_type.                        
         🪪  property.notFound                                                                                            
         💡  Learn more: https://phpstan.org/blog/solving-phpstan-access-to-undefined-property                            
  22     Access to an undefined property App\Models\NonBankingService\RevenueContract::$tenor.                            
         🪪  property.notFound                                                                                            
         💡  Learn more: https://phpstan.org/blog/solving-phpstan-access-to-undefined-property                            
  26     Access to an undefined property App\Models\NonBankingService\RevenueContract::$grace_period.                     
         🪪  property.notFound                                                                                            
         💡  Learn more: https://phpstan.org/blog/solving-phpstan-access-to-undefined-property                            
  30     Access to an undefined property App\Models\NonBankingService\RevenueContract::$margin_rate.                      
         🪪  property.notFound                                                                                            
         💡  Learn more: https://phpstan.org/blog/solving-phpstan-access-to-undefined-property                            
  34     Access to an undefined property App\Models\NonBankingService\RevenueContract::$sensitivity_margin_rate.          
         🪪  property.notFound                                                                                            
         💡  Learn more: https://phpstan.org/blog/solving-phpstan-access-to-undefined-property                            
  38     Access to an undefined property App\Models\NonBankingService\RevenueContract::$installment_interval.             
         🪪  property.notFound                                                                                            
         💡  Learn more: https://phpstan.org/blog/solving-phpstan-access-to-undefined-property                            
  46     Access to an undefined property App\Models\NonBankingService\RevenueContract::$step_up.                          
         🪪  property.notFound                                                                                            
         💡  Learn more: https://phpstan.org/blog/solving-phpstan-access-to-undefined-property                            
  50     Access to an undefined property App\Models\NonBankingService\RevenueContract::$step_down.                        
         🪪  property.notFound                                                                                            
         💡  Learn more: https://phpstan.org/blog/solving-phpstan-access-to-undefined-property                            
  54     Access to an undefined property App\Models\NonBankingService\RevenueContract::$step_interval.                    
         🪪  property.notFound                                                                                            
         💡  Learn more: https://phpstan.org/blog/solving-phpstan-access-to-undefined-property                            
 ------ ----------------------------------------------------------------------------------------------------------------- 

 ------ ---------------------------------------------------------------------------------------------------------------------------------------- 
  Line   app/Models/Traits/Scopes/IsRevenueStream.php (in context of class App\Models\NonBankingService\ReverseFactoringRevenueStreamBreakdown)  
 ------ ---------------------------------------------------------------------------------------------------------------------------------------- 
  10     Access to an undefined property App\Models\NonBankingService\ReverseFactoringRevenueStreamBreakdown::$category_id.                      
         🪪  property.notFound                                                                                                                   
         💡  Learn more: https://phpstan.org/blog/solving-phpstan-access-to-undefined-property                                                   
  14     Access to an undefined property App\Models\NonBankingService\ReverseFactoringRevenueStreamBreakdown::$loan_nature.                      
         🪪  property.notFound                                                                                                                   
         💡  Learn more: https://phpstan.org/blog/solving-phpstan-access-to-undefined-property                                                   
  18     Access to an undefined property App\Models\NonBankingService\ReverseFactoringRevenueStreamBreakdown::$loan_type.                        
         🪪  property.notFound                                                                                                                   
         💡  Learn more: https://phpstan.org/blog/solving-phpstan-access-to-undefined-property                                                   
  22     Method App\Models\NonBankingService\ReverseFactoringRevenueStreamBreakdown::getTenor() should return int but returns float.             
         🪪  return.type                                                                                                                         
  26     Access to an undefined property App\Models\NonBankingService\ReverseFactoringRevenueStreamBreakdown::$grace_period.                     
         🪪  property.notFound                                                                                                                   
         💡  Learn more: https://phpstan.org/blog/solving-phpstan-access-to-undefined-property                                                   
  38     Access to an undefined property App\Models\NonBankingService\ReverseFactoringRevenueStreamBreakdown::$installment_interval.             
         🪪  property.notFound                                                                                                                   
         💡  Learn more: https://phpstan.org/blog/solving-phpstan-access-to-undefined-property                                                   
  46     Access to an undefined property App\Models\NonBankingService\ReverseFactoringRevenueStreamBreakdown::$step_up.                          
         🪪  property.notFound                                                                                                                   
         💡  Learn more: https://phpstan.org/blog/solving-phpstan-access-to-undefined-property                                                   
  50     Access to an undefined property App\Models\NonBankingService\ReverseFactoringRevenueStreamBreakdown::$step_down.                        
         🪪  property.notFound                                                                                                                   
         💡  Learn more: https://phpstan.org/blog/solving-phpstan-access-to-undefined-property                                                   
  54     Access to an undefined property App\Models\NonBankingService\ReverseFactoringRevenueStreamBreakdown::$step_interval.                    
         🪪  property.notFound                                                                                                                   
         💡  Learn more: https://phpstan.org/blog/solving-phpstan-access-to-undefined-property                                                   
 ------ ---------------------------------------------------------------------------------------------------------------------------------------- 

 ------ ------------------------------------------------------------------------------------------------------------------------------------------------- 
  Line   app/Models/Traits/Scopes/PropertyManagements/HasDueInstallment.php (in context of class App\Models\PropertyManagement\ForecastedProperty)        
 ------ ------------------------------------------------------------------------------------------------------------------------------------------------- 
  58     Call to function is_numeric() with 0 will always evaluate to true.                                                                               
         🪪  function.alreadyNarrowedType                                                                                                                 
         💡  Because the type is coming from a PHPDoc, you can turn off this check by setting treatPhpDocTypesAsCertain: false in your phpstan.neon.      
  81     Call to function is_numeric() with int will always evaluate to true.                                                                             
         🪪  function.alreadyNarrowedType                                                                                                                 
         💡  Because the type is coming from a PHPDoc, you can turn off this check by setting treatPhpDocTypesAsCertain: false in your phpstan.neon.      
  99     Call to function is_numeric() with int will always evaluate to true.                                                                             
         🪪  function.alreadyNarrowedType                                                                                                                 
         💡  Because the type is coming from a PHPDoc, you can turn off this check by setting treatPhpDocTypesAsCertain: false in your phpstan.neon.      
  100    Variable $index might not be defined.                                                                                                            
         🪪  variable.undefined                                                                                                                           
  108    Binary operation "+" between (float|int) and 0|(non-empty-array<int, float|int<1, max>|(non-falsy-string&numeric-string)>) results in an error.  
         🪪  binaryOp.invalid                                                                                                                             
 ------ ------------------------------------------------------------------------------------------------------------------------------------------------- 

 ------ ------------------------------------------------------------------------------------------------------------------------------------------------------------------ 
  Line   app/Models/Traits/Scopes/PropertyManagements/HasDueInstallment.php (in context of class App\Models\PropertyManagement\Property)                                   
 ------ ------------------------------------------------------------------------------------------------------------------------------------------------------------------ 
  100    Variable $index might not be defined.                                                                                                                             
         🪪  variable.undefined                                                                                                                                            
  108    Binary operation "+" between (float|int) and 0|(non-empty-array<int|non-falsy-string, float|int<1, max>|(non-falsy-string&numeric-string)>) results in an error.  
         🪪  binaryOp.invalid                                                                                                                                              
 ------ ------------------------------------------------------------------------------------------------------------------------------------------------------------------ 

 ------ --------------------------------------------------------------------------------------------------------------------------------------------- 
  Line   app/Models/User.php                                                                                                                          
 ------ --------------------------------------------------------------------------------------------------------------------------------------------- 
  127    Ternary operator condition is always true.                                                                                                   
         🪪  ternary.alwaysTrue                                                                                                                       
         💡  Because the type is coming from a PHPDoc, you can turn off this check by setting treatPhpDocTypesAsCertain: false in your phpstan.neon.  
 ------ --------------------------------------------------------------------------------------------------------------------------------------------- 

 ------ --------------------------------------------------------------------------------------------------------------------------------------------- 
  Line   app/Notification.php                                                                                                                         
 ------ --------------------------------------------------------------------------------------------------------------------------------------------- 
  76     Negated boolean expression is always false.                                                                                                  
         🪪  booleanNot.alwaysFalse                                                                                                                   
         💡  Because the type is coming from a PHPDoc, you can turn off this check by setting treatPhpDocTypesAsCertain: false in your phpstan.neon.  
  105    Ternary operator condition is always true.                                                                                                   
         🪪  ternary.alwaysTrue                                                                                                                       
 ------ --------------------------------------------------------------------------------------------------------------------------------------------- 

 ------ --------------------------------------------------------------------------------------------------------- 
  Line   app/NotificationSetting.php                                                                              
 ------ --------------------------------------------------------------------------------------------------------- 
  91     Access to an undefined property App\NotificationSetting::$coming_receivable_cheques_notifications_days.  
         🪪  property.notFound                                                                                    
         💡  Learn more: https://phpstan.org/blog/solving-phpstan-access-to-undefined-property                    
 ------ --------------------------------------------------------------------------------------------------------- 

 ------ ---------------------------------------------------------------------------------------------------------------------------------------------------------- 
  Line   app/Notifications/DueInvoiceNotification.php                                                                                                              
 ------ ---------------------------------------------------------------------------------------------------------------------------------------------------------- 
  54     Method App\Notifications\DueInvoiceNotification::toArray() should return Illuminate\Notifications\Messages\MailMessage but returns array<string, mixed>.  
         🪪  return.type                                                                                                                                           
 ------ ---------------------------------------------------------------------------------------------------------------------------------------------------------- 

 ------ --------------------------------------------------------------------------------------------------------------------------------------------- 
  Line   app/OdooSetting.php                                                                                                                          
 ------ --------------------------------------------------------------------------------------------------------------------------------------------- 
  205    Access to an undefined property App\OdooSetting::$lg_cash_cover_code.                                                                        
         🪪  property.notFound                                                                                                                        
         💡  Learn more: https://phpstan.org/blog/solving-phpstan-access-to-undefined-property                                                        
  209    Access to an undefined property App\OdooSetting::$lg_cash_cover_id.                                                                          
         🪪  property.notFound                                                                                                                        
         💡  Learn more: https://phpstan.org/blog/solving-phpstan-access-to-undefined-property                                                        
  213    Access to an undefined property App\OdooSetting::$lc_cash_cover_code.                                                                        
         🪪  property.notFound                                                                                                                        
         💡  Learn more: https://phpstan.org/blog/solving-phpstan-access-to-undefined-property                                                        
  217    Access to an undefined property App\OdooSetting::$lc_cash_cover_id.                                                                          
         🪪  property.notFound                                                                                                                        
         💡  Learn more: https://phpstan.org/blog/solving-phpstan-access-to-undefined-property                                                        
  221    Access to an undefined property App\OdooSetting::$suspense_account_id.                                                                       
         🪪  property.notFound                                                                                                                        
         💡  Learn more: https://phpstan.org/blog/solving-phpstan-access-to-undefined-property                                                        
  232    Method App\OdooSetting::getCustodyAccountId() should return int but returns string.                                                          
         🪪  return.type                                                                                                                              
  257    Call to function is_null() with int will always evaluate to false.                                                                           
         🪪  function.impossibleType                                                                                                                  
         💡  Because the type is coming from a PHPDoc, you can turn off this check by setting treatPhpDocTypesAsCertain: false in your phpstan.neon.  
  264    Call to function is_null() with string will always evaluate to false.                                                                        
         🪪  function.impossibleType                                                                                                                  
         💡  Because the type is coming from a PHPDoc, you can turn off this check by setting treatPhpDocTypesAsCertain: false in your phpstan.neon.  
  267    Method App\OdooSetting::getInsuranceFromAccount() should return int but returns string.                                                      
         🪪  return.type                                                                                                                              
  274    Method App\OdooSetting::getInsuranceToAccount() should return int but returns string.                                                        
         🪪  return.type                                                                                                                              
 ------ --------------------------------------------------------------------------------------------------------------------------------------------- 

 ------ -------------------------------------------------------------------------------------------------------------------------- 
  Line   app/Policies/AuthorizeCompanies.php                                                                                       
 ------ -------------------------------------------------------------------------------------------------------------------------- 
  19     Method App\Policies\AuthorizeCompanies::__construct() with return type void returns true but should not return anything.  
         🪪  return.void                                                                                                           
 ------ -------------------------------------------------------------------------------------------------------------------------- 

 ------ -------------------------------------- 
  Line   app/Providers/AppServiceProvider.php  
 ------ -------------------------------------- 
  187    If condition is always false.         
         🪪  if.alwaysFalse                    
 ------ -------------------------------------- 

 ------ --------------------------------------------------------------------------------------------------------------------------------------------- 
  Line   app/Providers/FinancialPlanningServiceProvider.php                                                                                           
 ------ --------------------------------------------------------------------------------------------------------------------------------------------- 
  29     If condition is always true.                                                                                                                 
         🪪  if.alwaysTrue                                                                                                                            
         💡  Because the type is coming from a PHPDoc, you can turn off this check by setting treatPhpDocTypesAsCertain: false in your phpstan.neon.  
 ------ --------------------------------------------------------------------------------------------------------------------------------------------- 

 ------ --------------------------------------------------------------------------------------------------------------------------------------------- 
  Line   app/Providers/FinancialStatementServiceProvider.php                                                                                          
 ------ --------------------------------------------------------------------------------------------------------------------------------------------- 
  41     If condition is always true.                                                                                                                 
         🪪  if.alwaysTrue                                                                                                                            
         💡  Because the type is coming from a PHPDoc, you can turn off this check by setting treatPhpDocTypesAsCertain: false in your phpstan.neon.  
  43     Call to an undefined method Illuminate\Database\Eloquent\Model::getDatesIndexesHelper().                                                     
         🪪  method.notFound                                                                                                                          
 ------ --------------------------------------------------------------------------------------------------------------------------------------------- 

 ------ --------------------------------------------------------------------------------------------------------------------------------------------- 
  Line   app/Providers/NonBankingServiceProvider.php                                                                                                  
 ------ --------------------------------------------------------------------------------------------------------------------------------------------- 
  28     If condition is always true.                                                                                                                 
         🪪  if.alwaysTrue                                                                                                                            
         💡  Because the type is coming from a PHPDoc, you can turn off this check by setting treatPhpDocTypesAsCertain: false in your phpstan.neon.  
 ------ --------------------------------------------------------------------------------------------------------------------------------------------- 

 ------ --------------------------------------------------------------------------------------------------------------------------------------------- 
  Line   app/Providers/PropertyManagementServiceProvider.php                                                                                          
 ------ --------------------------------------------------------------------------------------------------------------------------------------------- 
  28     If condition is always true.                                                                                                                 
         🪪  if.alwaysTrue                                                                                                                            
         💡  Because the type is coming from a PHPDoc, you can turn off this check by setting treatPhpDocTypesAsCertain: false in your phpstan.neon.  
 ------ --------------------------------------------------------------------------------------------------------------------------------------------- 

 ------ ------------------------------------------------------------------------------------------------------------------------------------------------------------------------------------ 
  Line   app/ReadyFunctions/CalculateFixedLoanAtBeginningService.php                                                                                                                         
 ------ ------------------------------------------------------------------------------------------------------------------------------------------------------------------------------------ 
  177    Variable $interestFactors might not be defined.                                                                                                                                     
         🪪  variable.undefined                                                                                                                                                              
  337    Offset 'beginning' on array{beginning: array{}, endBalance: array{}}|array{beginning: non-empty-array, endBalance: non-empty-array, interestAmount?: non-empty-array<(float|int)>,  
         schedulePayment: non-empty-array<mixed>, principleAmount: non-empty-array<mixed>} on left side of ?? always exists and is not nullable.                                             
         🪪  nullCoalesce.offset                                                                                                                                                             
 ------ ------------------------------------------------------------------------------------------------------------------------------------------------------------------------------------ 

 ------ ------------------------------------------------------------------------------------------------------------------------------------------------------------------------------------ 
  Line   app/ReadyFunctions/CalculateFixedLoanAtEndService.php                                                                                                                               
 ------ ------------------------------------------------------------------------------------------------------------------------------------------------------------------------------------ 
  162    Method App\ReadyFunctions\CalculateFixedLoanAtEndService::calculateInstallmentAmount() invoked with 10 parameters, 9 required.                                                      
         🪪  arguments.count                                                                                                                                                                 
  164    Variable $interestFactors might not be defined.                                                                                                                                     
         🪪  variable.undefined                                                                                                                                                              
  239    Offset 'beginning' on array{beginning: array{}, endBalance: array{}}|array{beginning: non-empty-array, endBalance: non-empty-array, interestAmount?: non-empty-array<(float|int)>,  
         schedulePayment: non-empty-array<mixed>, principleAmount: non-empty-array<mixed>} on left side of ?? always exists and is not nullable.                                             
         🪪  nullCoalesce.offset                                                                                                                                                             
  357    PHPDoc tag @var for variable $study contains unknown class App\ReadyFunctions\Project.                                                                                              
         🪪  class.notFound                                                                                                                                                                  
         💡  Learn more at https://phpstan.org/user-guide/discovering-symbols                                                                                                                
  357    Variable $study in PHPDoc tag @var does not match assigned variable $fixedLoanAtEndService.                                                                                         
         🪪  varTag.differentVariable                                                                                                                                                        
  428    Variable $executionAndPayment on left side of ?? always exists and is not nullable.                                                                                                 
         🪪  nullCoalesce.variable                                                                                                                                                           
 ------ ------------------------------------------------------------------------------------------------------------------------------------------------------------------------------------ 

 ------ --------------------------------------------------------- 
  Line   app/ReadyFunctions/CalculateProfitsEquationsService.php  
 ------ --------------------------------------------------------- 
  52     Variable $ebitdaPercentages might not be defined.        
         🪪  variable.undefined                                   
  71     Variable $ebitPercentages might not be defined.          
         🪪  variable.undefined                                   
  90     Variable $ebtPercentages might not be defined.           
         🪪  variable.undefined                                   
  107    Variable $netProfit might not be defined.                
         🪪  variable.undefined                                   
  108    Variable $netProfitPercentages might not be defined.     
         🪪  variable.undefined                                   
 ------ --------------------------------------------------------- 

 ------ ----------------------------------------------------------------------- 
  Line   app/ReadyFunctions/ChequeAgingService.php                              
 ------ ----------------------------------------------------------------------- 
  89     If condition is always true.                                           
         🪪  if.alwaysTrue                                                      
  99     If condition is always true.                                           
         🪪  if.alwaysTrue                                                      
  104    If condition is always true.                                           
         🪪  if.alwaysTrue                                                      
  114    If condition is always true.                                           
         🪪  if.alwaysTrue                                                      
  125    Variable $totalOfAllDue in isset() always exists and is not nullable.  
         🪪  isset.variable                                                     
  126    Variable $totalOfAllDue in isset() always exists and is not nullable.  
         🪪  isset.variable                                                     
 ------ ----------------------------------------------------------------------- 

 ------ -------------------------------------------------- 
  Line   app/ReadyFunctions/CollectionPolicyService.php    
 ------ -------------------------------------------------- 
  83     Variable $currentDateIndex might not be defined.  
         🪪  variable.undefined                            
 ------ -------------------------------------------------- 

 ------ ------------------------------------------------------- 
  Line   app/ReadyFunctions/Date.php                            
 ------ ------------------------------------------------------- 
  50     Unreachable statement - code above always terminates.  
         🪪  deadCode.unreachable                               
 ------ ------------------------------------------------------- 

 ------ ---------------------------------------------------------------------------------------------------- 
  Line   app/ReadyFunctions/FixedAssetsPayableEndBalance.php                                                 
 ------ ---------------------------------------------------------------------------------------------------- 
  40     Variable $purchaseAtDate on left side of ?? always exists and is not nullable.                      
         🪪  nullCoalesce.variable                                                                           
  41     Variable $purchaseAtDate on left side of ?? always exists and is not nullable.                      
         🪪  nullCoalesce.variable                                                                           
  46     Offset mixed on non-empty-array<(float|int)> on left side of ?? always exists and is not nullable.  
         🪪  nullCoalesce.offset                                                                             
 ------ ---------------------------------------------------------------------------------------------------- 

 ------ ---------------------------------------------------- 
  Line   app/ReadyFunctions/IntervalSummationOperations.php  
 ------ ---------------------------------------------------- 
  41     Right side of || is always true.                    
         🪪  booleanOr.rightAlwaysTrue                       
 ------ ---------------------------------------------------- 

 ------ ----------------------------------------------------- 
  Line   app/ReadyFunctions/InventoryCoverageDays.php         
 ------ ----------------------------------------------------- 
  137    Variable $store_final_balance might not be defined.  
         🪪  variable.undefined                               
  138    Variable $store_final_balance might not be defined.  
         🪪  variable.undefined                               
  141    Variable $store_final_balance might not be defined.  
         🪪  variable.undefined                               
 ------ ----------------------------------------------------- 

 ------ ----------------------------------------------------------------------- 
  Line   app/ReadyFunctions/InvoiceAgingService.php                             
 ------ ----------------------------------------------------------------------- 
  72     If condition is always true.                                           
         🪪  if.alwaysTrue                                                      
  82     If condition is always true.                                           
         🪪  if.alwaysTrue                                                      
  88     If condition is always true.                                           
         🪪  if.alwaysTrue                                                      
  93     If condition is always true.                                           
         🪪  if.alwaysTrue                                                      
  104    Variable $totalOfAllDue in isset() always exists and is not nullable.  
         🪪  isset.variable                                                     
  105    Variable $totalOfAllDue in isset() always exists and is not nullable.  
         🪪  isset.variable                                                     
 ------ ----------------------------------------------------------------------- 

 ------ ------------------------------------------------------------------------------------------------------------------------------------------------------------------------------------------ 
  Line   app/ReadyFunctions/PortfolioPresentValue.php                                                                                                                                              
 ------ ------------------------------------------------------------------------------------------------------------------------------------------------------------------------------------------ 
  86     Offset 'interestAmount' on array{beginning: non-empty-array<int, mixed>, interestAmount: array, schedulePayment: non-empty-array<int, (float|int)>, principleAmount: non-empty-array<int  
         , float>, endBalance: non-empty-array<int, (float|int)>, revenue_stream_type: 'portfolio-mortgage', revenue_stream_category_id: string, portfolio_loan_type: 'portfolio', ...}|array{int  
         erestAmount: array} on left side of ?? always exists and is not nullable.                                                                                                                 
         🪪  nullCoalesce.offset                                                                                                                                                                   
  100    Offset 'interestAmount' on array{beginning: non-empty-array<int, mixed>, interestAmount: array, schedulePayment: non-empty-array<int, (float|int)>, principleAmount: non-empty-array<int  
         , float>, endBalance: non-empty-array<int, (float|int)>, revenue_stream_type: 'portfolio-mortgage', revenue_stream_category_id: string, portfolio_loan_type: 'portfolio', ...}|array{int  
         erestAmount: array} on left side of ?? always exists and is not nullable.                                                                                                                 
         🪪  nullCoalesce.offset                                                                                                                                                                   
  178    Expression on left side of ?? is not nullable.                                                                                                                                            
         🪪  nullCoalesce.expr                                                                                                                                                                     
 ------ ------------------------------------------------------------------------------------------------------------------------------------------------------------------------------------------ 

 ------ ------------------------------------------- 
  Line   app/ReadyFunctions/SeasonalityService.php  
 ------ ------------------------------------------- 
  45     If condition is always true.               
         🪪  if.alwaysTrue                          
 ------ ------------------------------------------- 

 ------ ---------------------------------------------------------------------------------------------------- 
  Line   app/ReadyFunctions/SupplierPayableEndBalance.php                                                    
 ------ ---------------------------------------------------------------------------------------------------- 
  41     Offset mixed on non-empty-array<(float|int)> on left side of ?? always exists and is not nullable.  
         🪪  nullCoalesce.offset                                                                             
 ------ ---------------------------------------------------------------------------------------------------- 

 ------ ------------------------------------------------ 
  Line   app/ReadyFunctions/VariableLoanCalculation.php  
 ------ ------------------------------------------------ 
  62     Variable $result might not be defined.          
         🪪  variable.undefined                          
 ------ ------------------------------------------------ 

 ------ ---------------------------------------------------------------------------------- 
  Line   app/Rules/LcTermAmountRule.php                                                    
 ------ ---------------------------------------------------------------------------------- 
  55     Cannot call static method getStatementTableName() on class-string|false.          
         🪪  staticMethod.nonObject                                                        
  56     Cannot call static method getForeignKeyInStatementTable() on class-string|false.  
         🪪  staticMethod.nonObject                                                        
 ------ ---------------------------------------------------------------------------------- 

 ------ ---------------------------------------------------------------------------------- 
  Line   app/Rules/LgTermAmountRule.php                                                    
 ------ ---------------------------------------------------------------------------------- 
  58     Cannot call static method getStatementTableName() on class-string|false.          
         🪪  staticMethod.nonObject                                                        
  59     Cannot call static method getForeignKeyInStatementTable() on class-string|false.  
         🪪  staticMethod.nonObject                                                        
 ------ ---------------------------------------------------------------------------------- 

 ------ -------------------------------------------- 
  Line   app/Services/AI/PredictSales.php            
 ------ -------------------------------------------- 
  264    Ternary operator condition is always true.  
         🪪  ternary.alwaysTrue                      
 ------ -------------------------------------------- 

 ------ ------------------------------------------------------------------------------------------- 
  Line   app/Services/Api/CashExpenseOdooService.php                                                
 ------ ------------------------------------------------------------------------------------------- 
  60     Call to function is_numeric() with float|int|numeric-string will always evaluate to true.  
         🪪  function.alreadyNarrowedType                                                           
 ------ ------------------------------------------------------------------------------------------- 

 ------ ------------------------------------------------------------------------------------ 
  Line   app/Services/Api/ExpensePayment.php                                                 
 ------ ------------------------------------------------------------------------------------ 
  220    Strict comparison using === between mixed and false will always evaluate to false.  
         🪪  identical.alwaysFalse                                                           
         💡  Type 0|0.0|''|'0'|array{}|false|null has already been eliminated from mixed.    
 ------ ------------------------------------------------------------------------------------ 

 ------ ----------------------------------------------------------------------------------------------------------------------------------------------- 
  Line   app/Services/Api/InternalMoneyTransfer.php                                                                                                     
 ------ ----------------------------------------------------------------------------------------------------------------------------------------------- 
  80     Call to function is_numeric() with float|int|numeric-string will always evaluate to true.                                                      
         🪪  function.alreadyNarrowedType                                                                                                               
  111    PHPDoc tag @var with type App\Services\Api\InternalMoneyTransfer is not subtype of native type $this(App\Services\Api\InternalMoneyTransfer).  
         🪪  varTag.nativeType                                                                                                                          
  175    Call to function is_numeric() with float|int|numeric-string will always evaluate to true.                                                      
         🪪  function.alreadyNarrowedType                                                                                                               
 ------ ----------------------------------------------------------------------------------------------------------------------------------------------- 

 ------ ------------------------------------------------------------------------------------------- 
  Line   app/Services/Api/MoneyPaymentOdooService.php                                               
 ------ ------------------------------------------------------------------------------------------- 
  56     Call to function is_numeric() with float|int|numeric-string will always evaluate to true.  
         🪪  function.alreadyNarrowedType                                                           
 ------ ------------------------------------------------------------------------------------------- 

 ------ ------------------------------------------------------------------ 
  Line   app/Services/Api/OdooPayment.php                                  
 ------ ------------------------------------------------------------------ 
  54     Call to an undefined method Ripcord_Client::execute_kw().         
         🪪  method.notFound                                               
  75     Call to an undefined method Ripcord_Client::execute_kw().         
         🪪  method.notFound                                               
  147    Call to an undefined method Ripcord_Client::execute_kw().         
         🪪  method.notFound                                               
  167    Call to an undefined method Ripcord_Client::execute_kw().         
         🪪  method.notFound                                               
  196    Variable $moneyModel might not be defined.                        
         🪪  variable.undefined                                            
  488    Call to an undefined method Ripcord_Client::execute_kw().         
         🪪  method.notFound                                               
  509    Call to an undefined method Ripcord_Client::execute_kw().         
         🪪  method.notFound                                               
  596    Variable $paymentData in empty() always exists and is not falsy.  
         🪪  empty.variable                                                
  815    Variable $paymentData in empty() always exists and is not falsy.  
         🪪  empty.variable                                                
  1017   Call to an undefined method Ripcord_Client::execute_kw().         
         🪪  method.notFound                                               
  1028   Call to an undefined method Ripcord_Client::execute_kw().         
         🪪  method.notFound                                               
  1038   Call to an undefined method Ripcord_Client::execute_kw().         
         🪪  method.notFound                                               
 ------ ------------------------------------------------------------------ 

 ------ ------------------------------------------------------------------------------------------------------ 
  Line   app/Services/Api/OdooService.php                                                                      
 ------ ------------------------------------------------------------------------------------------------------ 
  46     PHPDoc tag @var for variable $newMoneyClass contains unknown class App\Services\Api\MoneyPayment.     
         🪪  class.notFound                                                                                    
         💡  Learn more at https://phpstan.org/user-guide/discovering-symbols                                  
  74     Call to static method getMoneyTypeFromJournalId() on an unknown class App\Services\Api\MoneyPayment.  
         🪪  class.notFound                                                                                    
         💡  Learn more at https://phpstan.org/user-guide/discovering-symbols                                  
  214    Call to an undefined method Ripcord_Client::execute_kw().                                             
         🪪  method.notFound                                                                                   
  215    Call to an undefined method Ripcord_Client::execute_kw().                                             
         🪪  method.notFound                                                                                   
  262    Call to an undefined method Ripcord_Client::execute_kw().                                             
         🪪  method.notFound                                                                                   
  265    Call to an undefined method Ripcord_Client::execute_kw().                                             
         🪪  method.notFound                                                                                   
  361    Call to an undefined method Ripcord_Client::execute_kw().                                             
         🪪  method.notFound                                                                                   
  576    Call to an undefined method Ripcord_Client::execute_kw().                                             
         🪪  method.notFound                                                                                   
  591    Call to an undefined method Ripcord_Client::execute_kw().                                             
         🪪  method.notFound                                                                                   
 ------ ------------------------------------------------------------------------------------------------------ 

 ------ ------------------------------------------------------------------------------------------- 
  Line   app/Services/Api/TimeOrCertificateOfDepositOdooService.php                                 
 ------ ------------------------------------------------------------------------------------------- 
  44     Call to function is_numeric() with float|int|numeric-string will always evaluate to true.  
         🪪  function.alreadyNarrowedType                                                           
  120    Call to function is_numeric() with float|int|numeric-string will always evaluate to true.  
         🪪  function.alreadyNarrowedType                                                           
 ------ ------------------------------------------------------------------------------------------- 

 ------ ----------------------------------------------------------------------------------------------------- 
  Line   app/Services/Api/Traits/AuthTrait.php (in context of class App\Services\Api\CashExpenseOdooService)  
 ------ ----------------------------------------------------------------------------------------------------- 
  35     Call to static method client() on an unknown class App\Services\Api\Traits\ripcord.                  
         🪪  class.notFound                                                                                   
         💡  Learn more at https://phpstan.org/user-guide/discovering-symbols                                 
  55     Call to static method client() on an unknown class App\Services\Api\Traits\ripcord.                  
         🪪  class.notFound                                                                                   
         💡  Learn more at https://phpstan.org/user-guide/discovering-symbols                                 
  61     Call to an undefined method Ripcord_Client::execute_kw().                                            
         🪪  method.notFound                                                                                  
  98     Call to an undefined method Ripcord_Client::execute_kw().                                            
         🪪  method.notFound                                                                                  
  99     Call to an undefined method Ripcord_Client::execute_kw().                                            
         🪪  method.notFound                                                                                  
 ------ ----------------------------------------------------------------------------------------------------- 

 ------ -------------------------------------------------------------------------------------------------- 
  Line   app/Services/Api/Traits/AuthTrait.php (in context of class App\Services\Api\ExchangeRateService)  
 ------ -------------------------------------------------------------------------------------------------- 
  35     Call to static method client() on an unknown class App\Services\Api\Traits\ripcord.               
         🪪  class.notFound                                                                                
         💡  Learn more at https://phpstan.org/user-guide/discovering-symbols                              
  55     Call to static method client() on an unknown class App\Services\Api\Traits\ripcord.               
         🪪  class.notFound                                                                                
         💡  Learn more at https://phpstan.org/user-guide/discovering-symbols                              
  61     Call to an undefined method Ripcord_Client::execute_kw().                                         
         🪪  method.notFound                                                                               
  98     Call to an undefined method Ripcord_Client::execute_kw().                                         
         🪪  method.notFound                                                                               
  99     Call to an undefined method Ripcord_Client::execute_kw().                                         
         🪪  method.notFound                                                                               
 ------ -------------------------------------------------------------------------------------------------- 

 ------ --------------------------------------------------------------------------------------------- 
  Line   app/Services/Api/Traits/AuthTrait.php (in context of class App\Services\Api\ExpensePayment)  
 ------ --------------------------------------------------------------------------------------------- 
  35     Call to static method client() on an unknown class App\Services\Api\Traits\ripcord.          
         🪪  class.notFound                                                                           
         💡  Learn more at https://phpstan.org/user-guide/discovering-symbols                         
  55     Call to static method client() on an unknown class App\Services\Api\Traits\ripcord.          
         🪪  class.notFound                                                                           
         💡  Learn more at https://phpstan.org/user-guide/discovering-symbols                         
  61     Call to an undefined method Ripcord_Client::execute_kw().                                    
         🪪  method.notFound                                                                          
  98     Call to an undefined method Ripcord_Client::execute_kw().                                    
         🪪  method.notFound                                                                          
  99     Call to an undefined method Ripcord_Client::execute_kw().                                    
         🪪  method.notFound                                                                          
 ------ --------------------------------------------------------------------------------------------- 

 ------ ---------------------------------------------------------------------------------------------------- 
  Line   app/Services/Api/Traits/AuthTrait.php (in context of class App\Services\Api\InternalMoneyTransfer)  
 ------ ---------------------------------------------------------------------------------------------------- 
  35     Call to static method client() on an unknown class App\Services\Api\Traits\ripcord.                 
         🪪  class.notFound                                                                                  
         💡  Learn more at https://phpstan.org/user-guide/discovering-symbols                                
  55     Call to static method client() on an unknown class App\Services\Api\Traits\ripcord.                 
         🪪  class.notFound                                                                                  
         💡  Learn more at https://phpstan.org/user-guide/discovering-symbols                                
  61     Call to an undefined method Ripcord_Client::execute_kw().                                           
         🪪  method.notFound                                                                                 
  98     Call to an undefined method Ripcord_Client::execute_kw().                                           
         🪪  method.notFound                                                                                 
  99     Call to an undefined method Ripcord_Client::execute_kw().                                           
         🪪  method.notFound                                                                                 
 ------ ---------------------------------------------------------------------------------------------------- 

 ------ ------------------------------------------------------------------------------------------------------- 
  Line   app/Services/Api/Traits/AuthTrait.php (in context of class App\Services\Api\LetterOfGuaranteeService)  
 ------ ------------------------------------------------------------------------------------------------------- 
  35     Call to static method client() on an unknown class App\Services\Api\Traits\ripcord.                    
         🪪  class.notFound                                                                                     
         💡  Learn more at https://phpstan.org/user-guide/discovering-symbols                                   
  55     Call to static method client() on an unknown class App\Services\Api\Traits\ripcord.                    
         🪪  class.notFound                                                                                     
         💡  Learn more at https://phpstan.org/user-guide/discovering-symbols                                   
  61     Call to an undefined method Ripcord_Client::execute_kw().                                              
         🪪  method.notFound                                                                                    
  98     Call to an undefined method Ripcord_Client::execute_kw().                                              
         🪪  method.notFound                                                                                    
  99     Call to an undefined method Ripcord_Client::execute_kw().                                              
         🪪  method.notFound                                                                                    
 ------ ------------------------------------------------------------------------------------------------------- 

 ------ ------------------------------------------------------------------------------------------------------ 
  Line   app/Services/Api/Traits/AuthTrait.php (in context of class App\Services\Api\MoneyPaymentOdooService)  
 ------ ------------------------------------------------------------------------------------------------------ 
  35     Call to static method client() on an unknown class App\Services\Api\Traits\ripcord.                   
         🪪  class.notFound                                                                                    
         💡  Learn more at https://phpstan.org/user-guide/discovering-symbols                                  
  55     Call to static method client() on an unknown class App\Services\Api\Traits\ripcord.                   
         🪪  class.notFound                                                                                    
         💡  Learn more at https://phpstan.org/user-guide/discovering-symbols                                  
  61     Call to an undefined method Ripcord_Client::execute_kw().                                             
         🪪  method.notFound                                                                                   
  98     Call to an undefined method Ripcord_Client::execute_kw().                                             
         🪪  method.notFound                                                                                   
  99     Call to an undefined method Ripcord_Client::execute_kw().                                             
         🪪  method.notFound                                                                                   
 ------ ------------------------------------------------------------------------------------------------------ 

 ------ ------------------------------------------------------------------------------------------ 
  Line   app/Services/Api/Traits/AuthTrait.php (in context of class App\Services\Api\OdooPayment)  
 ------ ------------------------------------------------------------------------------------------ 
  35     Call to static method client() on an unknown class App\Services\Api\Traits\ripcord.       
         🪪  class.notFound                                                                        
         💡  Learn more at https://phpstan.org/user-guide/discovering-symbols                      
  55     Call to static method client() on an unknown class App\Services\Api\Traits\ripcord.       
         🪪  class.notFound                                                                        
         💡  Learn more at https://phpstan.org/user-guide/discovering-symbols                      
  61     Call to an undefined method Ripcord_Client::execute_kw().                                 
         🪪  method.notFound                                                                       
  98     Call to an undefined method Ripcord_Client::execute_kw().                                 
         🪪  method.notFound                                                                       
  99     Call to an undefined method Ripcord_Client::execute_kw().                                 
         🪪  method.notFound                                                                       
 ------ ------------------------------------------------------------------------------------------ 

 ------ ------------------------------------------------------------------------------------------ 
  Line   app/Services/Api/Traits/AuthTrait.php (in context of class App\Services\Api\OdooService)  
 ------ ------------------------------------------------------------------------------------------ 
  35     Call to static method client() on an unknown class App\Services\Api\Traits\ripcord.       
         🪪  class.notFound                                                                        
         💡  Learn more at https://phpstan.org/user-guide/discovering-symbols                      
  55     Call to static method client() on an unknown class App\Services\Api\Traits\ripcord.       
         🪪  class.notFound                                                                        
         💡  Learn more at https://phpstan.org/user-guide/discovering-symbols                      
  98     Call to an undefined method Ripcord_Client::execute_kw().                                 
         🪪  method.notFound                                                                       
  99     Call to an undefined method Ripcord_Client::execute_kw().                                 
         🪪  method.notFound                                                                       
 ------ ------------------------------------------------------------------------------------------ 

 ------ -------------------------------------------------------------------------------------------------------------------- 
  Line   app/Services/Api/Traits/AuthTrait.php (in context of class App\Services\Api\TimeOrCertificateOfDepositOdooService)  
 ------ -------------------------------------------------------------------------------------------------------------------- 
  35     Call to static method client() on an unknown class App\Services\Api\Traits\ripcord.                                 
         🪪  class.notFound                                                                                                  
         💡  Learn more at https://phpstan.org/user-guide/discovering-symbols                                                
  55     Call to static method client() on an unknown class App\Services\Api\Traits\ripcord.                                 
         🪪  class.notFound                                                                                                  
         💡  Learn more at https://phpstan.org/user-guide/discovering-symbols                                                
  61     Call to an undefined method Ripcord_Client::execute_kw().                                                           
         🪪  method.notFound                                                                                                 
  98     Call to an undefined method Ripcord_Client::execute_kw().                                                           
         🪪  method.notFound                                                                                                 
  99     Call to an undefined method Ripcord_Client::execute_kw().                                                           
         🪪  method.notFound                                                                                                 
 ------ -------------------------------------------------------------------------------------------------------------------- 

 ------ --------------------------------------------------------------------------------------------------------------------------------------------------- 
  Line   app/Services/Api/Traits/HasJournalEntry.php (in context of class App\Services\Api\LetterOfGuaranteeService)                                        
 ------ --------------------------------------------------------------------------------------------------------------------------------------------------- 
  43     Call to function is_numeric() with float|int|numeric-string will always evaluate to true.                                                          
         🪪  function.alreadyNarrowedType                                                                                                                   
  59     PHPDoc tag @var for variable $this has invalid type App\Services\Api\Traits\HasJournalEntry.                                                       
         🪪  varTag.trait                                                                                                                                   
  59     PHPDoc tag @var with type App\Services\Api\Traits\HasJournalEntry is not subtype of native type $this(App\Services\Api\LetterOfGuaranteeService).  
         🪪  varTag.nativeType                                                                                                                              
 ------ --------------------------------------------------------------------------------------------------------------------------------------------------- 

 ------ ----------------------------------------------------------------------------------------------------- 
  Line   app/Services/Api/Traits/HasPayment.php (in context of class App\Services\Api\InternalMoneyTransfer)  
 ------ ----------------------------------------------------------------------------------------------------- 
  42     Call to an undefined method Ripcord_Client::execute_kw().                                            
         🪪  method.notFound                                                                                  
  70     Call to an undefined method Ripcord_Client::execute_kw().                                            
         🪪  method.notFound                                                                                  
 ------ ----------------------------------------------------------------------------------------------------- 

 ------ -------------------------------------------------------------------------------------------------------- 
  Line   app/Services/Api/Traits/HasPayment.php (in context of class App\Services\Api\LetterOfGuaranteeService)  
 ------ -------------------------------------------------------------------------------------------------------- 
  42     Call to an undefined method Ripcord_Client::execute_kw().                                               
         🪪  method.notFound                                                                                     
  70     Call to an undefined method Ripcord_Client::execute_kw().                                               
         🪪  method.notFound                                                                                     
 ------ -------------------------------------------------------------------------------------------------------- 

 ------ ------------------------------------------------------------------------------------------- 
  Line   app/Services/Api/Traits/HasPayment.php (in context of class App\Services\Api\OdooPayment)  
 ------ ------------------------------------------------------------------------------------------- 
  42     Call to an undefined method Ripcord_Client::execute_kw().                                  
         🪪  method.notFound                                                                        
  70     Call to an undefined method Ripcord_Client::execute_kw().                                  
         🪪  method.notFound                                                                        
 ------ ------------------------------------------------------------------------------------------- 

 ------ ------------------------------------------------------------------------------------------ 
  Line   app/Services/Api/Traits/HasUnlink.php (in context of class App\Services\Api\OdooService)  
 ------ ------------------------------------------------------------------------------------------ 
  8      Call to an undefined method Ripcord_Client::execute_kw().                                 
         🪪  method.notFound                                                                       
 ------ ------------------------------------------------------------------------------------------ 

 ------ ---------------------------------------------------------------- 
  Line   app/Services/Caching/CustomerDashboardCashing.php               
 ------ ---------------------------------------------------------------- 
  107    Binary operation "-" between string and 1 results in an error.  
         🪪  binaryOp.invalid                                            
  136    Binary operation "-" between string and 1 results in an error.  
         🪪  binaryOp.invalid                                            
  137    Binary operation "-" between string and 2 results in an error.  
         🪪  binaryOp.invalid                                            
  165    Binary operation "-" between string and 1 results in an error.  
         🪪  binaryOp.invalid                                            
  166    Binary operation "-" between string and 2 results in an error.  
         🪪  binaryOp.invalid                                            
  208    Binary operation "-" between string and 1 results in an error.  
         🪪  binaryOp.invalid                                            
  209    Binary operation "-" between string and 2 results in an error.  
         🪪  binaryOp.invalid                                            
  210    Binary operation "-" between string and 3 results in an error.  
         🪪  binaryOp.invalid                                            
  251    Binary operation "-" between string and 1 results in an error.  
         🪪  binaryOp.invalid                                            
  256    Binary operation "-" between string and 1 results in an error.  
         🪪  binaryOp.invalid                                            
  278    Binary operation "-" between string and 2 results in an error.  
         🪪  binaryOp.invalid                                            
  284    Binary operation "-" between string and 1 results in an error.  
         🪪  binaryOp.invalid                                            
  285    Binary operation "-" between string and 2 results in an error.  
         🪪  binaryOp.invalid                                            
 ------ ---------------------------------------------------------------- 

 ------ ------------------------------------------------------------------------------------------- 
  Line   app/Services/Caching/CustomerNatureCashing.php                                             
 ------ ------------------------------------------------------------------------------------------- 
  97     Binary operation "-" between string and 1 results in an error.                             
         🪪  binaryOp.invalid                                                                       
  137    Binary operation "-" between string and 1 results in an error.                             
         🪪  binaryOp.invalid                                                                       
  138    Binary operation "-" between string and 2 results in an error.                             
         🪪  binaryOp.invalid                                                                       
  180    Binary operation "-" between string and 1 results in an error.                             
         🪪  binaryOp.invalid                                                                       
  181    Binary operation "-" between string and 2 results in an error.                             
         🪪  binaryOp.invalid                                                                       
  264    Binary operation "-" between string and 1 results in an error.                             
         🪪  binaryOp.invalid                                                                       
  265    Binary operation "-" between string and 2 results in an error.                             
         🪪  binaryOp.invalid                                                                       
  266    Binary operation "-" between string and 3 results in an error.                             
         🪪  binaryOp.invalid                                                                       
  342    Binary operation "-" between string and 1 results in an error.                             
         🪪  binaryOp.invalid                                                                       
  347    Binary operation "-" between string and 1 results in an error.                             
         🪪  binaryOp.invalid                                                                       
  382    Binary operation "-" between string and 2 results in an error.                             
         🪪  binaryOp.invalid                                                                       
  388    Binary operation "-" between string and 1 results in an error.                             
         🪪  binaryOp.invalid                                                                       
  389    Binary operation "-" between string and 2 results in an error.                             
         🪪  binaryOp.invalid                                                                       
  440    Call to function array_key_exists() with mixed and array{} will always evaluate to false.  
         🪪  function.impossibleType                                                                
  447    Variable $newDeadForTypes might not be defined.                                            
         🪪  variable.undefined                                                                     
 ------ ------------------------------------------------------------------------------------------- 

 ------ --------------------------------------------------------------------------------------- 
  Line   app/Services/ContractService.php                                                       
 ------ --------------------------------------------------------------------------------------- 
  140    Access to an undefined property App\Models\PropertyManagement\Contract::$tenant_name.  
         🪪  property.notFound                                                                  
         💡  Learn more: https://phpstan.org/blog/solving-phpstan-access-to-undefined-property  
  141    Access to an undefined property App\Models\PropertyManagement\Contract::$tenant_type.  
         🪪  property.notFound                                                                  
         💡  Learn more: https://phpstan.org/blog/solving-phpstan-access-to-undefined-property  
 ------ --------------------------------------------------------------------------------------- 

 ------ ---------------------------------------------- 
  Line   app/Services/IntervalSummationOperations.php  
 ------ ---------------------------------------------- 
  54     Right side of || is always true.              
         🪪  booleanOr.rightAlwaysTrue                 
 ------ ---------------------------------------------- 

 ------ -------------------------------------------------------------------------------------------------------------------------------------------------- 
  Line   app/Services/PropertyService.php                                                                                                                  
 ------ -------------------------------------------------------------------------------------------------------------------------------------------------- 
  17     Constant App\Services\PropertyService::TYPE_UNIT is unused.                                                                                       
         🪪  classConstant.unused                                                                                                                          
         💡  See: https://phpstan.org/developing-extensions/always-used-class-constants                                                                    
  18     Constant App\Services\PropertyService::TYPE_LAND is unused.                                                                                       
         🪪  classConstant.unused                                                                                                                          
         💡  See: https://phpstan.org/developing-extensions/always-used-class-constants                                                                    
  19     Constant App\Services\PropertyService::TYPE_COMPLEX is unused.                                                                                    
         🪪  classConstant.unused                                                                                                                          
         💡  See: https://phpstan.org/developing-extensions/always-used-class-constants                                                                    
  20     Constant App\Services\PropertyService::TYPE_BUILDING is unused.                                                                                   
         🪪  classConstant.unused                                                                                                                          
         💡  See: https://phpstan.org/developing-extensions/always-used-class-constants                                                                    
  41     PHPDoc tag @param for parameter $request with type Illuminate\Http\Request is not subtype of native type App\Http\Requests\StorePropertyRequest.  
         🪪  parameter.phpDocType                                                                                                                          
  76     Method Illuminate\Database\Eloquent\Model::refresh() invoked with 1 parameter, 0 required.                                                        
         🪪  arguments.count                                                                                                                               
 ------ -------------------------------------------------------------------------------------------------------------------------------------------------- 

 ------ --------------------------------------------------------------------------------------------------------------------------------------------- 
  Line   app/Services/VatCalculation.php                                                                                                              
 ------ --------------------------------------------------------------------------------------------------------------------------------------------- 
  92     Variable $balance on left side of ?? always exists and is not nullable.                                                                      
         🪪  nullCoalesce.variable                                                                                                                    
  110    Negated boolean expression is always true.                                                                                                   
         🪪  booleanNot.alwaysTrue                                                                                                                    
         💡  Because the type is coming from a PHPDoc, you can turn off this check by setting treatPhpDocTypesAsCertain: false in your phpstan.neon.  
  130    Variable $beginning_balance on left side of ?? always exists and is not nullable.                                                            
         🪪  nullCoalesce.variable                                                                                                                    
 ------ --------------------------------------------------------------------------------------------------------------------------------------------- 

 ------ ------------------------------------------------------------------------------------------------------------------------ 
  Line   app/Traits/HasBankStatement.php (in context of class App\Models\CleanOverdraft)                                         
 ------ ------------------------------------------------------------------------------------------------------------------------ 
  13     Instanceof between App\Models\CleanOverdraft and App\Models\FinancialInstitutionAccount will always evaluate to false.  
         🪪  instanceof.alwaysFalse                                                                                              
  14     Ternary operator condition is always false.                                                                             
         🪪  ternary.alwaysFalse                                                                                                 
  32     Instanceof between App\Models\CleanOverdraft and App\Models\FinancialInstitutionAccount will always evaluate to false.  
         🪪  instanceof.alwaysFalse                                                                                              
  67     If condition is always false.                                                                                           
         🪪  if.alwaysFalse                                                                                                      
 ------ ------------------------------------------------------------------------------------------------------------------------ 

 ------ ------------------------------------------------------------------------------------------------------------------------------------ 
  Line   app/Traits/HasBankStatement.php (in context of class App\Models\FinancialInstitutionAccount)                                        
 ------ ------------------------------------------------------------------------------------------------------------------------------------ 
  13     Instanceof between App\Models\FinancialInstitutionAccount and App\Models\FinancialInstitutionAccount will always evaluate to true.  
         🪪  instanceof.alwaysTrue                                                                                                           
  14     Ternary operator condition is always true.                                                                                          
         🪪  ternary.alwaysTrue                                                                                                              
  32     Instanceof between App\Models\FinancialInstitutionAccount and App\Models\FinancialInstitutionAccount will always evaluate to true.  
         🪪  instanceof.alwaysTrue                                                                                                           
  61     Access to an undefined property App\Models\FinancialInstitutionAccount::$limit.                                                     
         🪪  property.notFound                                                                                                               
         💡  Learn more: https://phpstan.org/blog/solving-phpstan-access-to-undefined-property                                               
  67     If condition is always true.                                                                                                        
         🪪  if.alwaysTrue                                                                                                                   
 ------ ------------------------------------------------------------------------------------------------------------------------------------ 

 ------ ------------------------------------------------------------------------------------------------------------------------------- 
  Line   app/Traits/HasBankStatement.php (in context of class App\Models\FullySecuredOverdraft)                                         
 ------ ------------------------------------------------------------------------------------------------------------------------------- 
  13     Instanceof between App\Models\FullySecuredOverdraft and App\Models\FinancialInstitutionAccount will always evaluate to false.  
         🪪  instanceof.alwaysFalse                                                                                                     
  14     Ternary operator condition is always false.                                                                                    
         🪪  ternary.alwaysFalse                                                                                                        
  32     Instanceof between App\Models\FullySecuredOverdraft and App\Models\FinancialInstitutionAccount will always evaluate to false.  
         🪪  instanceof.alwaysFalse                                                                                                     
  67     If condition is always false.                                                                                                  
         🪪  if.alwaysFalse                                                                                                             
 ------ ------------------------------------------------------------------------------------------------------------------------------- 

 ------ ---------------------------------------------------------------------------------------------------------------------------------------------- 
  Line   app/Traits/HasBankStatement.php (in context of class App\Models\OverdraftAgainstAssignmentOfContract)                                         
 ------ ---------------------------------------------------------------------------------------------------------------------------------------------- 
  13     Instanceof between App\Models\OverdraftAgainstAssignmentOfContract and App\Models\FinancialInstitutionAccount will always evaluate to false.  
         🪪  instanceof.alwaysFalse                                                                                                                    
  14     Ternary operator condition is always false.                                                                                                   
         🪪  ternary.alwaysFalse                                                                                                                       
  32     Instanceof between App\Models\OverdraftAgainstAssignmentOfContract and App\Models\FinancialInstitutionAccount will always evaluate to false.  
         🪪  instanceof.alwaysFalse                                                                                                                    
  67     If condition is always false.                                                                                                                 
         🪪  if.alwaysFalse                                                                                                                            
 ------ ---------------------------------------------------------------------------------------------------------------------------------------------- 

 ------ ----------------------------------------------------------------------------------------------------------------------------------------- 
  Line   app/Traits/HasBankStatement.php (in context of class App\Models\OverdraftAgainstCommercialPaper)                                         
 ------ ----------------------------------------------------------------------------------------------------------------------------------------- 
  13     Instanceof between App\Models\OverdraftAgainstCommercialPaper and App\Models\FinancialInstitutionAccount will always evaluate to false.  
         🪪  instanceof.alwaysFalse                                                                                                               
  14     Ternary operator condition is always false.                                                                                              
         🪪  ternary.alwaysFalse                                                                                                                  
  32     Instanceof between App\Models\OverdraftAgainstCommercialPaper and App\Models\FinancialInstitutionAccount will always evaluate to false.  
         🪪  instanceof.alwaysFalse                                                                                                               
  67     If condition is always false.                                                                                                            
         🪪  if.alwaysFalse                                                                                                                       
 ------ ----------------------------------------------------------------------------------------------------------------------------------------- 

 ------ --------------------------------------------------------------------------------------- 
  Line   app/Traits/HasBasicStoreRequest.php (in context of class App\Models\Company)           
 ------ --------------------------------------------------------------------------------------- 
  47     Access to an undefined property App\Models\Company::$company_id.                       
         🪪  property.notFound                                                                  
         💡  Learn more: https://phpstan.org/blog/solving-phpstan-access-to-undefined-property  
 ------ --------------------------------------------------------------------------------------- 

 ------ --------------------------------------------------------------------------------------------------------------------------------------------- 
  Line   app/Traits/HasDepositAccount.php (in context of class App\Models\CertificatesOfDeposit)                                                      
 ------ --------------------------------------------------------------------------------------------------------------------------------------------- 
  50     PHPDoc tag @var with type App\Models\TimeOfDeposit is not subtype of native type $this(App\Models\CertificatesOfDeposit).                    
         🪪  varTag.nativeType                                                                                                                        
  66     PHPDoc tag @var with type App\Models\TimeOfDeposit is not subtype of native type $this(App\Models\CertificatesOfDeposit).                    
         🪪  varTag.nativeType                                                                                                                        
  75     Instanceof between App\Models\TimeOfDeposit and App\Models\TimeOfDeposit will always evaluate to true.                                       
         🪪  instanceof.alwaysTrue                                                                                                                    
         💡  Because the type is coming from a PHPDoc, you can turn off this check by setting treatPhpDocTypesAsCertain: false in your phpstan.neon.  
  92     Instanceof between App\Models\TimeOfDeposit and App\Models\TimeOfDeposit will always evaluate to true.                                       
         🪪  instanceof.alwaysTrue                                                                                                                    
  94     Instanceof between App\Models\TimeOfDeposit and App\Models\TimeOfDeposit will always evaluate to true.                                       
         🪪  instanceof.alwaysTrue                                                                                                                    
 ------ --------------------------------------------------------------------------------------------------------------------------------------------- 

 ------ --------------------------------------------------------------------------------------------------------------------------------------------- 
  Line   app/Traits/HasDepositAccount.php (in context of class App\Models\TimeOfDeposit)                                                              
 ------ --------------------------------------------------------------------------------------------------------------------------------------------- 
  50     PHPDoc tag @var with type App\Models\TimeOfDeposit is not subtype of native type $this(App\Models\TimeOfDeposit).                            
         🪪  varTag.nativeType                                                                                                                        
  66     PHPDoc tag @var with type App\Models\TimeOfDeposit is not subtype of native type $this(App\Models\TimeOfDeposit).                            
         🪪  varTag.nativeType                                                                                                                        
  75     Instanceof between App\Models\TimeOfDeposit and App\Models\TimeOfDeposit will always evaluate to true.                                       
         🪪  instanceof.alwaysTrue                                                                                                                    
         💡  Because the type is coming from a PHPDoc, you can turn off this check by setting treatPhpDocTypesAsCertain: false in your phpstan.neon.  
  92     Instanceof between App\Models\TimeOfDeposit and App\Models\TimeOfDeposit will always evaluate to true.                                       
         🪪  instanceof.alwaysTrue                                                                                                                    
         💡  Because the type is coming from a PHPDoc, you can turn off this check by setting treatPhpDocTypesAsCertain: false in your phpstan.neon.  
  94     Instanceof between App\Models\TimeOfDeposit and App\Models\TimeOfDeposit will always evaluate to true.                                       
         🪪  instanceof.alwaysTrue                                                                                                                    
         💡  Because the type is coming from a PHPDoc, you can turn off this check by setting treatPhpDocTypesAsCertain: false in your phpstan.neon.  
 ------ --------------------------------------------------------------------------------------------------------------------------------------------- 

 ------ ------------------------------------------------------------------------------- 
  Line   app/Traits/HasFixedAssetFunding.php                                            
 ------ ------------------------------------------------------------------------------- 
  5      Trait App\Traits\HasFixedAssetFunding is used zero times and is not analysed.  
         🪪  trait.unused                                                               
         💡  See: https://phpstan.org/blog/how-phpstan-analyses-traits                  
 ------ ------------------------------------------------------------------------------- 

 ------ ----------------------------------------------------------------------------------------- 
  Line   app/Traits/HasIndexedDates.php (in context of class App\Models\FinancialPlanning\Study)  
 ------ ----------------------------------------------------------------------------------------- 
  218    Binary operation "-" between string and string|null results in an error.                 
         🪪  binaryOp.invalid                                                                     
  236    Unreachable statement - code above always terminates.                                    
         🪪  deadCode.unreachable                                                                 
 ------ ----------------------------------------------------------------------------------------- 

 ------ ------------------------------------------------------------------------------------ 
  Line   app/Traits/HasIndexedDates.php (in context of class App\Models\FinancialStatement)  
 ------ ------------------------------------------------------------------------------------ 
  218    Binary operation "-" between string and string|null results in an error.            
         🪪  binaryOp.invalid                                                                
  236    Unreachable statement - code above always terminates.                               
         🪪  deadCode.unreachable                                                            
 ------ ------------------------------------------------------------------------------------ 

 ------ ---------------------------------------------------------------------------------------------------------------------- 
  Line   app/Traits/HasOutstandingBreakdown.php (in context of class App\Models\CleanOverdraft)                                
 ------ ---------------------------------------------------------------------------------------------------------------------- 
  37     Variable $bankStatement in PHPDoc tag @var does not match any variable in the foreach loop: $outstandingBreakdownArr  
         🪪  varTag.differentVariable                                                                                          
 ------ ---------------------------------------------------------------------------------------------------------------------- 

 ------ ---------------------------------------------------------------------------------------------------------------------- 
  Line   app/Traits/HasOutstandingBreakdown.php (in context of class App\Models\FullySecuredOverdraft)                         
 ------ ---------------------------------------------------------------------------------------------------------------------- 
  37     Variable $bankStatement in PHPDoc tag @var does not match any variable in the foreach loop: $outstandingBreakdownArr  
         🪪  varTag.differentVariable                                                                                          
 ------ ---------------------------------------------------------------------------------------------------------------------- 

 ------ ---------------------------------------------------------------------------------------------------------------------- 
  Line   app/Traits/HasOutstandingBreakdown.php (in context of class App\Models\OverdraftAgainstAssignmentOfContract)          
 ------ ---------------------------------------------------------------------------------------------------------------------- 
  37     Variable $bankStatement in PHPDoc tag @var does not match any variable in the foreach loop: $outstandingBreakdownArr  
         🪪  varTag.differentVariable                                                                                          
 ------ ---------------------------------------------------------------------------------------------------------------------- 

 ------ ---------------------------------------------------------------------------------------------------------------------- 
  Line   app/Traits/HasOutstandingBreakdown.php (in context of class App\Models\OverdraftAgainstCommercialPaper)               
 ------ ---------------------------------------------------------------------------------------------------------------------- 
  37     Variable $bankStatement in PHPDoc tag @var does not match any variable in the foreach loop: $outstandingBreakdownArr  
         🪪  varTag.differentVariable                                                                                          
 ------ ---------------------------------------------------------------------------------------------------------------------- 

 ------ ------------------------------------------------------------------------------------------------------------------------------------------------------------ 
  Line   app/Traits/HasPeriodicInterest.php (in context of class App\Models\CertificatesOfDeposit)                                                                   
 ------ ------------------------------------------------------------------------------------------------------------------------------------------------------------ 
  37     PHPDoc tag @var with type App\Models\CertificatesOfDeposit|App\Models\TimeOfDeposit is not subtype of native type $this(App\Models\CertificatesOfDeposit).  
         🪪  varTag.nativeType                                                                                                                                       
 ------ ------------------------------------------------------------------------------------------------------------------------------------------------------------ 

 ------ ---------------------------------------------------------------------------------------------------------------------------------------------------- 
  Line   app/Traits/HasPeriodicInterest.php (in context of class App\Models\TimeOfDeposit)                                                                   
 ------ ---------------------------------------------------------------------------------------------------------------------------------------------------- 
  37     PHPDoc tag @var with type App\Models\CertificatesOfDeposit|App\Models\TimeOfDeposit is not subtype of native type $this(App\Models\TimeOfDeposit).  
         🪪  varTag.nativeType                                                                                                                               
 ------ ---------------------------------------------------------------------------------------------------------------------------------------------------- 

 ------ -------------------------------------------------------------------------------------------------------------------------- 
  Line   app/Traits/Intervals.php (in context of class App\Http\Controllers\Analysis\SalesGathering\ExpenseAgainstAnalysisReport)  
 ------ -------------------------------------------------------------------------------------------------------------------------- 
  269    Deprecated in PHP 8.4: Parameter #5 $startDateMonth (string) is implicitly nullable via default value null.               
         🪪  parameter.implicitlyNullable                                                                                          
 ------ -------------------------------------------------------------------------------------------------------------------------- 

 ------ ----------------------------------------------------------------------------------------------------------- 
  Line   app/Traits/IsBankStatement.php (in context of class App\Models\OverdraftAgainstAssignmentOfContractLimit)  
 ------ ----------------------------------------------------------------------------------------------------------- 
  16     Access to an undefined property App\Models\OverdraftAgainstAssignmentOfContractLimit::$date.               
         🪪  property.notFound                                                                                      
         💡  Learn more: https://phpstan.org/blog/solving-phpstan-access-to-undefined-property                      
 ------ ----------------------------------------------------------------------------------------------------------- 

 ------ ------------------------------------------------------------------------------------------------------ 
  Line   app/Traits/IsBankStatement.php (in context of class App\Models\OverdraftAgainstCommercialPaperLimit)  
 ------ ------------------------------------------------------------------------------------------------------ 
  16     Access to an undefined property App\Models\OverdraftAgainstCommercialPaperLimit::$date.               
         🪪  property.notFound                                                                                 
         💡  Learn more: https://phpstan.org/blog/solving-phpstan-access-to-undefined-property                 
 ------ ------------------------------------------------------------------------------------------------------ 

 ------ --------------------------------------------------------------------------------------------------------------------------------------------- 
  Line   app/Traits/IsOverdraft.php (in context of class App\Models\CleanOverdraft)                                                                   
 ------ --------------------------------------------------------------------------------------------------------------------------------------------- 
  74     Access to an undefined property App\Models\CleanOverdraft::$max_lending_limit_per_customer.                                                  
         🪪  property.notFound                                                                                                                        
         💡  Learn more: https://phpstan.org/blog/solving-phpstan-access-to-undefined-property                                                        
  128    Call to function is_null() with Illuminate\Database\Eloquent\Collection<int, App\Models\CleanOverdraftRate> will always evaluate to false.   
         🪪  function.impossibleType                                                                                                                  
         💡  Because the type is coming from a PHPDoc, you can turn off this check by setting treatPhpDocTypesAsCertain: false in your phpstan.neon.  
  181    Call to an undefined method App\Models\CleanOverdraft::getSmallestLimitTableFullDate().                                                      
         🪪  method.notFound                                                                                                                          
  185    Call to an undefined static method App\Models\CleanOverdraft::getLimitTableClassName().                                                      
         🪪  staticMethod.notFound                                                                                                                    
 ------ --------------------------------------------------------------------------------------------------------------------------------------------- 

 ------ --------------------------------------------------------------------------------------------------------------------------------------------------- 
  Line   app/Traits/IsOverdraft.php (in context of class App\Models\FullySecuredOverdraft)                                                                  
 ------ --------------------------------------------------------------------------------------------------------------------------------------------------- 
  74     Access to an undefined property App\Models\FullySecuredOverdraft::$max_lending_limit_per_customer.                                                 
         🪪  property.notFound                                                                                                                              
         💡  Learn more: https://phpstan.org/blog/solving-phpstan-access-to-undefined-property                                                              
  128    Call to function is_null() with Illuminate\Database\Eloquent\Collection<int, App\Models\FullySecuredOverdraftRate> will always evaluate to false.  
         🪪  function.impossibleType                                                                                                                        
         💡  Because the type is coming from a PHPDoc, you can turn off this check by setting treatPhpDocTypesAsCertain: false in your phpstan.neon.        
  181    Call to an undefined method App\Models\FullySecuredOverdraft::getSmallestLimitTableFullDate().                                                     
         🪪  method.notFound                                                                                                                                
  185    Call to an undefined static method App\Models\FullySecuredOverdraft::getLimitTableClassName().                                                     
         🪪  staticMethod.notFound                                                                                                                          
 ------ --------------------------------------------------------------------------------------------------------------------------------------------------- 

 ------ ------------------------------------------------------------------------------------------------------------------------------------------------------------------ 
  Line   app/Traits/IsOverdraft.php (in context of class App\Models\OverdraftAgainstAssignmentOfContract)                                                                  
 ------ ------------------------------------------------------------------------------------------------------------------------------------------------------------------ 
  74     Access to an undefined property App\Models\OverdraftAgainstAssignmentOfContract::$max_lending_limit_per_customer.                                                 
         🪪  property.notFound                                                                                                                                             
         💡  Learn more: https://phpstan.org/blog/solving-phpstan-access-to-undefined-property                                                                             
  128    Call to function is_null() with Illuminate\Database\Eloquent\Collection<int, App\Models\OverdraftAgainstAssignmentOfContractRate> will always evaluate to false.  
         🪪  function.impossibleType                                                                                                                                       
         💡  Because the type is coming from a PHPDoc, you can turn off this check by setting treatPhpDocTypesAsCertain: false in your phpstan.neon.                       
  185    Call to an undefined static method App\Models\OverdraftAgainstAssignmentOfContract::getLimitTableClassName().                                                     
         🪪  staticMethod.notFound                                                                                                                                         
 ------ ------------------------------------------------------------------------------------------------------------------------------------------------------------------ 

 ------ ------------------------------------------------------------------------------------------------------------------------------------------------------------- 
  Line   app/Traits/IsOverdraft.php (in context of class App\Models\OverdraftAgainstCommercialPaper)                                                                  
 ------ ------------------------------------------------------------------------------------------------------------------------------------------------------------- 
  128    Call to function is_null() with Illuminate\Database\Eloquent\Collection<int, App\Models\OverdraftAgainstCommercialPaperRate> will always evaluate to false.  
         🪪  function.impossibleType                                                                                                                                  
         💡  Because the type is coming from a PHPDoc, you can turn off this check by setting treatPhpDocTypesAsCertain: false in your phpstan.neon.                  
 ------ ------------------------------------------------------------------------------------------------------------------------------------------------------------- 

 ------ ---------------------------------------------------------------------------------------------------------------- 
  Line   app/Traits/Models/HasCreditStatements.php (in context of class App\Models\CashExpense)                          
 ------ ---------------------------------------------------------------------------------------------------------------- 
  52     PHPDoc tag @var with type App\Models\MoneyPayment is not subtype of native type $this(App\Models\CashExpense).  
         🪪  varTag.nativeType                                                                                           
 ------ ---------------------------------------------------------------------------------------------------------------- 

 ------ -------------------------------------------------------------------------------------------------------------------------- 
  Line   app/Traits/Models/HasCreditStatements.php (in context of class App\Models\CertificatesOfDeposit)                          
 ------ -------------------------------------------------------------------------------------------------------------------------- 
  42     Call to an undefined method App\Models\CertificatesOfDeposit::isCashPayment().                                            
         🪪  method.notFound                                                                                                       
  52     PHPDoc tag @var with type App\Models\MoneyPayment is not subtype of native type $this(App\Models\CertificatesOfDeposit).  
         🪪  varTag.nativeType                                                                                                     
  78     Call to an undefined method App\Models\CertificatesOfDeposit::cleanOverdraftCreditBankStatement().                        
         🪪  method.notFound                                                                                                       
  94     Call to an undefined method App\Models\CertificatesOfDeposit::fullySecuredOverdraftCreditBankStatement().                 
         🪪  method.notFound                                                                                                       
  110    Call to an undefined method App\Models\CertificatesOfDeposit::overdraftAgainstCommercialPaperCreditBankStatement().       
         🪪  method.notFound                                                                                                       
  127    Call to an undefined method App\Models\CertificatesOfDeposit::overdraftAgainstAssignmentOfContractCreditBankStatement().  
         🪪  method.notFound                                                                                                       
 ------ -------------------------------------------------------------------------------------------------------------------------- 

 ------ --------------------------------------------------------------------------------------------------------------------------- 
  Line   app/Traits/Models/HasCreditStatements.php (in context of class App\Models\LoanScheduleSettlement)                          
 ------ --------------------------------------------------------------------------------------------------------------------------- 
  42     Call to an undefined method App\Models\LoanScheduleSettlement::isCashPayment().                                            
         🪪  method.notFound                                                                                                        
  52     PHPDoc tag @var with type App\Models\MoneyPayment is not subtype of native type $this(App\Models\LoanScheduleSettlement).  
         🪪  varTag.nativeType                                                                                                      
  78     Call to an undefined method App\Models\LoanScheduleSettlement::cleanOverdraftCreditBankStatement().                        
         🪪  method.notFound                                                                                                        
  94     Call to an undefined method App\Models\LoanScheduleSettlement::fullySecuredOverdraftCreditBankStatement().                 
         🪪  method.notFound                                                                                                        
  110    Call to an undefined method App\Models\LoanScheduleSettlement::overdraftAgainstCommercialPaperCreditBankStatement().       
         🪪  method.notFound                                                                                                        
  127    Call to an undefined method App\Models\LoanScheduleSettlement::overdraftAgainstAssignmentOfContractCreditBankStatement().  
         🪪  method.notFound                                                                                                        
 ------ --------------------------------------------------------------------------------------------------------------------------- 

 ------ ----------------------------------------------------------------------------------------------------------------- 
  Line   app/Traits/Models/HasCreditStatements.php (in context of class App\Models\MoneyPayment)                          
 ------ ----------------------------------------------------------------------------------------------------------------- 
  52     PHPDoc tag @var with type App\Models\MoneyPayment is not subtype of native type $this(App\Models\MoneyPayment).  
         🪪  varTag.nativeType                                                                                            
 ------ ----------------------------------------------------------------------------------------------------------------- 

 ------ ------------------------------------------------------------------------------------------------------------------ 
  Line   app/Traits/Models/HasCreditStatements.php (in context of class App\Models\MoneyReceived)                          
 ------ ------------------------------------------------------------------------------------------------------------------ 
  42     Call to an undefined method App\Models\MoneyReceived::isCashPayment().                                            
         🪪  method.notFound                                                                                               
  52     PHPDoc tag @var with type App\Models\MoneyPayment is not subtype of native type $this(App\Models\MoneyReceived).  
         🪪  varTag.nativeType                                                                                             
 ------ ------------------------------------------------------------------------------------------------------------------ 

 ------ ------------------------------------------------------------------------------------------------------------------ 
  Line   app/Traits/Models/HasCreditStatements.php (in context of class App\Models\TimeOfDeposit)                          
 ------ ------------------------------------------------------------------------------------------------------------------ 
  42     Call to an undefined method App\Models\TimeOfDeposit::isCashPayment().                                            
         🪪  method.notFound                                                                                               
  52     PHPDoc tag @var with type App\Models\MoneyPayment is not subtype of native type $this(App\Models\TimeOfDeposit).  
         🪪  varTag.nativeType                                                                                             
  78     Call to an undefined method App\Models\TimeOfDeposit::cleanOverdraftCreditBankStatement().                        
         🪪  method.notFound                                                                                               
  94     Call to an undefined method App\Models\TimeOfDeposit::fullySecuredOverdraftCreditBankStatement().                 
         🪪  method.notFound                                                                                               
  110    Call to an undefined method App\Models\TimeOfDeposit::overdraftAgainstCommercialPaperCreditBankStatement().       
         🪪  method.notFound                                                                                               
  127    Call to an undefined method App\Models\TimeOfDeposit::overdraftAgainstAssignmentOfContractCreditBankStatement().  
         🪪  method.notFound                                                                                               
 ------ ------------------------------------------------------------------------------------------------------------------ 

 ------ ------------------------------------------------------------------------------------------------------------------------- 
  Line   app/Traits/Models/HasDebitStatements.php (in context of class App\Models\CertificatesOfDeposit)                          
 ------ ------------------------------------------------------------------------------------------------------------------------- 
  40     Call to an undefined method App\Models\CertificatesOfDeposit::isCashInSafe().                                            
         🪪  method.notFound                                                                                                      
  47     Call to an undefined method App\Models\CertificatesOfDeposit::cleanOverdraftDebitBankStatement().                        
         🪪  method.notFound                                                                                                      
  60     Call to an undefined method App\Models\CertificatesOfDeposit::fullySecuredOverdraftDebitBankStatement().                 
         🪪  method.notFound                                                                                                      
  74     Call to an undefined method App\Models\CertificatesOfDeposit::overdraftAgainstCommercialPaperDebitBankStatement().       
         🪪  method.notFound                                                                                                      
  89     Call to an undefined method App\Models\CertificatesOfDeposit::overdraftAgainstAssignmentOfContractDebitBankStatement().  
         🪪  method.notFound                                                                                                      
  103    Call to an undefined method App\Models\CertificatesOfDeposit::cashInSafeDebitStatement().                                
         🪪  method.notFound                                                                                                      
 ------ ------------------------------------------------------------------------------------------------------------------------- 

 ------ ----------------------------------------------------------------------------------------------------------------- 
  Line   app/Traits/Models/HasDebitStatements.php (in context of class App\Models\TimeOfDeposit)                          
 ------ ----------------------------------------------------------------------------------------------------------------- 
  40     Call to an undefined method App\Models\TimeOfDeposit::isCashInSafe().                                            
         🪪  method.notFound                                                                                              
  47     Call to an undefined method App\Models\TimeOfDeposit::cleanOverdraftDebitBankStatement().                        
         🪪  method.notFound                                                                                              
  60     Call to an undefined method App\Models\TimeOfDeposit::fullySecuredOverdraftDebitBankStatement().                 
         🪪  method.notFound                                                                                              
  74     Call to an undefined method App\Models\TimeOfDeposit::overdraftAgainstCommercialPaperDebitBankStatement().       
         🪪  method.notFound                                                                                              
  89     Call to an undefined method App\Models\TimeOfDeposit::overdraftAgainstAssignmentOfContractDebitBankStatement().  
         🪪  method.notFound                                                                                              
  103    Call to an undefined method App\Models\TimeOfDeposit::cashInSafeDebitStatement().                                
         🪪  method.notFound                                                                                              
 ------ ----------------------------------------------------------------------------------------------------------------- 

 ------ ------------------------------------------------------------------------------------------------- 
  Line   app/Traits/Models/HasForeignExchangeGainOrLoss.php (in context of class App\Models\CashExpense)  
 ------ ------------------------------------------------------------------------------------------------- 
  27     Call to an undefined method App\Models\CashExpense::getInvoiceCurrency().                        
         🪪  method.notFound                                                                              
  28     Call to an undefined method App\Models\CashExpense::getReceivingOrPaymentCurrency().             
         🪪  method.notFound                                                                              
 ------ ------------------------------------------------------------------------------------------------- 

 ------ -------------------------------------------------------------------------------------------------------------------- 
  Line   app/Traits/Models/HasLetterOfCreditCashCoverStatements.php (in context of class App\Models\LetterOfCreditFacility)  
 ------ -------------------------------------------------------------------------------------------------------------------- 
  41     Call to an undefined method App\Models\LetterOfCreditFacility::currentAccountDebitBankStatement().                  
         🪪  method.notFound                                                                                                 
  53     Call to an undefined method App\Models\LetterOfCreditFacility::currentAccountCreditBankStatement().                 
         🪪  method.notFound                                                                                                 
 ------ -------------------------------------------------------------------------------------------------------------------- 

 ------ ------------------------------------------------------------------------------------------------------------------ 
  Line   app/Traits/Models/HasLetterOfGuaranteeCashCoverStatements.php (in context of class App\Models\LcIssuanceExpense)  
 ------ ------------------------------------------------------------------------------------------------------------------ 
  34     Call to an undefined method App\Models\LcIssuanceExpense::letterOfGuaranteeCashCoverStatements().                 
         🪪  method.notFound                                                                                               
  41     Call to an undefined method App\Models\LcIssuanceExpense::currentAccountDebitBankStatement().                     
         🪪  method.notFound                                                                                               
 ------ ------------------------------------------------------------------------------------------------------------------ 

 ------ -------------------------------------------------------------------------------------------------------------------------- 
  Line   app/Traits/Models/HasLetterOfGuaranteeCashCoverStatements.php (in context of class App\Models\LetterOfGuaranteeFacility)  
 ------ -------------------------------------------------------------------------------------------------------------------------- 
  41     Call to an undefined method App\Models\LetterOfGuaranteeFacility::currentAccountDebitBankStatement().                     
         🪪  method.notFound                                                                                                       
  55     Call to an undefined method App\Models\LetterOfGuaranteeFacility::currentAccountCreditBankStatement().                    
         🪪  method.notFound                                                                                                       
 ------ -------------------------------------------------------------------------------------------------------------------------- 

 ------ --------------------------------------------------------------------------------------------------------- 
  Line   app/Traits/Models/HasLetterOfGuaranteeStatements.php (in context of class App\Models\LcIssuanceExpense)  
 ------ --------------------------------------------------------------------------------------------------------- 
  37     Call to an undefined method App\Models\LcIssuanceExpense::letterOfGuaranteeStatements().                 
         🪪  method.notFound                                                                                      
 ------ --------------------------------------------------------------------------------------------------------- 

 ------ --------------------------------------------------------------------------------------------- 
  Line   app/Traits/Models/HasNonCustomerOrSupplier.php (in context of class App\Models\CashExpense)  
 ------ --------------------------------------------------------------------------------------------- 
  27     Call to an undefined method App\Models\CashExpense::getDownPaymentAmount().                  
         🪪  method.notFound                                                                          
  28     Call to an undefined method App\Models\CashExpense::getReceivingOrPaymentCurrency().         
         🪪  method.notFound                                                                          
  33     Call to an undefined method App\Models\CashExpense::isOverContractDownPayment().             
         🪪  method.notFound                                                                          
 ------ --------------------------------------------------------------------------------------------- 

 ------ ---------------------------------------------------------------------------------------------- 
  Line   app/Traits/Models/HasNonCustomerOrSupplier.php (in context of class App\Models\MoneyPayment)  
 ------ ---------------------------------------------------------------------------------------------- 
  21     Call to an undefined method App\Models\MoneyPayment::isChequeAndNotCustomerOrSupplier().      
         🪪  method.notFound                                                                           
 ------ ---------------------------------------------------------------------------------------------- 

 ------ ----------------------------------------------------------------------------------------------- 
  Line   app/Traits/Models/HasNonCustomerOrSupplier.php (in context of class App\Models\MoneyReceived)  
 ------ ----------------------------------------------------------------------------------------------- 
  21     Call to an undefined method App\Models\MoneyReceived::isChequeAndNotCustomerOrSupplier().      
         🪪  method.notFound                                                                            
 ------ ----------------------------------------------------------------------------------------------- 

 ------ --------------------------------------------------------------------------------------------------------------- 
  Line   app/Traits/Models/HasOdooMoneyTransfer.php (in context of class App\Models\BuyOrSellCurrency)                  
 ------ --------------------------------------------------------------------------------------------------------------- 
  41     Access to an undefined property App\Models\BuyOrSellCurrency::$outbound_break_journal_entry_id.                
         🪪  property.notFound                                                                                          
         💡  Learn more: https://phpstan.org/blog/solving-phpstan-access-to-undefined-property                          
  45     Access to an undefined property App\Models\BuyOrSellCurrency::$outbound_break_account_bank_statement_odoo_id.  
         🪪  property.notFound                                                                                          
         💡  Learn more: https://phpstan.org/blog/solving-phpstan-access-to-undefined-property                          
  47     Access to an undefined property App\Models\BuyOrSellCurrency::$outbound_break_odoo_reference.                  
         🪪  property.notFound                                                                                          
         💡  Learn more: https://phpstan.org/blog/solving-phpstan-access-to-undefined-property                          
  55     Access to an undefined property App\Models\BuyOrSellCurrency::$inbound_break_journal_entry_id.                 
         🪪  property.notFound                                                                                          
         💡  Learn more: https://phpstan.org/blog/solving-phpstan-access-to-undefined-property                          
  59     Access to an undefined property App\Models\BuyOrSellCurrency::$inbound_break_account_bank_statement_odoo_id.   
         🪪  property.notFound                                                                                          
         💡  Learn more: https://phpstan.org/blog/solving-phpstan-access-to-undefined-property                          
  61     Access to an undefined property App\Models\BuyOrSellCurrency::$inbound_break_odoo_reference.                   
         🪪  property.notFound                                                                                          
         💡  Learn more: https://phpstan.org/blog/solving-phpstan-access-to-undefined-property                          
  82     Access to an undefined property App\Models\BuyOrSellCurrency::$inbound_break_journal_entry_id.                 
         🪪  property.notFound                                                                                          
         💡  Learn more: https://phpstan.org/blog/solving-phpstan-access-to-undefined-property                          
  82     Access to an undefined property App\Models\BuyOrSellCurrency::$store_break_journal_entry_id.                   
         🪪  property.notFound                                                                                          
         💡  Learn more: https://phpstan.org/blog/solving-phpstan-access-to-undefined-property                          
 ------ --------------------------------------------------------------------------------------------------------------- 

 ------ ------------------------------------------------------------------------------------------------------------------- 
  Line   app/Traits/Models/HasOdooMoneyTransfer.php (in context of class App\Models\CertificatesOfDeposit)                  
 ------ ------------------------------------------------------------------------------------------------------------------- 
  45     Access to an undefined property App\Models\CertificatesOfDeposit::$outbound_account_bank_statement_odoo_id.        
         🪪  property.notFound                                                                                              
         💡  Learn more: https://phpstan.org/blog/solving-phpstan-access-to-undefined-property                              
  45     Access to an undefined property App\Models\CertificatesOfDeposit::$outbound_break_account_bank_statement_odoo_id.  
         🪪  property.notFound                                                                                              
         💡  Learn more: https://phpstan.org/blog/solving-phpstan-access-to-undefined-property                              
  47     Access to an undefined property App\Models\CertificatesOfDeposit::$outbound_break_odoo_reference.                  
         🪪  property.notFound                                                                                              
         💡  Learn more: https://phpstan.org/blog/solving-phpstan-access-to-undefined-property                              
  47     Access to an undefined property App\Models\CertificatesOfDeposit::$outbound_odoo_reference.                        
         🪪  property.notFound                                                                                              
         💡  Learn more: https://phpstan.org/blog/solving-phpstan-access-to-undefined-property                              
  51     Access to an undefined property App\Models\CertificatesOfDeposit::$synced_with_odoo.                               
         🪪  property.notFound                                                                                              
         💡  Learn more: https://phpstan.org/blog/solving-phpstan-access-to-undefined-property                              
  52     Access to an undefined property App\Models\CertificatesOfDeposit::$odoo_error_message.                             
         🪪  property.notFound                                                                                              
         💡  Learn more: https://phpstan.org/blog/solving-phpstan-access-to-undefined-property                              
  59     Access to an undefined property App\Models\CertificatesOfDeposit::$inbound_account_bank_statement_odoo_id.         
         🪪  property.notFound                                                                                              
         💡  Learn more: https://phpstan.org/blog/solving-phpstan-access-to-undefined-property                              
  59     Access to an undefined property App\Models\CertificatesOfDeposit::$inbound_break_account_bank_statement_odoo_id.   
         🪪  property.notFound                                                                                              
         💡  Learn more: https://phpstan.org/blog/solving-phpstan-access-to-undefined-property                              
  61     Access to an undefined property App\Models\CertificatesOfDeposit::$inbound_odoo_reference.                         
         🪪  property.notFound                                                                                              
         💡  Learn more: https://phpstan.org/blog/solving-phpstan-access-to-undefined-property                              
  98     Call to an undefined method App\Models\CertificatesOfDeposit::getTransferDate().                                   
         🪪  method.notFound                                                                                                
  100    Access to an undefined property App\Models\CertificatesOfDeposit::$from_account_type_id.                           
         🪪  property.notFound                                                                                              
         💡  Learn more: https://phpstan.org/blog/solving-phpstan-access-to-undefined-property                              
  101    Access to an undefined property App\Models\CertificatesOfDeposit::$from_account_number.                            
         🪪  property.notFound                                                                                              
         💡  Learn more: https://phpstan.org/blog/solving-phpstan-access-to-undefined-property                              
  102    Access to an undefined property App\Models\CertificatesOfDeposit::$to_account_type_id.                             
         🪪  property.notFound                                                                                              
         💡  Learn more: https://phpstan.org/blog/solving-phpstan-access-to-undefined-property                              
  103    Access to an undefined property App\Models\CertificatesOfDeposit::$to_account_number.                              
         🪪  property.notFound                                                                                              
         💡  Learn more: https://phpstan.org/blog/solving-phpstan-access-to-undefined-property                              
  104    Call to an undefined method App\Models\CertificatesOfDeposit::getUserComment().                                    
         🪪  method.notFound                                                                                                
  107    Call to an undefined method App\Models\CertificatesOfDeposit::getAmountInCurrency().                               
         🪪  method.notFound                                                                                                
  111    Access to an undefined property App\Models\CertificatesOfDeposit::$from_branch_id.                                 
         🪪  property.notFound                                                                                              
         💡  Learn more: https://phpstan.org/blog/solving-phpstan-access-to-undefined-property                              
  112    Access to an undefined property App\Models\CertificatesOfDeposit::$to_branch_id.                                   
         🪪  property.notFound                                                                                              
         💡  Learn more: https://phpstan.org/blog/solving-phpstan-access-to-undefined-property                              
  114    Access to an undefined property App\Models\CertificatesOfDeposit::$from_bank_id.                                   
         🪪  property.notFound                                                                                              
         💡  Learn more: https://phpstan.org/blog/solving-phpstan-access-to-undefined-property                              
  115    Access to an undefined property App\Models\CertificatesOfDeposit::$to_bank_id.                                     
         🪪  property.notFound                                                                                              
         💡  Learn more: https://phpstan.org/blog/solving-phpstan-access-to-undefined-property                              
 ------ ------------------------------------------------------------------------------------------------------------------- 

 ------ ------------------------------------------------------------------------------------------------------------------- 
  Line   app/Traits/Models/HasOdooMoneyTransfer.php (in context of class App\Models\InternalMoneyTransfer)                  
 ------ ------------------------------------------------------------------------------------------------------------------- 
  41     Access to an undefined property App\Models\InternalMoneyTransfer::$outbound_break_journal_entry_id.                
         🪪  property.notFound                                                                                              
         💡  Learn more: https://phpstan.org/blog/solving-phpstan-access-to-undefined-property                              
  45     Access to an undefined property App\Models\InternalMoneyTransfer::$outbound_break_account_bank_statement_odoo_id.  
         🪪  property.notFound                                                                                              
         💡  Learn more: https://phpstan.org/blog/solving-phpstan-access-to-undefined-property                              
  47     Access to an undefined property App\Models\InternalMoneyTransfer::$outbound_break_odoo_reference.                  
         🪪  property.notFound                                                                                              
         💡  Learn more: https://phpstan.org/blog/solving-phpstan-access-to-undefined-property                              
  55     Access to an undefined property App\Models\InternalMoneyTransfer::$inbound_break_journal_entry_id.                 
         🪪  property.notFound                                                                                              
         💡  Learn more: https://phpstan.org/blog/solving-phpstan-access-to-undefined-property                              
  59     Access to an undefined property App\Models\InternalMoneyTransfer::$inbound_break_account_bank_statement_odoo_id.   
         🪪  property.notFound                                                                                              
         💡  Learn more: https://phpstan.org/blog/solving-phpstan-access-to-undefined-property                              
  61     Access to an undefined property App\Models\InternalMoneyTransfer::$inbound_break_odoo_reference.                   
         🪪  property.notFound                                                                                              
         💡  Learn more: https://phpstan.org/blog/solving-phpstan-access-to-undefined-property                              
  82     Access to an undefined property App\Models\InternalMoneyTransfer::$inbound_break_journal_entry_id.                 
         🪪  property.notFound                                                                                              
         💡  Learn more: https://phpstan.org/blog/solving-phpstan-access-to-undefined-property                              
  82     Access to an undefined property App\Models\InternalMoneyTransfer::$store_break_journal_entry_id.                   
         🪪  property.notFound                                                                                              
         💡  Learn more: https://phpstan.org/blog/solving-phpstan-access-to-undefined-property                              
 ------ ------------------------------------------------------------------------------------------------------------------- 

 ------ ----------------------------------------------------------------------------------------------------------- 
  Line   app/Traits/Models/HasOdooMoneyTransfer.php (in context of class App\Models\TimeOfDeposit)                  
 ------ ----------------------------------------------------------------------------------------------------------- 
  45     Access to an undefined property App\Models\TimeOfDeposit::$outbound_account_bank_statement_odoo_id.        
         🪪  property.notFound                                                                                      
         💡  Learn more: https://phpstan.org/blog/solving-phpstan-access-to-undefined-property                      
  45     Access to an undefined property App\Models\TimeOfDeposit::$outbound_break_account_bank_statement_odoo_id.  
         🪪  property.notFound                                                                                      
         💡  Learn more: https://phpstan.org/blog/solving-phpstan-access-to-undefined-property                      
  47     Access to an undefined property App\Models\TimeOfDeposit::$outbound_break_odoo_reference.                  
         🪪  property.notFound                                                                                      
         💡  Learn more: https://phpstan.org/blog/solving-phpstan-access-to-undefined-property                      
  47     Access to an undefined property App\Models\TimeOfDeposit::$outbound_odoo_reference.                        
         🪪  property.notFound                                                                                      
         💡  Learn more: https://phpstan.org/blog/solving-phpstan-access-to-undefined-property                      
  51     Access to an undefined property App\Models\TimeOfDeposit::$synced_with_odoo.                               
         🪪  property.notFound                                                                                      
         💡  Learn more: https://phpstan.org/blog/solving-phpstan-access-to-undefined-property                      
  52     Access to an undefined property App\Models\TimeOfDeposit::$odoo_error_message.                             
         🪪  property.notFound                                                                                      
         💡  Learn more: https://phpstan.org/blog/solving-phpstan-access-to-undefined-property                      
  59     Access to an undefined property App\Models\TimeOfDeposit::$inbound_account_bank_statement_odoo_id.         
         🪪  property.notFound                                                                                      
         💡  Learn more: https://phpstan.org/blog/solving-phpstan-access-to-undefined-property                      
  59     Access to an undefined property App\Models\TimeOfDeposit::$inbound_break_account_bank_statement_odoo_id.   
         🪪  property.notFound                                                                                      
         💡  Learn more: https://phpstan.org/blog/solving-phpstan-access-to-undefined-property                      
  98     Call to an undefined method App\Models\TimeOfDeposit::getTransferDate().                                   
         🪪  method.notFound                                                                                        
  100    Access to an undefined property App\Models\TimeOfDeposit::$from_account_type_id.                           
         🪪  property.notFound                                                                                      
         💡  Learn more: https://phpstan.org/blog/solving-phpstan-access-to-undefined-property                      
  101    Access to an undefined property App\Models\TimeOfDeposit::$from_account_number.                            
         🪪  property.notFound                                                                                      
         💡  Learn more: https://phpstan.org/blog/solving-phpstan-access-to-undefined-property                      
  102    Access to an undefined property App\Models\TimeOfDeposit::$to_account_type_id.                             
         🪪  property.notFound                                                                                      
         💡  Learn more: https://phpstan.org/blog/solving-phpstan-access-to-undefined-property                      
  103    Access to an undefined property App\Models\TimeOfDeposit::$to_account_number.                              
         🪪  property.notFound                                                                                      
         💡  Learn more: https://phpstan.org/blog/solving-phpstan-access-to-undefined-property                      
  104    Call to an undefined method App\Models\TimeOfDeposit::getUserComment().                                    
         🪪  method.notFound                                                                                        
  107    Call to an undefined method App\Models\TimeOfDeposit::getAmountInCurrency().                               
         🪪  method.notFound                                                                                        
  111    Access to an undefined property App\Models\TimeOfDeposit::$from_branch_id.                                 
         🪪  property.notFound                                                                                      
         💡  Learn more: https://phpstan.org/blog/solving-phpstan-access-to-undefined-property                      
  112    Access to an undefined property App\Models\TimeOfDeposit::$to_branch_id.                                   
         🪪  property.notFound                                                                                      
         💡  Learn more: https://phpstan.org/blog/solving-phpstan-access-to-undefined-property                      
  114    Access to an undefined property App\Models\TimeOfDeposit::$from_bank_id.                                   
         🪪  property.notFound                                                                                      
         💡  Learn more: https://phpstan.org/blog/solving-phpstan-access-to-undefined-property                      
  115    Access to an undefined property App\Models\TimeOfDeposit::$to_bank_id.                                     
         🪪  property.notFound                                                                                      
         💡  Learn more: https://phpstan.org/blog/solving-phpstan-access-to-undefined-property                      
 ------ ----------------------------------------------------------------------------------------------------------- 

 ------ ------------------------------------------------------------------------------------------ 
  Line   app/Traits/Models/HasPartnerStatement.php (in context of class App\Models\MoneyReceived)  
 ------ ------------------------------------------------------------------------------------------ 
  48     Instanceof between *NEVER* and App\Models\MoneyPayment will always evaluate to false.     
         🪪  instanceof.alwaysFalse                                                                
 ------ ------------------------------------------------------------------------------------------ 

 ------ -------------------------------------------------------------------------------------------------------------------------------------- 
  Line   app/Traits/Models/HasPropertyDueInstallment.php (in context of class App\Models\PropertyManagement\ForecastedPropertyDueInstallment)  
 ------ -------------------------------------------------------------------------------------------------------------------------------------- 
  113    Access to an undefined property App\Models\PropertyManagement\ForecastedPropertyDueInstallment::$installment_payments.                
         🪪  property.notFound                                                                                                                 
         💡  Learn more: https://phpstan.org/blog/solving-phpstan-access-to-undefined-property                                                 
  117    Access to an undefined property App\Models\PropertyManagement\ForecastedPropertyDueInstallment::$installment_payments.                
         🪪  property.notFound                                                                                                                 
         💡  Learn more: https://phpstan.org/blog/solving-phpstan-access-to-undefined-property                                                 
  127    Method App\Models\PropertyManagement\ForecastedPropertyDueInstallment::getHasDeliveryPayments() should return bool but returns int.   
         🪪  return.type                                                                                                                       
 ------ -------------------------------------------------------------------------------------------------------------------------------------- 

 ------ ---------------------------------------------------------------------------------------------------------------------------- 
  Line   app/Traits/Models/HasPropertyDueInstallment.php (in context of class App\Models\PropertyManagement\PropertyDueInstallment)  
 ------ ---------------------------------------------------------------------------------------------------------------------------- 
  113    Access to an undefined property App\Models\PropertyManagement\PropertyDueInstallment::$installment_payments.                
         🪪  property.notFound                                                                                                       
         💡  Learn more: https://phpstan.org/blog/solving-phpstan-access-to-undefined-property                                       
  117    Access to an undefined property App\Models\PropertyManagement\PropertyDueInstallment::$installment_payments.                
         🪪  property.notFound                                                                                                       
         💡  Learn more: https://phpstan.org/blog/solving-phpstan-access-to-undefined-property                                       
  127    Method App\Models\PropertyManagement\PropertyDueInstallment::getHasDeliveryPayments() should return bool but returns int.   
         🪪  return.type                                                                                                             
 ------ ---------------------------------------------------------------------------------------------------------------------------- 

 ------ --------------------------------------------------------------------------------------- 
  Line   app/Traits/Models/IsCashInBank.php (in context of class App\Models\CashInBank)         
 ------ --------------------------------------------------------------------------------------- 
  33     Access to an undefined property App\Models\CashInBank::$receipt_number.                
         🪪  property.notFound                                                                  
         💡  Learn more: https://phpstan.org/blog/solving-phpstan-access-to-undefined-property  
 ------ --------------------------------------------------------------------------------------- 

 ------ ---------------------------------------------------------------------------------------------------- 
  Line   app/Traits/Models/IsInvoice.php (in context of class App\Models\CustomerInvoice)                    
 ------ ---------------------------------------------------------------------------------------------------- 
  68     Instanceof between *NEVER* and App\Models\SupplierInvoice will always evaluate to false.            
         🪪  instanceof.alwaysFalse                                                                          
  158    Instanceof between *NEVER* and App\Models\SupplierInvoice will always evaluate to false.            
         🪪  instanceof.alwaysFalse                                                                          
  292    Unreachable statement - code above always terminates.                                               
         🪪  deadCode.unreachable                                                                            
  336    Instanceof between *NEVER* and App\Models\SupplierInvoice will always evaluate to false.            
         🪪  instanceof.alwaysFalse                                                                          
  407    Method App\Models\CustomerInvoice::getInvoiceAmount() should return float but returns string|null.  
         🪪  return.type                                                                                     
 ------ ---------------------------------------------------------------------------------------------------- 

 ------ ---------------------------------------------------------------------------------------------------- 
  Line   app/Traits/Models/IsInvoice.php (in context of class App\Models\SupplierInvoice)                    
 ------ ---------------------------------------------------------------------------------------------------- 
  147    Access to an undefined property App\Models\SupplierInvoice::$collected_amount.                      
         🪪  property.notFound                                                                               
         💡  Learn more: https://phpstan.org/blog/solving-phpstan-access-to-undefined-property               
  292    Unreachable statement - code above always terminates.                                               
         🪪  deadCode.unreachable                                                                            
  407    Method App\Models\SupplierInvoice::getInvoiceAmount() should return float but returns string|null.  
         🪪  return.type                                                                                     
 ------ ---------------------------------------------------------------------------------------------------- 

 ------ ------------------------------------------------------------------------------------------ 
  Line   app/Traits/Models/IsMoney.php (in context of class App\Models\MoneyPayment)               
 ------ ------------------------------------------------------------------------------------------ 
  421    Access to an undefined property App\Models\MoneyPayment::$cheque.                         
         🪪  property.notFound                                                                     
         💡  Learn more: https://phpstan.org/blog/solving-phpstan-access-to-undefined-property     
  450    Access to an undefined property App\Models\MoneyPayment::$cheque.                         
         🪪  property.notFound                                                                     
         💡  Learn more: https://phpstan.org/blog/solving-phpstan-access-to-undefined-property     
  462    Call to an undefined method App\Models\FinancialInstitution::getOdooId().                 
         🪪  method.notFound                                                                       
  473    Call to an undefined method App\Models\MoneyPayment::isChequeAndNotCustomerOrSupplier().  
         🪪  method.notFound                                                                       
  485    Instanceof between *NEVER* and App\Models\CashExpense will always evaluate to false.      
         🪪  instanceof.alwaysFalse                                                                
  496    Call to an undefined method App\Models\MoneyPayment::getReceivingCurrency().              
         🪪  method.notFound                                                                       
 ------ ------------------------------------------------------------------------------------------ 

 ------ ------------------------------------------------------------------------------------------- 
  Line   app/Traits/Models/IsMoney.php (in context of class App\Models\MoneyReceived)               
 ------ ------------------------------------------------------------------------------------------- 
  473    Call to an undefined method App\Models\MoneyReceived::isChequeAndNotCustomerOrSupplier().  
         🪪  method.notFound                                                                        
  496    Call to an undefined method App\Models\MoneyReceived::getPaymentCurrency().                
         🪪  method.notFound                                                                        
 ------ ------------------------------------------------------------------------------------------- 

 ------ --------------------------------------------------------------------------------------- 
  Line   app/Traits/Models/IsMoneyOut.php (in context of class App\Models\CashExpense)          
 ------ --------------------------------------------------------------------------------------- 
  56     Access to an undefined property App\Models\CashExpense::$downPaymentSettlements.       
         🪪  property.notFound                                                                  
         💡  Learn more: https://phpstan.org/blog/solving-phpstan-access-to-undefined-property  
 ------ --------------------------------------------------------------------------------------- 

 ------ --------------------------------------------------------------------------------------- 
  Line   app/View/Components/Table.php                                                          
 ------ --------------------------------------------------------------------------------------- 
  38     Access to an undefined property App\View\Components\Table::$tableclass.                
         🪪  property.notFound                                                                  
         💡  Learn more: https://phpstan.org/blog/solving-phpstan-access-to-undefined-property  
 ------ --------------------------------------------------------------------------------------- 

 ------ --------------------------------------------------------------------------------------- 
  Line   app/View/Components/TableWithAttributes.php                                            
 ------ --------------------------------------------------------------------------------------- 
  38     Access to an undefined property App\View\Components\TableWithAttributes::$tableclass.  
         🪪  property.notFound                                                                  
         💡  Learn more: https://phpstan.org/blog/solving-phpstan-access-to-undefined-property  
 ------ --------------------------------------------------------------------------------------- 

 [ERROR] Found 914 errors                                                                                               

 ------ --------------------------------------------------------------------------------------- 
  Line   app/Http/Controllers/NonBankingServices/ExpensesController.php                         
 ------ --------------------------------------------------------------------------------------- 
  191    Loose comparison using == between null and 'customize' will always evaluate to false.  
         🪪  equal.alwaysFalse                                                                  
 ------ --------------------------------------------------------------------------------------- 

 ------ ---------------------------------------------------------------------------------------------------------- 
  Line   app/Http/Controllers/PropertyManagements/ValuationController.php                                          
 ------ ---------------------------------------------------------------------------------------------------------- 
  184    Access to an undefined property App\Models\PropertyManagement\BalanceSheet::$debit_funding_percentages.   
         🪪  property.notFound                                                                                     
         💡  Learn more: https://phpstan.org/blog/solving-phpstan-access-to-undefined-property                     
  185    Access to an undefined property App\Models\PropertyManagement\BalanceSheet::$equity_funding_percentages.  
         🪪  property.notFound                                                                                     
         💡  Learn more: https://phpstan.org/blog/solving-phpstan-access-to-undefined-property                     
 ------ ---------------------------------------------------------------------------------------------------------- 

 ------ -------------------------------------------------------------------------------------------------- 
  Line   app/Http/Controllers/QuantityAllocationsReport.php                                                
 ------ -------------------------------------------------------------------------------------------------- 
  148    Variable $result in PHPDoc tag @var does not match assigned variable $product_seasonality_total.  
         🪪  varTag.differentVariable                                                                      
  149    Access to an undefined property App\Models\QuantityProductSeasonality::$total.                    
         🪪  property.notFound                                                                             
         💡  Learn more: https://phpstan.org/blog/solving-phpstan-access-to-undefined-property             
 ------ -------------------------------------------------------------------------------------------------- 

 ------ --------------------------------------------------------------------------------------- 
  Line   app/Http/Controllers/QuantitySalesForecastReport.php                                   
 ------ --------------------------------------------------------------------------------------- 
  562    Strict comparison using !== between mixed and null will always evaluate to true.       
         🪪  notIdentical.alwaysTrue                                                            
         💡  Type null has already been eliminated from mixed.                                  
  881    Access to an undefined property App\Models\QuantitySalesForecast::$sales_target.       
         🪪  property.notFound                                                                  
         💡  Learn more: https://phpstan.org/blog/solving-phpstan-access-to-undefined-property  
 ------ --------------------------------------------------------------------------------------- 

 ------ -------------------------------------------------------------------------------------------------- 
  Line   app/Http/Controllers/QuantitySecondAllocationsReport.php                                          
 ------ -------------------------------------------------------------------------------------------------- 
  150    Variable $result in PHPDoc tag @var does not match assigned variable $product_seasonality_total.  
         🪪  varTag.differentVariable                                                                      
  151    Access to an undefined property App\Models\QuantityProductSeasonality::$total.                    
         🪪  property.notFound                                                                             
         💡  Learn more: https://phpstan.org/blog/solving-phpstan-access-to-undefined-property             
 ------ -------------------------------------------------------------------------------------------------- 

 ------ ---------------------------------------------------------------------------------- 
  Line   app/Http/Controllers/SalesForecastReport.php                                      
 ------ ---------------------------------------------------------------------------------- 
  140    Anonymous function has an unused use $items.                                      
         🪪  closure.unusedUse                                                             
  330    Strict comparison using !== between mixed and null will always evaluate to true.  
         🪪  notIdentical.alwaysTrue                                                       
         💡  Type null has already been eliminated from mixed.                             
  742    Left side of && is always true.                                                   
         🪪  booleanAnd.leftAlwaysTrue                                                     
         💡  Remove remaining cases below this one and this error will disappear too.      
  897    Offset 3|6|9|12 on array<string, mixed> on left side of ?? does not exist.        
         🪪  nullCoalesce.offset                                                           
 ------ ---------------------------------------------------------------------------------- 

 ------ --------------------------------------------------------------------------------------- 
  Line   app/Http/Controllers/SalesGatheringController.php                                      
 ------ --------------------------------------------------------------------------------------- 
  90     Access to an undefined property App\Models\LabelingItem::$Code.                        
         🪪  property.notFound                                                                  
         💡  Learn more: https://phpstan.org/blog/solving-phpstan-access-to-undefined-property  
  408    Access to an undefined property App\Models\LabelingItem::$Code.                        
         🪪  property.notFound                                                                  
         💡  Learn more: https://phpstan.org/blog/solving-phpstan-access-to-undefined-property  
 ------ --------------------------------------------------------------------------------------- 

 ------ ----------------------------------------------------------------------------- 
  Line   app/Http/Controllers/SummaryController.php                                   
 ------ ----------------------------------------------------------------------------- 
  99     Variable $month_sales on left side of ?? always exists and is not nullable.  
         🪪  nullCoalesce.variable                                                    
 ------ ----------------------------------------------------------------------------- 

 ------ ---------------------------------------------------------------------------------------------------- 
  Line   app/Http/Controllers/ToolTipDataController.php                                                      
 ------ ---------------------------------------------------------------------------------------------------- 
  40     Method App\Http\Controllers\ExportTable::columnsFiltration() invoked with 1 parameter, 4 required.  
         🪪  arguments.count                                                                                 
 ------ ---------------------------------------------------------------------------------------------------- 

 ------ ----------------------------------------------------------------------------- 
  Line   app/Http/Controllers/ViewShareableLinkController.php                         
 ------ ----------------------------------------------------------------------------- 
  22     Cannot call static method getShareableEditViewVars() on class-string|false.  
         🪪  staticMethod.nonObject                                                   
 ------ ----------------------------------------------------------------------------- 

 ------ -------------------------------------------------------------------------------------------- 
  Line   app/Http/Requests/MarkChequeAsPaidRequest.php                                               
 ------ -------------------------------------------------------------------------------------------- 
  36     Access to an undefined property App\Models\CashExpense|App\Models\MoneyPayment::$due_date.  
         🪪  property.notFound                                                                       
         💡  Learn more: https://phpstan.org/blog/solving-phpstan-access-to-undefined-property       
 ------ -------------------------------------------------------------------------------------------- 

 ------ ----------------------------------------------------------------------------------- 
  Line   app/Imports/ImportData.php                                                         
 ------ ----------------------------------------------------------------------------------- 
  61     Property App\Imports\ImportData::$batch is unused.                                 
         🪪  property.unused                                                                
         💡  See: https://phpstan.org/developing-extensions/always-read-written-properties  
  66     Property App\Imports\ImportData::$dateFailed is never read, only written.          
         🪪  property.onlyWritten                                                           
         💡  See: https://phpstan.org/developing-extensions/always-read-written-properties  
  90     Loose comparison using == between 2 and 2 will always evaluate to true.            
         🪪  equal.alwaysTrue                                                               
 ------ ----------------------------------------------------------------------------------- 

 ------ ------------------------------------------------------------------------------------ 
  Line   app/Jobs/Caches/HandleCashingJob.php                                                
 ------ ------------------------------------------------------------------------------------ 
  32     Call to an undefined method App\Services\Caching\CashingService::refreshCashing().  
         🪪  method.notFound                                                                 
 ------ ------------------------------------------------------------------------------------ 

 ------ --------------------------------------------------------------------------------------- 
  Line   app/Jobs/CheckDueAndPastedInvoicesJob.php                                              
 ------ --------------------------------------------------------------------------------------- 
  587    Access to an undefined property App\Models\PayableCheque::$paid_amount.                
         🪪  property.notFound                                                                  
         💡  Learn more: https://phpstan.org/blog/solving-phpstan-access-to-undefined-property  
  588    Access to an undefined property App\Models\PayableCheque::$name.                       
         🪪  property.notFound                                                                  
         💡  Learn more: https://phpstan.org/blog/solving-phpstan-access-to-undefined-property  
  607    Access to an undefined property App\Models\PayableCheque::$paid_amount.                
         🪪  property.notFound                                                                  
         💡  Learn more: https://phpstan.org/blog/solving-phpstan-access-to-undefined-property  
  608    Access to an undefined property App\Models\PayableCheque::$name.                       
         🪪  property.notFound                                                                  
         💡  Learn more: https://phpstan.org/blog/solving-phpstan-access-to-undefined-property  
 ------ --------------------------------------------------------------------------------------- 

 ------ --------------------------------------------- 
  Line   app/Jobs/SalesGatheringTestJob.php           
 ------ --------------------------------------------- 
  80     Ternary operator condition is always false.  
         🪪  ternary.alwaysFalse                      
  105    Ternary operator condition is always false.  
         🪪  ternary.alwaysFalse                      
  165    Ternary operator condition is always false.  
         🪪  ternary.alwaysFalse                      
 ------ --------------------------------------------- 

 ------ ------------------------------------------------------------------------------------------ 
  Line   app/Jobs/ShowCompletedMessageForSuccessJob.php                                            
 ------ ------------------------------------------------------------------------------------------ 
  22     Property App\Jobs\ShowCompletedMessageForSuccessJob::$jobId is never read, only written.  
         🪪  property.onlyWritten                                                                  
         💡  See: https://phpstan.org/developing-extensions/always-read-written-properties         
 ------ ------------------------------------------------------------------------------------------ 

 ------ ----------------------------------------------------------------------------------- 
  Line   app/Mail/SendExceptionMail.php                                                     
 ------ ----------------------------------------------------------------------------------- 
  19     Property App\Mail\SendExceptionMail::$css is unused.                               
         🪪  property.unused                                                                
         💡  See: https://phpstan.org/developing-extensions/always-read-written-properties  
 ------ ----------------------------------------------------------------------------------- 

 ------ -------------------------------------------------------------------------------- 
  Line   app/Models/AccountType.php                                                      
 ------ -------------------------------------------------------------------------------- 
  64     Call to an undefined method Illuminate\Database\Eloquent\Builder::onlySlugs().  
         🪪  method.notFound                                                             
  68     Call to an undefined method Illuminate\Database\Eloquent\Builder::onlySlugs().  
         🪪  method.notFound                                                             
  72     Call to an undefined method Illuminate\Database\Eloquent\Builder::onlySlugs().  
         🪪  method.notFound                                                             
  80     Call to an undefined method Illuminate\Database\Eloquent\Builder::onlySlugs().  
         🪪  method.notFound                                                             
  84     Call to an undefined method Illuminate\Database\Eloquent\Builder::onlySlugs().  
         🪪  method.notFound                                                             
  88     Call to an undefined method Illuminate\Database\Eloquent\Builder::onlySlugs().  
         🪪  method.notFound                                                             
  92     Call to an undefined method Illuminate\Database\Eloquent\Builder::onlySlugs().  
         🪪  method.notFound                                                             
  96     Call to an undefined method Illuminate\Database\Eloquent\Builder::onlySlugs().  
         🪪  method.notFound                                                             
  100    Call to an undefined method Illuminate\Database\Eloquent\Builder::onlySlugs().  
         🪪  method.notFound                                                             
  104    Call to an undefined method Illuminate\Database\Eloquent\Builder::onlySlugs().  
         🪪  method.notFound                                                             
  108    Call to an undefined method Illuminate\Database\Eloquent\Builder::onlySlugs().  
         🪪  method.notFound                                                             
  112    Call to an undefined method Illuminate\Database\Eloquent\Builder::onlySlugs().  
         🪪  method.notFound                                                             
 ------ -------------------------------------------------------------------------------- 

 ------ ------------------------------------------------------------------------------------------------------- 
  Line   app/Models/BuyOrSellCurrency.php                                                                       
 ------ ------------------------------------------------------------------------------------------------------- 
  418    Left side of && is always true.                                                                        
         🪪  booleanAnd.leftAlwaysTrue                                                                          
  422    Variable $fromCleanOverdraft in PHPDoc tag @var does not match assigned variable $fromCurrentAccount.  
         🪪  varTag.differentVariable                                                                           
  434    Left side of && is always true.                                                                        
         🪪  booleanAnd.leftAlwaysTrue                                                                          
  451    Left side of && is always true.                                                                        
         🪪  booleanAnd.leftAlwaysTrue                                                                          
  469    Left side of && is always true.                                                                        
         🪪  booleanAnd.leftAlwaysTrue                                                                          
  487    Left side of && is always true.                                                                        
         🪪  booleanAnd.leftAlwaysTrue                                                                          
  574    Access to an undefined property App\Models\BuyOrSellCurrency::$cheque_number.                          
         🪪  property.notFound                                                                                  
         💡  Learn more: https://phpstan.org/blog/solving-phpstan-access-to-undefined-property                  
 ------ ------------------------------------------------------------------------------------------------------- 

 ------ --------------------------------------------------------------------------------------------------------------------------------------------- 
  Line   app/Models/CashExpense.php                                                                                                                   
 ------ --------------------------------------------------------------------------------------------------------------------------------------------- 
  274    Right side of && is always true.                                                                                                             
         🪪  booleanAnd.rightAlwaysTrue                                                                                                               
         💡  Because the type is coming from a PHPDoc, you can turn off this check by setting treatPhpDocTypesAsCertain: false in your phpstan.neon.  
  340    Ternary operator condition is always true.                                                                                                   
         🪪  ternary.alwaysTrue                                                                                                                       
         💡  Because the type is coming from a PHPDoc, you can turn off this check by setting treatPhpDocTypesAsCertain: false in your phpstan.neon.  
  348    Ternary operator condition is always true.                                                                                                   
         🪪  ternary.alwaysTrue                                                                                                                       
         💡  Because the type is coming from a PHPDoc, you can turn off this check by setting treatPhpDocTypesAsCertain: false in your phpstan.neon.  
  390    Ternary operator condition is always true.                                                                                                   
         🪪  ternary.alwaysTrue                                                                                                                       
         💡  Because the type is coming from a PHPDoc, you can turn off this check by setting treatPhpDocTypesAsCertain: false in your phpstan.neon.  
  402    Call to an undefined method App\Models\PayableCheque::getPaymentDate().                                                                      
         🪪  method.notFound                                                                                                                          
  514    Call to an undefined method App\Models\CashExpense::getMoneyType().                                                                          
         🪪  method.notFound                                                                                                                          
  593    Right side of && is always true.                                                                                                             
         🪪  booleanAnd.rightAlwaysTrue                                                                                                               
         💡  Because the type is coming from a PHPDoc, you can turn off this check by setting treatPhpDocTypesAsCertain: false in your phpstan.neon.  
  699    Call to an undefined method App\Models\CashExpense::getFinancialInstitution().                                                               
         🪪  method.notFound                                                                                                                          
  705    Call to an undefined method App\Models\CashExpense::getFinancialInstitution().                                                               
         🪪  method.notFound                                                                                                                          
  715    Access to an undefined property App\Models\Contract::$pivot.                                                                                 
         🪪  property.notFound                                                                                                                        
         💡  Learn more: https://phpstan.org/blog/solving-phpstan-access-to-undefined-property                                                        
  820    Call to an undefined method App\Models\FinancialInstitution::getOdooId().                                                                    
         🪪  method.notFound                                                                                                                          
 ------ --------------------------------------------------------------------------------------------------------------------------------------------- 

 ------ ------------------------------------------------------------------------------------------------------------------------------ 
  Line   app/Models/CertificatesOfDeposit.php                                                                                          
 ------ ------------------------------------------------------------------------------------------------------------------------------ 
  208    Method App\Models\CertificatesOfDeposit::getMaturityAmountAddedToAccountId() should return int|null but returns string|null.  
         🪪  return.type                                                                                                               
  381    Access to an undefined property App\Models\CertificatesOfDeposit::$journal_id.                                                
         🪪  property.notFound                                                                                                         
         💡  Learn more: https://phpstan.org/blog/solving-phpstan-access-to-undefined-property                                         
 ------ ------------------------------------------------------------------------------------------------------------------------------ 

 ------ --------------------------------------------------------------------------------------- 
  Line   app/Models/Cheque.php                                                                  
 ------ --------------------------------------------------------------------------------------- 
  527    Variable $accountType in PHPDoc tag @var does not match assigned variable $companyId.  
         🪪  varTag.differentVariable                                                           
 ------ --------------------------------------------------------------------------------------- 

 ------ --------------------------------------------------------------------------------------- 
  Line   app/Models/CurrentAccountBankStatement.php                                             
 ------ --------------------------------------------------------------------------------------- 
  451    Access to an undefined property App\Models\CurrentAccountBankStatement::$limit.        
         🪪  property.notFound                                                                  
         💡  Learn more: https://phpstan.org/blog/solving-phpstan-access-to-undefined-property  
 ------ --------------------------------------------------------------------------------------- 

 ------ ------------------------------------------------------------------------------------------------ 
  Line   app/Models/CustomerDueCollectionAnalysis.php                                                    
 ------ ------------------------------------------------------------------------------------------------ 
  102    Access to an undefined property App\Models\CustomerDueCollectionAnalysis::$net_invoice_amount.  
         🪪  property.notFound                                                                           
         💡  Learn more: https://phpstan.org/blog/solving-phpstan-access-to-undefined-property           
  110    Access to an undefined property App\Models\CustomerDueCollectionAnalysis::$customer_name.       
         🪪  property.notFound                                                                           
         💡  Learn more: https://phpstan.org/blog/solving-phpstan-access-to-undefined-property           
 ------ ------------------------------------------------------------------------------------------------ 

 ------ ------------------------------------------------------------------------------------------- 
  Line   app/Models/CustomerInvoice.php                                                             
 ------ ------------------------------------------------------------------------------------------- 
  466    Access to an undefined property App\Models\CashInSafeStatement::$name.                     
         🪪  property.notFound                                                                      
         💡  Learn more: https://phpstan.org/blog/solving-phpstan-access-to-undefined-property      
  467    Access to an undefined property App\Models\CashInSafeStatement::$received_amount.          
         🪪  property.notFound                                                                      
         💡  Learn more: https://phpstan.org/blog/solving-phpstan-access-to-undefined-property      
  486    Access to an undefined property App\Models\CurrentAccountBankStatement::$account_number.   
         🪪  property.notFound                                                                      
         💡  Learn more: https://phpstan.org/blog/solving-phpstan-access-to-undefined-property      
  486    Access to an undefined property App\Models\CurrentAccountBankStatement::$currency.         
         🪪  property.notFound                                                                      
         💡  Learn more: https://phpstan.org/blog/solving-phpstan-access-to-undefined-property      
  493    Access to an undefined property App\Models\CurrentAccountBankStatement::$currency.         
         🪪  property.notFound                                                                      
         💡  Learn more: https://phpstan.org/blog/solving-phpstan-access-to-undefined-property      
  496    Access to an undefined property App\Models\CurrentAccountBankStatement::$account_number.   
         🪪  property.notFound                                                                      
         💡  Learn more: https://phpstan.org/blog/solving-phpstan-access-to-undefined-property      
  496    Access to an undefined property App\Models\CurrentAccountBankStatement::$name.             
         🪪  property.notFound                                                                      
         💡  Learn more: https://phpstan.org/blog/solving-phpstan-access-to-undefined-property      
  497    Access to an undefined property App\Models\CurrentAccountBankStatement::$received_amount.  
         🪪  property.notFound                                                                      
         💡  Learn more: https://phpstan.org/blog/solving-phpstan-access-to-undefined-property      
 ------ ------------------------------------------------------------------------------------------- 

 ------ --------------------------------------------------------------------------------------------------- 
  Line   app/Models/DownPaymentMoneyPaymentSettlement.php                                                   
 ------ --------------------------------------------------------------------------------------------------- 
  58     Access to an undefined property App\Models\DownPaymentMoneyPaymentSettlement::$settlement_amount.  
         🪪  property.notFound                                                                              
         💡  Learn more: https://phpstan.org/blog/solving-phpstan-access-to-undefined-property              
  62     Access to an undefined property App\Models\DownPaymentMoneyPaymentSettlement::$withhold_amount.    
         🪪  property.notFound                                                                              
         💡  Learn more: https://phpstan.org/blog/solving-phpstan-access-to-undefined-property              
  67     Access to an undefined property App\Models\DownPaymentMoneyPaymentSettlement::$invoice_number.     
         🪪  property.notFound                                                                              
         💡  Learn more: https://phpstan.org/blog/solving-phpstan-access-to-undefined-property              
  73     Access to an undefined property App\Models\DownPaymentMoneyPaymentSettlement::$settlement_amount.  
         🪪  property.notFound                                                                              
         💡  Learn more: https://phpstan.org/blog/solving-phpstan-access-to-undefined-property              
  82     Call to an undefined method App\Models\DownPaymentMoneyPaymentSettlement::getSettlementDate().     
         🪪  method.notFound                                                                                
 ------ --------------------------------------------------------------------------------------------------- 

 ------ --------------------------------------------------------------------------------------- 
  Line   app/Models/DownPaymentSettlement.php                                                   
 ------ --------------------------------------------------------------------------------------- 
  75     Access to an undefined property App\Models\DownPaymentSettlement::$settlement_amount.  
         🪪  property.notFound                                                                  
         💡  Learn more: https://phpstan.org/blog/solving-phpstan-access-to-undefined-property  
  79     Access to an undefined property App\Models\DownPaymentSettlement::$withhold_amount.    
         🪪  property.notFound                                                                  
         💡  Learn more: https://phpstan.org/blog/solving-phpstan-access-to-undefined-property  
  84     Access to an undefined property App\Models\DownPaymentSettlement::$invoice_number.     
         🪪  property.notFound                                                                  
         💡  Learn more: https://phpstan.org/blog/solving-phpstan-access-to-undefined-property  
  90     Access to an undefined property App\Models\DownPaymentSettlement::$settlement_amount.  
         🪪  property.notFound                                                                  
         💡  Learn more: https://phpstan.org/blog/solving-phpstan-access-to-undefined-property  
  99     Call to an undefined method App\Models\DownPaymentSettlement::getSettlementDate().     
         🪪  method.notFound                                                                    
 ------ --------------------------------------------------------------------------------------- 

 ------ -------------------------------------------------------------------------------------------- 
  Line   app/Models/FinancialInstitution.php                                                         
 ------ -------------------------------------------------------------------------------------------- 
  329    Variable $account might not be defined.                                                     
         🪪  variable.undefined                                                                      
  341    Variable $account might not be defined.                                                     
         🪪  variable.undefined                                                                      
  347    Variable $account might not be defined.                                                     
         🪪  variable.undefined                                                                      
  350    Variable $account might not be defined.                                                     
         🪪  variable.undefined                                                                      
  436    Variable $accountModel in PHPDoc tag @var does not match assigned variable $fullModelName.  
         🪪  varTag.differentVariable                                                                
 ------ -------------------------------------------------------------------------------------------- 

 ------ --------------------------------------------------------------------------------------- 
  Line   app/Models/FinancialPlanning/Expense.php                                               
 ------ --------------------------------------------------------------------------------------- 
  236    Access to an undefined property App\Models\FinancialPlanning\Expense::$percentagE_of.  
         🪪  property.notFound                                                                  
         💡  Learn more: https://phpstan.org/blog/solving-phpstan-access-to-undefined-property  
 ------ --------------------------------------------------------------------------------------- 

 ------ --------------------------------------------------------------------------------------------------------------------------------------- 
  Line   app/Models/FinancialPlanning/Study.php                                                                                                 
 ------ --------------------------------------------------------------------------------------------------------------------------------------- 
  286    Method App\Models\FinancialPlanning\Study::getMainPlanningBase() should return string|null but returns int<min, -1>|int<1, max>|null.  
         🪪  return.type                                                                                                                        
  290    Method App\Models\FinancialPlanning\Study::getSubPlanningBase() should return string|null but returns int<min, -1>|int<1, max>|null.   
         🪪  return.type                                                                                                                        
 ------ --------------------------------------------------------------------------------------------------------------------------------------- 

 ------ --------------------------------------------------------------------------------------------------------------------------------------------- 
  Line   app/Models/InterestRevenueAccount.php                                                                                                        
 ------ --------------------------------------------------------------------------------------------------------------------------------------------- 
  34     Call to function is_null() with int will always evaluate to false.                                                                           
         🪪  function.impossibleType                                                                                                                  
         💡  Because the type is coming from a PHPDoc, you can turn off this check by setting treatPhpDocTypesAsCertain: false in your phpstan.neon.  
  35     Call to an undefined method App\Models\InterestRevenueAccount::getName().                                                                    
         🪪  method.notFound                                                                                                                          
 ------ --------------------------------------------------------------------------------------------------------------------------------------------- 

 ------ ------------------------------------------------------------------------------------------------------- 
  Line   app/Models/InternalMoneyTransfer.php                                                                   
 ------ ------------------------------------------------------------------------------------------------------- 
  161    Access to an undefined property App\Models\InternalMoneyTransfer::$is_credit.                          
         🪪  property.notFound                                                                                  
         💡  Learn more: https://phpstan.org/blog/solving-phpstan-access-to-undefined-property                  
  165    Access to an undefined property App\Models\InternalMoneyTransfer::$is_debit.                           
         🪪  property.notFound                                                                                  
         💡  Learn more: https://phpstan.org/blog/solving-phpstan-access-to-undefined-property                  
  389    Left side of && is always true.                                                                        
         🪪  booleanAnd.leftAlwaysTrue                                                                          
  393    Variable $fromCleanOverdraft in PHPDoc tag @var does not match assigned variable $fromCurrentAccount.  
         🪪  varTag.differentVariable                                                                           
  408    Left side of && is always true.                                                                        
         🪪  booleanAnd.leftAlwaysTrue                                                                          
  425    Left side of && is always true.                                                                        
         🪪  booleanAnd.leftAlwaysTrue                                                                          
  443    Left side of && is always true.                                                                        
         🪪  booleanAnd.leftAlwaysTrue                                                                          
  461    Left side of && is always true.                                                                        
         🪪  booleanAnd.leftAlwaysTrue                                                                          
 ------ ------------------------------------------------------------------------------------------------------- 

 ------ ------------------------------------------------------------------------------------------------------------------------------------------------------------------------------------------ 
  Line   app/Models/LabelingItem.php                                                                                                                                                               
 ------ ------------------------------------------------------------------------------------------------------------------------------------------------------------------------------------------ 
  34     PHPDoc tag @property has invalid value (string|null $17): Unexpected token "$17", expected variable at offset 708 on line 23                                                              
         🪪  phpDoc.parseError                                                                                                                                                                     
  40     PHPDoc tag @property has invalid value (string|null $14): Unexpected token "$14", expected variable at offset 942 on line 29                                                              
         🪪  phpDoc.parseError                                                                                                                                                                     
  41     PHPDoc tag @property has invalid value (string|null $21): Unexpected token "$21", expected variable at offset 971 on line 30                                                              
         🪪  phpDoc.parseError                                                                                                                                                                     
  42     PHPDoc tag @property has invalid value (string|null $28): Unexpected token "$28", expected variable at offset 1000 on line 31                                                             
         🪪  phpDoc.parseError                                                                                                                                                                     
  47     PHPDoc tag @property has invalid value (string|null $27): Unexpected token "$27", expected variable at offset 1178 on line 36                                                             
         🪪  phpDoc.parseError                                                                                                                                                                     
  103    PHPDoc tag @method has invalid value (static \Illuminate\Database\Eloquent\Builder<static>|\App\Models\LabelingItem whereCodeName&Nuber($value)): Unexpected token "&", expected '(' at   
         offset 4951 on line 92                                                                                                                                                                    
         🪪  phpDoc.parseError                                                                                                                                                                     
  126    PHPDoc tag @method has invalid value (static \Illuminate\Database\Eloquent\Builder<static>|\App\Models\LabelingItem whereName&partNumber($value)): Unexpected token "&", expected '(' at  
          offset 7557 on line 115                                                                                                                                                                  
         🪪  phpDoc.parseError                                                                                                                                                                     
  129    PHPDoc tag @method has invalid value (static \Illuminate\Database\Eloquent\Builder<static>|\App\Models\LabelingItem whereNameCode&partNumber($value)): Unexpected token "&", expected '(  
         ' at offset 7910 on line 118                                                                                                                                                              
         🪪  phpDoc.parseError                                                                                                                                                                     
  149    PHPDoc tag @method has invalid value (static \Illuminate\Database\Eloquent\Builder<static>|\App\Models\LabelingItem whereCodeName&Nuber($value)): Unexpected token "&", expected '(' at   
         offset 10119 on line 138                                                                                                                                                                  
         🪪  phpDoc.parseError                                                                                                                                                                     
  150    PHPDoc tag @method has invalid value (static \Illuminate\Database\Eloquent\Builder<static>|\App\Models\LabelingItem whereName&partNumber($value)): Unexpected token "&", expected '(' at  
          offset 10232 on line 139                                                                                                                                                                 
         🪪  phpDoc.parseError                                                                                                                                                                     
  151    PHPDoc tag @method has invalid value (static \Illuminate\Database\Eloquent\Builder<static>|\App\Models\LabelingItem whereNameCode&partNumber($value)): Unexpected token "&", expected '(  
         ' at offset 10354 on line 140                                                                                                                                                             
         🪪  phpDoc.parseError                                                                                                                                                                     
  152    PHPDoc tag @method has invalid value (static \Illuminate\Database\Eloquent\Builder<static>|\App\Models\LabelingItem whereCodeName&Nuber($value)): Unexpected token "&", expected '(' at   
         offset 10476 on line 141                                                                                                                                                                  
         🪪  phpDoc.parseError                                                                                                                                                                     
  153    PHPDoc tag @method has invalid value (static \Illuminate\Database\Eloquent\Builder<static>|\App\Models\LabelingItem whereName&partNumber($value)): Unexpected token "&", expected '(' at  
          offset 10589 on line 142                                                                                                                                                                 
         🪪  phpDoc.parseError                                                                                                                                                                     
  154    PHPDoc tag @method has invalid value (static \Illuminate\Database\Eloquent\Builder<static>|\App\Models\LabelingItem whereNameCode&partNumber($value)): Unexpected token "&", expected '(  
         ' at offset 10711 on line 143                                                                                                                                                             
         🪪  phpDoc.parseError                                                                                                                                                                     
  155    PHPDoc tag @method has invalid value (static \Illuminate\Database\Eloquent\Builder<static>|\App\Models\LabelingItem whereCodeName&Nuber($value)): Unexpected token "&", expected '(' at   
         offset 10833 on line 144                                                                                                                                                                  
         🪪  phpDoc.parseError                                                                                                                                                                     
  156    PHPDoc tag @method has invalid value (static \Illuminate\Database\Eloquent\Builder<static>|\App\Models\LabelingItem whereName&partNumber($value)): Unexpected token "&", expected '(' at  
          offset 10946 on line 145                                                                                                                                                                 
         🪪  phpDoc.parseError                                                                                                                                                                     
  157    PHPDoc tag @method has invalid value (static \Illuminate\Database\Eloquent\Builder<static>|\App\Models\LabelingItem whereNameCode&partNumber($value)): Unexpected token "&", expected '(  
         ' at offset 11068 on line 146                                                                                                                                                             
         🪪  phpDoc.parseError                                                                                                                                                                     
  158    PHPDoc tag @method has invalid value (static \Illuminate\Database\Eloquent\Builder<static>|\App\Models\LabelingItem whereCodeName&Nuber($value)): Unexpected token "&", expected '(' at   
         offset 11190 on line 147                                                                                                                                                                  
         🪪  phpDoc.parseError                                                                                                                                                                     
  159    PHPDoc tag @method has invalid value (static \Illuminate\Database\Eloquent\Builder<static>|\App\Models\LabelingItem whereName&partNumber($value)): Unexpected token "&", expected '(' at  
          offset 11303 on line 148                                                                                                                                                                 
         🪪  phpDoc.parseError                                                                                                                                                                     
  160    PHPDoc tag @method has invalid value (static \Illuminate\Database\Eloquent\Builder<static>|\App\Models\LabelingItem whereNameCode&partNumber($value)): Unexpected token "&", expected '(  
         ' at offset 11425 on line 149                                                                                                                                                             
         🪪  phpDoc.parseError                                                                                                                                                                     
  161    PHPDoc tag @method has invalid value (static \Illuminate\Database\Eloquent\Builder<static>|\App\Models\LabelingItem whereCodeName&Nuber($value)): Unexpected token "&", expected '(' at   
         offset 11547 on line 150                                                                                                                                                                  
         🪪  phpDoc.parseError                                                                                                                                                                     
  162    PHPDoc tag @method has invalid value (static \Illuminate\Database\Eloquent\Builder<static>|\App\Models\LabelingItem whereName&partNumber($value)): Unexpected token "&", expected '(' at  
          offset 11660 on line 151                                                                                                                                                                 
         🪪  phpDoc.parseError                                                                                                                                                                     
  163    PHPDoc tag @method has invalid value (static \Illuminate\Database\Eloquent\Builder<static>|\App\Models\LabelingItem whereNameCode&partNumber($value)): Unexpected token "&", expected '(  
         ' at offset 11782 on line 152                                                                                                                                                             
         🪪  phpDoc.parseError                                                                                                                                                                     
  164    PHPDoc tag @method has invalid value (static \Illuminate\Database\Eloquent\Builder<static>|\App\Models\LabelingItem whereCodeName&Nuber($value)): Unexpected token "&", expected '(' at   
         offset 11904 on line 153                                                                                                                                                                  
         🪪  phpDoc.parseError                                                                                                                                                                     
  165    PHPDoc tag @method has invalid value (static \Illuminate\Database\Eloquent\Builder<static>|\App\Models\LabelingItem whereName&partNumber($value)): Unexpected token "&", expected '(' at  
          offset 12017 on line 154                                                                                                                                                                 
         🪪  phpDoc.parseError                                                                                                                                                                     
  166    PHPDoc tag @method has invalid value (static \Illuminate\Database\Eloquent\Builder<static>|\App\Models\LabelingItem whereNameCode&partNumber($value)): Unexpected token "&", expected '(  
         ' at offset 12139 on line 155                                                                                                                                                             
         🪪  phpDoc.parseError                                                                                                                                                                     
  167    PHPDoc tag @method has invalid value (static \Illuminate\Database\Eloquent\Builder<static>|\App\Models\LabelingItem whereCodeName&Nuber($value)): Unexpected token "&", expected '(' at   
         offset 12261 on line 156                                                                                                                                                                  
         🪪  phpDoc.parseError                                                                                                                                                                     
  168    PHPDoc tag @method has invalid value (static \Illuminate\Database\Eloquent\Builder<static>|\App\Models\LabelingItem whereName&partNumber($value)): Unexpected token "&", expected '(' at  
          offset 12374 on line 157                                                                                                                                                                 
         🪪  phpDoc.parseError                                                                                                                                                                     
  169    PHPDoc tag @method has invalid value (static \Illuminate\Database\Eloquent\Builder<static>|\App\Models\LabelingItem whereNameCode&partNumber($value)): Unexpected token "&", expected '(  
         ' at offset 12496 on line 158                                                                                                                                                             
         🪪  phpDoc.parseError                                                                                                                                                                     
  282    Access to an undefined property App\Models\LabelingItem::$Code.                                                                                                                           
         🪪  property.notFound                                                                                                                                                                     
         💡  Learn more: https://phpstan.org/blog/solving-phpstan-access-to-undefined-property                                                                                                     
  298    Access to an undefined property App\Models\LabelingItem::$Code.                                                                                                                           
         🪪  property.notFound                                                                                                                                                                     
         💡  Learn more: https://phpstan.org/blog/solving-phpstan-access-to-undefined-property                                                                                                     
 ------ ------------------------------------------------------------------------------------------------------------------------------------------------------------------------------------------ 

 ------ ------------------------------------------------------------------------------------------------------- 
  Line   app/Models/LcSettlementInternalMoneyTransfer.php                                                       
 ------ ------------------------------------------------------------------------------------------------------- 
  105    Access to an undefined property App\Models\LcSettlementInternalMoneyTransfer::$is_credit.              
         🪪  property.notFound                                                                                  
         💡  Learn more: https://phpstan.org/blog/solving-phpstan-access-to-undefined-property                  
  109    Access to an undefined property App\Models\LcSettlementInternalMoneyTransfer::$is_debit.               
         🪪  property.notFound                                                                                  
         💡  Learn more: https://phpstan.org/blog/solving-phpstan-access-to-undefined-property                  
  221    Access to an undefined property App\Models\LcSettlementInternalMoneyTransfer::$cheque_number.          
         🪪  property.notFound                                                                                  
         💡  Learn more: https://phpstan.org/blog/solving-phpstan-access-to-undefined-property                  
  248    Left side of && is always true.                                                                        
         🪪  booleanAnd.leftAlwaysTrue                                                                          
  252    Variable $fromCleanOverdraft in PHPDoc tag @var does not match assigned variable $fromCurrentAccount.  
         🪪  varTag.differentVariable                                                                           
 ------ ------------------------------------------------------------------------------------------------------- 

 ------ ------------------------------------------------------------------------------------------------- 
  Line   app/Models/LendingInformation.php                                                                
 ------ ------------------------------------------------------------------------------------------------- 
  40     Access to an undefined property App\Models\LendingInformation::$customer_id.                     
         🪪  property.notFound                                                                            
         💡  Learn more: https://phpstan.org/blog/solving-phpstan-access-to-undefined-property            
  44     Access to an undefined property App\Models\LendingInformation::$account_number.                  
         🪪  property.notFound                                                                            
         💡  Learn more: https://phpstan.org/blog/solving-phpstan-access-to-undefined-property            
  48     Access to an undefined property App\Models\LendingInformation::$to_be_setteled_max_within_days.  
         🪪  property.notFound                                                                            
         💡  Learn more: https://phpstan.org/blog/solving-phpstan-access-to-undefined-property            
  52     Access to an undefined property App\Models\LendingInformation::$max_lending_limit_per_customer.  
         🪪  property.notFound                                                                            
         💡  Learn more: https://phpstan.org/blog/solving-phpstan-access-to-undefined-property            
 ------ ------------------------------------------------------------------------------------------------- 

 ------ ---------------------------------------------------------------------------------------------------------- 
  Line   app/Models/LetterOfCreditIssuance.php                                                                     
 ------ ---------------------------------------------------------------------------------------------------------- 
  212    Access to an undefined property App\Models\LetterOfCreditIssuance::$lc_fees_and_commission_account_type.  
         🪪  property.notFound                                                                                     
         💡  Learn more: https://phpstan.org/blog/solving-phpstan-access-to-undefined-property                     
  487    Access to an undefined property App\Models\LetterOfCreditIssuance::$cd_or_td_currency.                    
         🪪  property.notFound                                                                                     
         💡  Learn more: https://phpstan.org/blog/solving-phpstan-access-to-undefined-property                     
  528    Access to an undefined property App\Models\LetterOfCreditIssuance::$interest_rate.                        
         🪪  property.notFound                                                                                     
         💡  Learn more: https://phpstan.org/blog/solving-phpstan-access-to-undefined-property                     
 ------ ---------------------------------------------------------------------------------------------------------- 

 ------ ------------------------------------------------------------------------------------------------------- 
  Line   app/Models/LetterOfGuaranteeIssuance.php                                                               
 ------ ------------------------------------------------------------------------------------------------------- 
  356    Call to an undefined method App\Models\SalesOrder::getName().                                          
         🪪  method.notFound                                                                                    
  620    Access to an undefined property App\Models\LetterOfGuaranteeIssuance::$renewal_fees_journal_entry_id.  
         🪪  property.notFound                                                                                  
         💡  Learn more: https://phpstan.org/blog/solving-phpstan-access-to-undefined-property                  
  634    Variable $odooLetterOfGuaranteeIssuance might not be defined.                                          
         🪪  variable.undefined                                                                                 
 ------ ------------------------------------------------------------------------------------------------------- 

 ------ ------------------------------------------------------------------------------------------------ 
  Line   app/Models/MediumTermLoan.php                                                                   
 ------ ------------------------------------------------------------------------------------------------ 
  212    Call to an undefined method Illuminate\Database\Eloquent\Model::getSchedulePaymentFormatted().  
         🪪  method.notFound                                                                             
  213    Call to an undefined method Illuminate\Database\Eloquent\Model::getDateFormatted().             
         🪪  method.notFound                                                                             
 ------ ------------------------------------------------------------------------------------------------ 

 ------ --------------------------------------------------------------------------------------------------------------------------------------------- 
  Line   app/Models/MoneyPayment.php                                                                                                                  
 ------ --------------------------------------------------------------------------------------------------------------------------------------------- 
  459    Ternary operator condition is always true.                                                                                                   
         🪪  ternary.alwaysTrue                                                                                                                       
         💡  Because the type is coming from a PHPDoc, you can turn off this check by setting treatPhpDocTypesAsCertain: false in your phpstan.neon.  
  467    Ternary operator condition is always true.                                                                                                   
         🪪  ternary.alwaysTrue                                                                                                                       
         💡  Because the type is coming from a PHPDoc, you can turn off this check by setting treatPhpDocTypesAsCertain: false in your phpstan.neon.  
  584    Ternary operator condition is always true.                                                                                                   
         🪪  ternary.alwaysTrue                                                                                                                       
         💡  Because the type is coming from a PHPDoc, you can turn off this check by setting treatPhpDocTypesAsCertain: false in your phpstan.neon.  
  1050   Call to an undefined method App\Models\MoneyPayment::getTransactionType().                                                                   
         🪪  method.notFound                                                                                                                          
 ------ --------------------------------------------------------------------------------------------------------------------------------------------- 

 ------ ---------------------------------------------------------------------------------------------------------------------------------------------------------------------------------- 
  Line   app/Models/MoneyReceived.php                                                                                                                                                      
 ------ ---------------------------------------------------------------------------------------------------------------------------------------------------------------------------------- 
  314    Left side of && is always false.                                                                                                                                                  
         🪪  booleanAnd.leftAlwaysFalse                                                                                                                                                    
  317    Left side of && is always false.                                                                                                                                                  
         🪪  booleanAnd.leftAlwaysFalse                                                                                                                                                    
  320    Left side of && is always false.                                                                                                                                                  
         🪪  booleanAnd.leftAlwaysFalse                                                                                                                                                    
  581    Method App\Models\MoneyReceived::cashInBankReceivingBank() should return App\Models\FinancialInstitution|null but returns Illuminate\Database\Eloquent\Relations\BelongsTo|null.  
         🪪  return.type                                                                                                                                                                   
  1014   Access to an undefined property App\Models\MoneyReceived::$overdraftDebitBankStatement.                                                                                           
         🪪  property.notFound                                                                                                                                                             
         💡  Learn more: https://phpstan.org/blog/solving-phpstan-access-to-undefined-property                                                                                             
  1084   Call to an undefined method Illuminate\Database\Query\Builder::on().                                                                                                              
         🪪  method.notFound                                                                                                                                                               
  1262   Call to an undefined method App\Models\MoneyReceived::getTransactionType().                                                                                                       
         🪪  method.notFound                                                                                                                                                               
 ------ ---------------------------------------------------------------------------------------------------------------------------------------------------------------------------------- 

 ------ ------------------------------------------------------------------------------------------------------------------------------------ 
  Line   app/Models/NonBankingService/CashAndBankOpeningBalance.php                                                                          
 ------ ------------------------------------------------------------------------------------------------------------------------------------ 
  242    Access to an undefined property App\Models\NonBankingService\CashAndBankOpeningBalance::$interest_corridor_changes.                 
         🪪  property.notFound                                                                                                               
         💡  Learn more: https://phpstan.org/blog/solving-phpstan-access-to-undefined-property                                               
  250    Access to an undefined property App\Models\NonBankingService\CashAndBankOpeningBalance::$non_performing_interest_corridor_changes.  
         🪪  property.notFound                                                                                                               
         💡  Learn more: https://phpstan.org/blog/solving-phpstan-access-to-undefined-property                                               
 ------ ------------------------------------------------------------------------------------------------------------------------------------ 

 ------ ------------------------------------------------------------------------------------------------------------------- 
  Line   app/Models/NonBankingService/ConsumerfinanceProductSalesProject.php                                                
 ------ ------------------------------------------------------------------------------------------------------------------- 
  77     Access to an undefined property App\Models\NonBankingService\ConsumerfinanceProductSalesProject::$increase_rates.  
         🪪  property.notFound                                                                                              
         💡  Learn more: https://phpstan.org/blog/solving-phpstan-access-to-undefined-property                              
 ------ ------------------------------------------------------------------------------------------------------------------- 

 ------ ----------------------------------------------------------------------------- 
  Line   app/Models/NonBankingService/DirectFactoringRevenueProjectionByCategory.php  
 ------ ----------------------------------------------------------------------------- 
  43     Ternary operator condition is always true.                                   
         🪪  ternary.alwaysTrue                                                       
 ------ ----------------------------------------------------------------------------- 

 ------ ---------------------------------------------------------------------------------------------------- 
  Line   app/Models/NonBankingService/FixedAsset.php                                                         
 ------ ---------------------------------------------------------------------------------------------------- 
  128    Access to an undefined property App\Models\NonBankingService\FixedAsset::$model_name.               
         🪪  property.notFound                                                                               
         💡  Learn more: https://phpstan.org/blog/solving-phpstan-access-to-undefined-property               
  338    Offset mixed on non-empty-array<(float|int)> on left side of ?? always exists and is not nullable.  
         🪪  nullCoalesce.offset                                                                             
  402    Variable $study in PHPDoc tag @var does not match assigned variable $itemCost.                      
         🪪  varTag.differentVariable                                                                        
  431    Access to an undefined property App\Models\NonBankingService\FixedAsset::$amount.                   
         🪪  property.notFound                                                                               
         💡  Learn more: https://phpstan.org/blog/solving-phpstan-access-to-undefined-property               
  442    Access to an undefined property App\Models\NonBankingService\FixedAsset::$start_date.               
         🪪  property.notFound                                                                               
         💡  Learn more: https://phpstan.org/blog/solving-phpstan-access-to-undefined-property               
  447    Access to an undefined property App\Models\NonBankingService\FixedAsset::$end_date.                 
         🪪  property.notFound                                                                               
         💡  Learn more: https://phpstan.org/blog/solving-phpstan-access-to-undefined-property               
 ------ ---------------------------------------------------------------------------------------------------- 

 ------ ----------------------------------------------------------------------------------------------------- 
  Line   app/Models/NonBankingService/FixedAssetStatement.php                                                 
 ------ ----------------------------------------------------------------------------------------------------- 
  37     Access to an undefined property App\Models\NonBankingService\FixedAssetStatement::$monthly_amounts.  
         🪪  property.notFound                                                                                
         💡  Learn more: https://phpstan.org/blog/solving-phpstan-access-to-undefined-property                
 ------ ----------------------------------------------------------------------------------------------------- 

 ------ ------------------------------------------------------------------------------------------------------------------ 
  Line   app/Models/NonBankingService/IjaraMortgageRevenueProjectionByCategory.php                                         
 ------ ------------------------------------------------------------------------------------------------------------------ 
  44     Access to an undefined property App\Models\NonBankingService\Study::$ijaraMortgageEclAndNewPortfolioFundingRate.  
         🪪  property.notFound                                                                                             
         💡  Learn more: https://phpstan.org/blog/solving-phpstan-access-to-undefined-property                             
  44     Ternary operator condition is always true.                                                                        
         🪪  ternary.alwaysTrue                                                                                            
 ------ ------------------------------------------------------------------------------------------------------------------ 

 ------ --------------------------------------------------------------------------------------------------------------------------------------------- 
  Line   app/Models/NonBankingService/LeaseRentLiabilityOpeningBalance.php                                                                            
 ------ --------------------------------------------------------------------------------------------------------------------------------------------- 
  82     Call to function is_null() with float|int|numeric-string will always evaluate to false.                                                      
         🪪  function.impossibleType                                                                                                                  
         💡  Because the type is coming from a PHPDoc, you can turn off this check by setting treatPhpDocTypesAsCertain: false in your phpstan.neon.  
 ------ --------------------------------------------------------------------------------------------------------------------------------------------- 

 ------ --------------------------------------------------------------------------------------------------------------------------------------------- 
  Line   app/Models/NonBankingService/NewBranchMicrofinanceOpeningProjection.php                                                                      
 ------ --------------------------------------------------------------------------------------------------------------------------------------------- 
  60     Call to function is_numeric() with int will always evaluate to true.                                                                         
         🪪  function.alreadyNarrowedType                                                                                                             
         💡  Because the type is coming from a PHPDoc, you can turn off this check by setting treatPhpDocTypesAsCertain: false in your phpstan.neon.  
  65     Call to function is_numeric() with int will always evaluate to true.                                                                         
         🪪  function.alreadyNarrowedType                                                                                                             
         💡  Because the type is coming from a PHPDoc, you can turn off this check by setting treatPhpDocTypesAsCertain: false in your phpstan.neon.  
  84     Call to function is_null() with string will always evaluate to false.                                                                        
         🪪  function.impossibleType                                                                                                                  
  110    Call to function is_null() with string will always evaluate to false.                                                                        
         🪪  function.impossibleType                                                                                                                  
 ------ --------------------------------------------------------------------------------------------------------------------------------------------- 

 ------ --------------------------------------------------------------------------------------------------------------------------------------------- 
  Line   app/Models/NonBankingService/Securitization.php                                                                                              
 ------ --------------------------------------------------------------------------------------------------------------------------------------------- 
  66     Call to function is_null() with int will always evaluate to false.                                                                           
         🪪  function.impossibleType                                                                                                                  
         💡  Because the type is coming from a PHPDoc, you can turn off this check by setting treatPhpDocTypesAsCertain: false in your phpstan.neon.  
  70     Negated boolean expression is always false.                                                                                                  
         🪪  booleanNot.alwaysFalse                                                                                                                   
         💡  Because the type is coming from a PHPDoc, you can turn off this check by setting treatPhpDocTypesAsCertain: false in your phpstan.neon.  
  102    Call to function is_null() with int will always evaluate to false.                                                                           
         🪪  function.impossibleType                                                                                                                  
         💡  Because the type is coming from a PHPDoc, you can turn off this check by setting treatPhpDocTypesAsCertain: false in your phpstan.neon.  
  120    Call to function is_null() with int will always evaluate to false.                                                                           
         🪪  function.impossibleType                                                                                                                  
         💡  Because the type is coming from a PHPDoc, you can turn off this check by setting treatPhpDocTypesAsCertain: false in your phpstan.neon.  
 ------ --------------------------------------------------------------------------------------------------------------------------------------------- 

 ------ ------------------------------------------------------------------------------------------------------------------------------------------------------------------------------------------ 
  Line   app/Models/NonBankingService/Study.php                                                                                                                                                    
 ------ ------------------------------------------------------------------------------------------------------------------------------------------------------------------------------------------ 
  332    Access to an undefined property App\Models\NonBankingService\Study::$property_status.                                                                                                     
         🪪  property.notFound                                                                                                                                                                     
         💡  Learn more: https://phpstan.org/blog/solving-phpstan-access-to-undefined-property                                                                                                     
  400    Binary operation "-" between string and string|null results in an error.                                                                                                                  
         🪪  binaryOp.invalid                                                                                                                                                                      
  1366   Left side of && is always true.                                                                                                                                                           
         🪪  booleanAnd.leftAlwaysTrue                                                                                                                                                             
         💡  Because the type is coming from a PHPDoc, you can turn off this check by setting treatPhpDocTypesAsCertain: false in your phpstan.neon.                                               
  1366   Right side of && is always true.                                                                                                                                                          
         🪪  booleanAnd.rightAlwaysTrue                                                                                                                                                            
         💡  Because the type is coming from a PHPDoc, you can turn off this check by setting treatPhpDocTypesAsCertain: false in your phpstan.neon.                                               
  1926   Access to an undefined property App\Models\NonBankingService\IncomeStatementReport::$consumer-finance_bank_interest.                                                                      
         🪪  property.notFound                                                                                                                                                                     
         💡  Learn more: https://phpstan.org/blog/solving-phpstan-access-to-undefined-property                                                                                                     
  1926   Access to an undefined property App\Models\NonBankingService\IncomeStatementReport::$direct-factoring_bank_interest.                                                                      
         🪪  property.notFound                                                                                                                                                                     
         💡  Learn more: https://phpstan.org/blog/solving-phpstan-access-to-undefined-property                                                                                                     
  1926   Access to an undefined property App\Models\NonBankingService\IncomeStatementReport::$portfolio-mortgage_bank_interest.                                                                    
         🪪  property.notFound                                                                                                                                                                     
         💡  Learn more: https://phpstan.org/blog/solving-phpstan-access-to-undefined-property                                                                                                     
  1926   Access to an undefined property App\Models\NonBankingService\IncomeStatementReport::$reverse-factoring_bank_interest.                                                                     
         🪪  property.notFound                                                                                                                                                                     
         💡  Learn more: https://phpstan.org/blog/solving-phpstan-access-to-undefined-property                                                                                                     
  2019   Expression on left side of ?? is not nullable.                                                                                                                                            
         🪪  nullCoalesce.expr                                                                                                                                                                     
  2184   Offset 'extra_capital…' on array{cash_in_beginning: non-empty-array<float|int|null>, total_cash_in_before_oda_and_capital_injection: non-empty-array<(float|int)>, total_cash_out_before  
         _oda_and_capital_injection: non-empty-array<(float|int)>, net_cash_before_oda_and_capital_injection: non-empty-array<(float|int)>, oda_statements: array{oda_opening_balances:            
         non-empty-array<(float|int)>, oda_withdrawals: non-empty-array<mixed>, settlements: non-empty-array<(float|int)>, total_dues: non-empty-array<(float|int)>, oda_interests: non-empty-arr  
         ay<(float|int)>, extra_odas_withdrawal: non-empty-array<(float|int)>, end_balance: non-empty-array<(float|int)>}, net_cash_after_oda_and_capital_injection:                               
         non-empty-array<(float|int)>, interest_cash_surplus: non-empty-array<(float|int)>, before_settlements: non-empty-array<(float|int)>, ...} on left side of ?? always exists and is not     
         nullable.                                                                                                                                                                                 
         🪪  nullCoalesce.offset                                                                                                                                                                   
  2185   Offset 'cash_end_balance' on array{cash_in_beginning: non-empty-array<float|int|null>, total_cash_in_before_oda_and_capital_injection: non-empty-array<(float|int)>, total_cash_out_befo  
         re_oda_and_capital_injection: non-empty-array<(float|int)>, net_cash_before_oda_and_capital_injection: non-empty-array<(float|int)>, oda_statements: array{oda_opening_balances:          
         non-empty-array<(float|int)>, oda_withdrawals: non-empty-array<mixed>, settlements: non-empty-array<(float|int)>, total_dues: non-empty-array<(float|int)>, oda_interests: non-empty-arr  
         ay<(float|int)>, extra_odas_withdrawal: non-empty-array<(float|int)>, end_balance: non-empty-array<(float|int)>}, net_cash_after_oda_and_capital_injection:                               
         non-empty-array<(float|int)>, interest_cash_surplus: non-empty-array<(float|int)>, before_settlements: non-empty-array<(float|int)>, ...} on left side of ?? always exists and is not     
         nullable.                                                                                                                                                                                 
         🪪  nullCoalesce.offset                                                                                                                                                                   
  2186   Offset 'cash_in_beginning' on array{cash_in_beginning: non-empty-array<float|int|null>, total_cash_in_before_oda_and_capital_injection: non-empty-array<(float|int)>, total_cash_out_bef  
         ore_oda_and_capital_injection: non-empty-array<(float|int)>, net_cash_before_oda_and_capital_injection: non-empty-array<(float|int)>, oda_statements: array{oda_opening_balances:         
         non-empty-array<(float|int)>, oda_withdrawals: non-empty-array<mixed>, settlements: non-empty-array<(float|int)>, total_dues: non-empty-array<(float|int)>, oda_interests: non-empty-arr  
         ay<(float|int)>, extra_odas_withdrawal: non-empty-array<(float|int)>, end_balance: non-empty-array<(float|int)>}, net_cash_after_oda_and_capital_injection:                               
         non-empty-array<(float|int)>, interest_cash_surplus: non-empty-array<(float|int)>, before_settlements: non-empty-array<(float|int)>, ...} on left side of ?? always exists and is not     
         nullable.                                                                                                                                                                                 
         🪪  nullCoalesce.offset                                                                                                                                                                   
  2187   Offset 'net_cash_before…' on array{cash_in_beginning: non-empty-array<float|int|null>, total_cash_in_before_oda_and_capital_injection: non-empty-array<(float|int)>, total_cash_out_befo  
         re_oda_and_capital_injection: non-empty-array<(float|int)>, net_cash_before_oda_and_capital_injection: non-empty-array<(float|int)>, oda_statements: array{oda_opening_balances:          
         non-empty-array<(float|int)>, oda_withdrawals: non-empty-array<mixed>, settlements: non-empty-array<(float|int)>, total_dues: non-empty-array<(float|int)>, oda_interests: non-empty-arr  
         ay<(float|int)>, extra_odas_withdrawal: non-empty-array<(float|int)>, end_balance: non-empty-array<(float|int)>}, net_cash_after_oda_and_capital_injection:                               
         non-empty-array<(float|int)>, interest_cash_surplus: non-empty-array<(float|int)>, before_settlements: non-empty-array<(float|int)>, ...} on left side of ?? always exists and is not     
         nullable.                                                                                                                                                                                 
         🪪  nullCoalesce.offset                                                                                                                                                                   
  2326   Method App\ReadyFunctions\CalculateVariableLoanAtEndService::__calculate() invoked with 17 parameters, 10-16 required.                                                                    
         🪪  arguments.count                                                                                                                                                                       
  2359   Right side of && is always true.                                                                                                                                                          
         🪪  booleanAnd.rightAlwaysTrue                                                                                                                                                            
         💡  Because the type is coming from a PHPDoc, you can turn off this check by setting treatPhpDocTypesAsCertain: false in your phpstan.neon.                                               
  2369   Method App\ReadyFunctions\CalculateVariableLoanAtEndService::__calculate() invoked with 17 parameters, 10-16 required.                                                                    
         🪪  arguments.count                                                                                                                                                                       
  2729   Binary operation "-" between int and string results in an error.                                                                                                                          
         🪪  binaryOp.invalid                                                                                                                                                                      
  2797   Invalid array key type float.                                                                                                                                                             
         🪪  offsetAccess.invalidOffset                                                                                                                                                            
  2814   Variable $interestRevenues might not be defined.                                                                                                                                          
         🪪  variable.undefined                                                                                                                                                                    
  2827   Invalid array key type float.                                                                                                                                                             
         🪪  offsetAccess.invalidOffset                                                                                                                                                            
  2888   Offset 'total_dues' on array{beginning_balance: non-empty-array<(float|int)>, loan_amounts: non-empty-array<(float|int)>, loan_settlements: non-empty-array<int, (float|int)>, interest_  
         expense_payments: non-empty-array<(float|int)>, interest_expense: non-empty-array<(float|int)>, end_balance: non-empty-array<(float|int)>} on left side of ?? does not exist.             
         🪪  nullCoalesce.offset                                                                                                                                                                   
  2945   Ternary operator condition is always true.                                                                                                                                                
         🪪  ternary.alwaysTrue                                                                                                                                                                    
         💡  Because the type is coming from a PHPDoc, you can turn off this check by setting treatPhpDocTypesAsCertain: false in your phpstan.neon.                                               
  3025   Access to an undefined property App\Models\NonBankingService\Study::$microfinance_branches_count.                                                                                         
         🪪  property.notFound                                                                                                                                                                     
         💡  Learn more: https://phpstan.org/blog/solving-phpstan-access-to-undefined-property                                                                                                     
  3545   Access to an undefined property App\Models\NonBankingService\Study::$products.                                                                                                            
         🪪  property.notFound                                                                                                                                                                     
         💡  Learn more: https://phpstan.org/blog/solving-phpstan-access-to-undefined-property                                                                                                     
  3642   Call to function is_null() with int will always evaluate to false.                                                                                                                        
         🪪  function.impossibleType                                                                                                                                                               
  3941   Right side of && is always true.                                                                                                                                                          
         🪪  booleanAnd.rightAlwaysTrue                                                                                                                                                            
         💡  Because the type is coming from a PHPDoc, you can turn off this check by setting treatPhpDocTypesAsCertain: false in your phpstan.neon.                                               
  3965   Variable $id might not be defined.                                                                                                                                                        
         🪪  variable.undefined                                                                                                                                                                    
  3966   Variable $id might not be defined.                                                                                                                                                        
         🪪  variable.undefined                                                                                                                                                                    
  3967   Variable $id might not be defined.                                                                                                                                                        
         🪪  variable.undefined                                                                                                                                                                    
  4162   Right side of && is always true.                                                                                                                                                          
         🪪  booleanAnd.rightAlwaysTrue                                                                                                                                                            
         💡  Because the type is coming from a PHPDoc, you can turn off this check by setting treatPhpDocTypesAsCertain: false in your phpstan.neon.                                               
  4213   Offset 'sub_items' on array{main_items: array{cash-out-flow: array{options: array{title: (array|string), number-format-decimals: 0, is-percentage: false, classes: 'repeater-with…',      
         formatted-input-classes: 'custom-input…'}}}, sub_items: non-empty-array<array{data: mixed, options: array{title: (array|string), number-format-decimals: 0, is-percentage: false, classe  
         s: 'repeater-with…', formatted-input-classes: 'custom-input…'}, year_total: array}>} on left side of ?? always exists and is not nullable.                                                
         🪪  nullCoalesce.offset                                                                                                                                                                   
  4360   Variable $cashEndBalance on left side of ?? is never defined.                                                                                                                             
         🪪  nullCoalesce.variable                                                                                                                                                                 
  4362   Variable $workingCapitalInjection on left side of ?? is never defined.                                                                                                                    
         🪪  nullCoalesce.variable                                                                                                                                                                 
  4455   Ternary operator condition is always true.                                                                                                                                                
         🪪  ternary.alwaysTrue                                                                                                                                                                    
         💡  Because the type is coming from a PHPDoc, you can turn off this check by setting treatPhpDocTypesAsCertain: false in your phpstan.neon.                                               
  4900   Variable $totalCorporateTaxes on left side of ?? is never defined.                                                                                                                        
         🪪  nullCoalesce.variable                                                                                                                                                                 
  5006   Expression on left side of ?? is not nullable.                                                                                                                                            
         🪪  nullCoalesce.expr                                                                                                                                                                     
  5033   Expression on left side of ?? is not nullable.                                                                                                                                            
         🪪  nullCoalesce.expr                                                                                                                                                                     
  5550   Anonymous function has an unused use $monthlyAmountsAndContractsPerProductIds.                                                                                                            
         🪪  closure.unusedUse                                                                                                                                                                     
  5817   Loose comparison using == between 'fixed_monthly…' and 'fixed_monthly…' will always evaluate to true.                                                                                     
         🪪  equal.alwaysTrue                                                                                                                                                                      
  5837   If condition is always true.                                                                                                                                                              
         🪪  if.alwaysTrue                                                                                                                                                                         
  6427   Method App\Models\NonBankingService\Study::hasBranchFilled() should return bool but returns int<0, max>.                                                                                  
         🪪  return.type                                                                                                                                                                           
  6431   Method App\Models\NonBankingService\Study::hasNewBranchFilled() should return bool but returns int<0, max>.                                                                               
         🪪  return.type                                                                                                                                                                           
 ------ ------------------------------------------------------------------------------------------------------------------------------------------------------------------------------------------ 

 ------ --------------------------------------------------------------------------------- 
  Line   app/Models/Partner.php                                                           
 ------ --------------------------------------------------------------------------------- 
  385    Variable $company in PHPDoc tag @var does not match assigned variable $partner.  
         🪪  varTag.differentVariable                                                     
 ------ --------------------------------------------------------------------------------- 

 ------ --------------------------------------------------------------------------------------- 
  Line   app/Models/PayableCheque.php                                                           
 ------ --------------------------------------------------------------------------------------- 
  258    Access to an undefined property App\Models\PayableCheque::$cashExpense.                
         🪪  property.notFound                                                                  
         💡  Learn more: https://phpstan.org/blog/solving-phpstan-access-to-undefined-property  
 ------ --------------------------------------------------------------------------------------- 

 ------ -------------------------------------------------------------------------------------------------------------------------------------------------- 
  Line   app/Models/PoAllocation.php                                                                                                                       
 ------ -------------------------------------------------------------------------------------------------------------------------------------------------- 
  121    Access to an undefined property App\Models\LetterOfCreditIssuance::$supplier.                                                                     
         🪪  property.notFound                                                                                                                             
         💡  Learn more: https://phpstan.org/blog/solving-phpstan-access-to-undefined-property                                                             
  122    Access to an undefined property App\Models\PoAllocation::$invoice_id.                                                                             
         🪪  property.notFound                                                                                                                             
         💡  Learn more: https://phpstan.org/blog/solving-phpstan-access-to-undefined-property                                                             
  123    Call to an undefined method App\Models\SupplierInvoice|Illuminate\Database\Eloquent\Collection<int, App\Models\SupplierInvoice>::getInvoiceId().  
         🪪  method.notFound                                                                                                                               
 ------ -------------------------------------------------------------------------------------------------------------------------------------------------- 

 ------ ------------------------------------------------------------------------------------------------------------------------------------- 
  Line   app/Models/PropertyManagement/CashAndBankOpeningBalance.php                                                                          
 ------ ------------------------------------------------------------------------------------------------------------------------------------- 
  250    Access to an undefined property App\Models\PropertyManagement\CashAndBankOpeningBalance::$interest_corridor_changes.                 
         🪪  property.notFound                                                                                                                
         💡  Learn more: https://phpstan.org/blog/solving-phpstan-access-to-undefined-property                                                
  258    Access to an undefined property App\Models\PropertyManagement\CashAndBankOpeningBalance::$non_performing_interest_corridor_changes.  
         🪪  property.notFound                                                                                                                
         💡  Learn more: https://phpstan.org/blog/solving-phpstan-access-to-undefined-property                                                
 ------ ------------------------------------------------------------------------------------------------------------------------------------- 

 ------ ----------------------------------------------------------------------------------------- 
  Line   app/Models/PropertyManagement/Contract.php                                               
 ------ ----------------------------------------------------------------------------------------- 
  231    Access to an undefined property App\Models\PropertyManagement\Contract::$vat_rate.       
         🪪  property.notFound                                                                    
         💡  Learn more: https://phpstan.org/blog/solving-phpstan-access-to-undefined-property    
  232    Access to an undefined property App\Models\PropertyManagement\Contract::$withhold_rate.  
         🪪  property.notFound                                                                    
         💡  Learn more: https://phpstan.org/blog/solving-phpstan-access-to-undefined-property    
 ------ ----------------------------------------------------------------------------------------- 

 ------ ---------------------------------------------------------------------------------------------------- 
  Line   app/Models/PropertyManagement/FixedAsset.php                                                        
 ------ ---------------------------------------------------------------------------------------------------- 
  128    Access to an undefined property App\Models\PropertyManagement\FixedAsset::$model_name.              
         🪪  property.notFound                                                                               
         💡  Learn more: https://phpstan.org/blog/solving-phpstan-access-to-undefined-property               
  338    Offset mixed on non-empty-array<(float|int)> on left side of ?? always exists and is not nullable.  
         🪪  nullCoalesce.offset                                                                             
  427    Access to an undefined property App\Models\PropertyManagement\FixedAsset::$amount.                  
         🪪  property.notFound                                                                               
         💡  Learn more: https://phpstan.org/blog/solving-phpstan-access-to-undefined-property               
  438    Access to an undefined property App\Models\PropertyManagement\FixedAsset::$start_date.              
         🪪  property.notFound                                                                               
         💡  Learn more: https://phpstan.org/blog/solving-phpstan-access-to-undefined-property               
  443    Access to an undefined property App\Models\PropertyManagement\FixedAsset::$end_date.                
         🪪  property.notFound                                                                               
         💡  Learn more: https://phpstan.org/blog/solving-phpstan-access-to-undefined-property               
 ------ ---------------------------------------------------------------------------------------------------- 

 ------ ------------------------------------------------------------------------------------------------------ 
  Line   app/Models/PropertyManagement/FixedAssetStatement.php                                                 
 ------ ------------------------------------------------------------------------------------------------------ 
  37     Access to an undefined property App\Models\PropertyManagement\FixedAssetStatement::$monthly_amounts.  
         🪪  property.notFound                                                                                 
         💡  Learn more: https://phpstan.org/blog/solving-phpstan-access-to-undefined-property                 
 ------ ------------------------------------------------------------------------------------------------------ 

 ------ ------------------------------------------------------------------------------------------------------------------------------------- 
  Line   app/Models/PropertyManagement/ForecastedProperty.php                                                                                 
 ------ ------------------------------------------------------------------------------------------------------------------------------------- 
  122    Access to an undefined property App\Models\PropertyManagement\ForecastedProperty::$renovate_duration.                                
         🪪  property.notFound                                                                                                                
         💡  Learn more: https://phpstan.org/blog/solving-phpstan-access-to-undefined-property                                                
  126    Access to an undefined property App\Models\PropertyManagement\ForecastedProperty::$renovate_cost.                                    
         🪪  property.notFound                                                                                                                
         💡  Learn more: https://phpstan.org/blog/solving-phpstan-access-to-undefined-property                                                
  130    Access to an undefined property App\Models\PropertyManagement\ForecastedProperty::$monthly_rent_amount.                              
         🪪  property.notFound                                                                                                                
         💡  Learn more: https://phpstan.org/blog/solving-phpstan-access-to-undefined-property                                                
  134    Access to an undefined property App\Models\PropertyManagement\ForecastedProperty::$collection_interval.                              
         🪪  property.notFound                                                                                                                
         💡  Learn more: https://phpstan.org/blog/solving-phpstan-access-to-undefined-property                                                
  137    Access to an undefined property App\Models\PropertyManagement\ForecastedProperty::$rent_duration.                                    
         🪪  property.notFound                                                                                                                
         💡  Learn more: https://phpstan.org/blog/solving-phpstan-access-to-undefined-property                                                
  141    Access to an undefined property App\Models\PropertyManagement\ForecastedProperty::$rent_annual_increase.                             
         🪪  property.notFound                                                                                                                
         💡  Learn more: https://phpstan.org/blog/solving-phpstan-access-to-undefined-property                                                
  189    Call to an undefined method App\Models\PropertyManagement\PropertyDueInstallment::getSigningPaymentDateFormattedForVueDatePicker().  
         🪪  method.notFound                                                                                                                  
  222    Binary operation "+" between float and string results in an error.                                                                   
         🪪  binaryOp.invalid                                                                                                                 
 ------ ------------------------------------------------------------------------------------------------------------------------------------- 

 ------ -------------------------------------------------------------------------------------------------------------- 
  Line   app/Models/PropertyManagement/ForecastedPropertyDueInstallment.php                                            
 ------ -------------------------------------------------------------------------------------------------------------- 
  213    Property App\Models\PropertyManagement\ForecastedPropertyDueInstallment::$annual_start_date is not readable.  
         🪪  property.writeOnly                                                                                        
  222    Property App\Models\PropertyManagement\ForecastedPropertyDueInstallment::$annual_start_date is not readable.  
         🪪  property.writeOnly                                                                                        
 ------ -------------------------------------------------------------------------------------------------------------- 

 ------ ---------------------------------------------------------------------------------------------------------------------------------------------------------- 
  Line   app/Models/PropertyManagement/GeneralAndReserveAssumption.php                                                                                             
 ------ ---------------------------------------------------------------------------------------------------------------------------------------------------------- 
  189    Variable $dateIndexWithDate in PHPDoc tag @var does not match any variable in the foreach loop: $operationDurationPerYear, $yearIndex, $yearMonthIndexes  
         🪪  varTag.differentVariable                                                                                                                              
 ------ ---------------------------------------------------------------------------------------------------------------------------------------------------------- 

 ------ ------------------------------------------------------------------------------------------------------------------------------------------------------------------------------------------ 
  Line   app/Models/PropertyManagement/Property.php                                                                                                                                                
 ------ ------------------------------------------------------------------------------------------------------------------------------------------------------------------------------------------ 
  214    Method App\Models\PropertyManagement\Property::getLatestRunningContract() should return App\Models\PropertyManagement\Contract|null but returns Illuminate\Database\Eloquent\Model|null.  
         🪪  return.type                                                                                                                                                                           
  534    Negated boolean expression is always true.                                                                                                                                                
         🪪  booleanNot.alwaysTrue                                                                                                                                                                 
  540    Unreachable statement - code above always terminates.                                                                                                                                     
         🪪  deadCode.unreachable                                                                                                                                                                  
 ------ ------------------------------------------------------------------------------------------------------------------------------------------------------------------------------------------ 

 ------ -------------------------------------------------------------------------------------------- 
  Line   app/Models/PropertyManagement/PropertyMarketValue.php                                       
 ------ -------------------------------------------------------------------------------------------- 
  49     Property App\Models\PropertyManagement\PropertyMarketValue::$date is not readable.          
         🪪  property.writeOnly                                                                      
  49     Property App\Models\PropertyManagement\PropertyMarketValue::$date is not readable.          
         🪪  property.writeOnly                                                                      
  53     Access to an undefined property App\Models\PropertyManagement\PropertyMarketValue::$value.  
         🪪  property.notFound                                                                       
         💡  Learn more: https://phpstan.org/blog/solving-phpstan-access-to-undefined-property       
 ------ -------------------------------------------------------------------------------------------- 

 ------ --------------------------------------------------------------------------------------- 
  Line   app/Models/PropertyManagement/PropertyTax.php                                          
 ------ --------------------------------------------------------------------------------------- 
  45     Access to an undefined property App\Models\PropertyManagement\PropertyTax::$tax_rate.  
         🪪  property.notFound                                                                  
         💡  Learn more: https://phpstan.org/blog/solving-phpstan-access-to-undefined-property  
  50     Property App\Models\PropertyManagement\PropertyTax::$date is not readable.             
         🪪  property.writeOnly                                                                 
  50     Property App\Models\PropertyManagement\PropertyTax::$date is not readable.             
         🪪  property.writeOnly                                                                 
  59     Property App\Models\PropertyManagement\PropertyTax::$date is not readable.             
         🪪  property.writeOnly                                                                 
  59     Property App\Models\PropertyManagement\PropertyTax::$date is not readable.             
         🪪  property.writeOnly                                                                 
 ------ --------------------------------------------------------------------------------------- 

 ------ ------------------------------------------------------------------------------------------------------------------------------------------------------------------------------------------ 
  Line   app/Models/PropertyManagement/Study.php                                                                                                                                                   
 ------ ------------------------------------------------------------------------------------------------------------------------------------------------------------------------------------------ 
  233    Access to an undefined property App\Models\PropertyManagement\Study::$property_status.                                                                                                    
         🪪  property.notFound                                                                                                                                                                     
         💡  Learn more: https://phpstan.org/blog/solving-phpstan-access-to-undefined-property                                                                                                     
  301    Binary operation "-" between string and string|null results in an error.                                                                                                                  
         🪪  binaryOp.invalid                                                                                                                                                                      
  1418   Static method App\Models\PropertyManagement\Expense::getExpensePerContract() invoked with 4 parameters, 3 required.                                                                       
         🪪  arguments.count                                                                                                                                                                       
  1823   Access to an undefined property App\Models\PropertyManagement\IncomeStatementReport::$interest_corridor_changes.                                                                          
         🪪  property.notFound                                                                                                                                                                     
         💡  Learn more: https://phpstan.org/blog/solving-phpstan-access-to-undefined-property                                                                                                     
  1828   Access to an undefined property App\Models\PropertyManagement\IncomeStatementReport::$loans_interest_corridor_changes.                                                                    
         🪪  property.notFound                                                                                                                                                                     
         💡  Learn more: https://phpstan.org/blog/solving-phpstan-access-to-undefined-property                                                                                                     
  1913   Access to an undefined property App\Models\PropertyManagement\CashflowStatementReport::$oda_withdrawals.                                                                                  
         🪪  property.notFound                                                                                                                                                                     
         💡  Learn more: https://phpstan.org/blog/solving-phpstan-access-to-undefined-property                                                                                                     
  1919   Expression on left side of ?? is not nullable.                                                                                                                                            
         🪪  nullCoalesce.expr                                                                                                                                                                     
  2084   Offset 'extra_capital…' on array{cash_in_beginning: non-empty-array<float|int|null>, total_cash_in_before_oda_and_capital_injection: non-empty-array<(float|int)>, total_cash_out_before  
         _oda_and_capital_injection: non-empty-array<(float|int)>, net_cash_before_oda_and_capital_injection: non-empty-array<(float|int)>, oda_statements: array{oda_opening_balances:            
         non-empty-array<(float|int)>, oda_withdrawals: non-empty-array<mixed>, settlements: non-empty-array<(float|int)>, total_dues: non-empty-array<(float|int)>, oda_interests: non-empty-arr  
         ay<(float|int)>, extra_odas_withdrawal: non-empty-array<(float|int)>, end_balance: non-empty-array<(float|int)>}, net_cash_after_oda_and_capital_injection:                               
         non-empty-array<(float|int)>, interest_cash_surplus: non-empty-array<(float|int)>, before_settlements: non-empty-array<(float|int)>, ...} on left side of ?? always exists and is not     
         nullable.                                                                                                                                                                                 
         🪪  nullCoalesce.offset                                                                                                                                                                   
  2085   Offset 'cash_end_balance' on array{cash_in_beginning: non-empty-array<float|int|null>, total_cash_in_before_oda_and_capital_injection: non-empty-array<(float|int)>, total_cash_out_befo  
         re_oda_and_capital_injection: non-empty-array<(float|int)>, net_cash_before_oda_and_capital_injection: non-empty-array<(float|int)>, oda_statements: array{oda_opening_balances:          
         non-empty-array<(float|int)>, oda_withdrawals: non-empty-array<mixed>, settlements: non-empty-array<(float|int)>, total_dues: non-empty-array<(float|int)>, oda_interests: non-empty-arr  
         ay<(float|int)>, extra_odas_withdrawal: non-empty-array<(float|int)>, end_balance: non-empty-array<(float|int)>}, net_cash_after_oda_and_capital_injection:                               
         non-empty-array<(float|int)>, interest_cash_surplus: non-empty-array<(float|int)>, before_settlements: non-empty-array<(float|int)>, ...} on left side of ?? always exists and is not     
         nullable.                                                                                                                                                                                 
         🪪  nullCoalesce.offset                                                                                                                                                                   
  2086   Offset 'cash_in_beginning' on array{cash_in_beginning: non-empty-array<float|int|null>, total_cash_in_before_oda_and_capital_injection: non-empty-array<(float|int)>, total_cash_out_bef  
         ore_oda_and_capital_injection: non-empty-array<(float|int)>, net_cash_before_oda_and_capital_injection: non-empty-array<(float|int)>, oda_statements: array{oda_opening_balances:         
         non-empty-array<(float|int)>, oda_withdrawals: non-empty-array<mixed>, settlements: non-empty-array<(float|int)>, total_dues: non-empty-array<(float|int)>, oda_interests: non-empty-arr  
         ay<(float|int)>, extra_odas_withdrawal: non-empty-array<(float|int)>, end_balance: non-empty-array<(float|int)>}, net_cash_after_oda_and_capital_injection:                               
         non-empty-array<(float|int)>, interest_cash_surplus: non-empty-array<(float|int)>, before_settlements: non-empty-array<(float|int)>, ...} on left side of ?? always exists and is not     
         nullable.                                                                                                                                                                                 
         🪪  nullCoalesce.offset                                                                                                                                                                   
  2087   Offset 'net_cash_before…' on array{cash_in_beginning: non-empty-array<float|int|null>, total_cash_in_before_oda_and_capital_injection: non-empty-array<(float|int)>, total_cash_out_befo  
         re_oda_and_capital_injection: non-empty-array<(float|int)>, net_cash_before_oda_and_capital_injection: non-empty-array<(float|int)>, oda_statements: array{oda_opening_balances:          
         non-empty-array<(float|int)>, oda_withdrawals: non-empty-array<mixed>, settlements: non-empty-array<(float|int)>, total_dues: non-empty-array<(float|int)>, oda_interests: non-empty-arr  
         ay<(float|int)>, extra_odas_withdrawal: non-empty-array<(float|int)>, end_balance: non-empty-array<(float|int)>}, net_cash_after_oda_and_capital_injection:                               
         non-empty-array<(float|int)>, interest_cash_surplus: non-empty-array<(float|int)>, before_settlements: non-empty-array<(float|int)>, ...} on left side of ?? always exists and is not     
         nullable.                                                                                                                                                                                 
         🪪  nullCoalesce.offset                                                                                                                                                                   
  2517   Variable $position in PHPDoc tag @var does not match assigned variable $operationStartDateAsIndex.                                                                                        
         🪪  varTag.differentVariable                                                                                                                                                              
  2523   Call to an undefined method App\Models\PropertyManagement\Position::getHiringCounts().                                                                                                    
         🪪  method.notFound                                                                                                                                                                       
  2524   Call to an undefined method App\Models\PropertyManagement\Position::getExistingCount().                                                                                                   
         🪪  method.notFound                                                                                                                                                                       
  2525   Call to an undefined method App\Models\PropertyManagement\Position::getMonthlyNetSalary().                                                                                                
         🪪  method.notFound                                                                                                                                                                       
  2545   Binary operation "-" between int and string results in an error.                                                                                                                          
         🪪  binaryOp.invalid                                                                                                                                                                      
  2772   Access to an undefined property App\Models\PropertyManagement\Study::$portfolioMortgageRevenueProjectionByCategories.                                                                     
         🪪  property.notFound                                                                                                                                                                     
         💡  Learn more: https://phpstan.org/blog/solving-phpstan-access-to-undefined-property                                                                                                     
  2784   Access to an undefined property App\Models\PropertyManagement\Study::$microfinanceProductSalesProjects.                                                                                   
         🪪  property.notFound                                                                                                                                                                     
         💡  Learn more: https://phpstan.org/blog/solving-phpstan-access-to-undefined-property                                                                                                     
  2795   Access to an undefined property App\Models\PropertyManagement\Study::$consumerfinanceProductSalesProjects.                                                                                
         🪪  property.notFound                                                                                                                                                                     
         💡  Learn more: https://phpstan.org/blog/solving-phpstan-access-to-undefined-property                                                                                                     
  2840   Access to an undefined property App\Models\PropertyManagement\Study::$microfinance_branches_count.                                                                                        
         🪪  property.notFound                                                                                                                                                                     
         💡  Learn more: https://phpstan.org/blog/solving-phpstan-access-to-undefined-property                                                                                                     
  2844   Access to an undefined property App\Models\PropertyManagement\Study::$microfinance_loan_officer_count.                                                                                    
         🪪  property.notFound                                                                                                                                                                     
         💡  Learn more: https://phpstan.org/blog/solving-phpstan-access-to-undefined-property                                                                                                     
  2852   Access to an undefined property App\Models\PropertyManagement\Study::$consumerfinance_loan_officer_count.                                                                                 
         🪪  property.notFound                                                                                                                                                                     
         💡  Learn more: https://phpstan.org/blog/solving-phpstan-access-to-undefined-property                                                                                                     
  3168   Call to an undefined method App\Models\PropertyManagement\Study::getCheckedRevenueStreamTypesForSelect().                                                                                 
         🪪  method.notFound                                                                                                                                                                       
  3345   Access to an undefined property App\Models\PropertyManagement\Study::$products.                                                                                                           
         🪪  property.notFound                                                                                                                                                                     
         💡  Learn more: https://phpstan.org/blog/solving-phpstan-access-to-undefined-property                                                                                                     
  3661   Right side of && is always true.                                                                                                                                                          
         🪪  booleanAnd.rightAlwaysTrue                                                                                                                                                            
         💡  Because the type is coming from a PHPDoc, you can turn off this check by setting treatPhpDocTypesAsCertain: false in your phpstan.neon.                                               
  3685   Variable $id might not be defined.                                                                                                                                                        
         🪪  variable.undefined                                                                                                                                                                    
  3686   Variable $id might not be defined.                                                                                                                                                        
         🪪  variable.undefined                                                                                                                                                                    
  3687   Variable $id might not be defined.                                                                                                                                                        
         🪪  variable.undefined                                                                                                                                                                    
  3867   Right side of && is always true.                                                                                                                                                          
         🪪  booleanAnd.rightAlwaysTrue                                                                                                                                                            
         💡  Because the type is coming from a PHPDoc, you can turn off this check by setting treatPhpDocTypesAsCertain: false in your phpstan.neon.                                               
  3925   Offset 'sub_items' on array{main_items: array{cash-out-flow: array{options: array{title: (array|string), number-format-decimals: 0, is-percentage: false, classes: 'repeater-with…',      
         formatted-input-classes: 'custom-input…'}}}, sub_items: non-empty-array<array{data: mixed, options: array{title: (array|int|string), number-format-decimals: 0, is-percentage: false, cl  
         asses: 'repeater-with…', formatted-input-classes: 'custom-input…'}|array{title: (array|int|string)}, year_total: array}>} on left side of ?? always exists and is not nullable.           
         🪪  nullCoalesce.offset                                                                                                                                                                   
  4072   Variable $cashEndBalance on left side of ?? is never defined.                                                                                                                             
         🪪  nullCoalesce.variable                                                                                                                                                                 
  4074   Variable $workingCapitalInjection on left side of ?? is never defined.                                                                                                                    
         🪪  nullCoalesce.variable                                                                                                                                                                 
  4166   Ternary operator condition is always true.                                                                                                                                                
         🪪  ternary.alwaysTrue                                                                                                                                                                    
         💡  Because the type is coming from a PHPDoc, you can turn off this check by setting treatPhpDocTypesAsCertain: false in your phpstan.neon.                                               
  4437   Variable $existingPropertiesCreditorsOutstanding might not be defined.                                                                                                                    
         🪪  variable.undefined                                                                                                                                                                    
  4438   Variable $existingPropertiesCreditorsOutstanding might not be defined.                                                                                                                    
         🪪  variable.undefined                                                                                                                                                                    
  4450   Variable $newPropertiesCreditorsOutstanding might not be defined.                                                                                                                         
         🪪  variable.undefined                                                                                                                                                                    
  4451   Variable $newPropertiesCreditorsOutstanding might not be defined.                                                                                                                         
         🪪  variable.undefined                                                                                                                                                                    
  4472   Variable $existingPropertiesCreditorsOutstanding might not be defined.                                                                                                                    
         🪪  variable.undefined                                                                                                                                                                    
  4472   Variable $newPropertiesCreditorsOutstanding might not be defined.                                                                                                                         
         🪪  variable.undefined                                                                                                                                                                    
  4580   Variable $totalCorporateTaxes on left side of ?? is never defined.                                                                                                                        
         🪪  nullCoalesce.variable                                                                                                                                                                 
  4687   Expression on left side of ?? is not nullable.                                                                                                                                            
         🪪  nullCoalesce.expr                                                                                                                                                                     
 ------ ------------------------------------------------------------------------------------------------------------------------------------------------------------------------------------------ 

 ------ --------------------------------------------------------------------------------------- 
  Line   app/Models/PurchaseOrder.php                                                           
 ------ --------------------------------------------------------------------------------------- 
  113    Access to an undefined property App\Models\PurchaseOrder::$name.                       
         🪪  property.notFound                                                                  
         💡  Learn more: https://phpstan.org/blog/solving-phpstan-access-to-undefined-property  
 ------ --------------------------------------------------------------------------------------- 

 ------ ------------------------------------------------------------------------------------------------------------------ 
  Line   app/Models/QuotationPricingCalculator.php                                                                         
 ------ ------------------------------------------------------------------------------------------------------------------ 
  152    Method App\Models\Repositories\PositionRepository::oneFormattedForSelect() invoked with 1 parameter, 2 required.  
         🪪  arguments.count                                                                                               
 ------ ------------------------------------------------------------------------------------------------------------------ 

 ------ ------------------------------------------------------------------------------------------------------- 
  Line   app/Models/Repositories/BusinessSectorRepository.php                                                   
 ------ ------------------------------------------------------------------------------------------------------- 
  43     Call to an undefined method Illuminate\Database\Eloquent\Builder<App\Models\BusinessSector>::query().  
         🪪  method.notFound                                                                                    
  86     Access to an undefined property App\Models\BusinessSector::$businessSectorName.                        
         🪪  property.notFound                                                                                  
         💡  Learn more: https://phpstan.org/blog/solving-phpstan-access-to-undefined-property                  
  87     Access to an undefined property App\Models\BusinessSector::$creator_name.                              
         🪪  property.notFound                                                                                  
         💡  Learn more: https://phpstan.org/blog/solving-phpstan-access-to-undefined-property                  
  88     Access to an undefined property App\Models\BusinessSector::$created_at_formatted.                      
         🪪  property.notFound                                                                                  
         💡  Learn more: https://phpstan.org/blog/solving-phpstan-access-to-undefined-property                  
  89     Access to an undefined property App\Models\BusinessSector::$updated_at_formatted.                      
         🪪  property.notFound                                                                                  
         💡  Learn more: https://phpstan.org/blog/solving-phpstan-access-to-undefined-property                  
  90     Property App\Models\BusinessSector::$serviceCategories is not writable.                                
         🪪  assign.propertyReadOnly                                                                            
  91     Access to an undefined property App\Models\BusinessSector::$order.                                     
         🪪  property.notFound                                                                                  
         💡  Learn more: https://phpstan.org/blog/solving-phpstan-access-to-undefined-property                  
  156    Access to an undefined property Illuminate\Database\Eloquent\Model::$name.                             
         🪪  property.notFound                                                                                  
         💡  Learn more: https://phpstan.org/blog/solving-phpstan-access-to-undefined-property                  
  156    Call to an undefined method Illuminate\Database\Eloquent\Model::getName().                             
         🪪  method.notFound                                                                                    
 ------ ------------------------------------------------------------------------------------------------------- 

 ------ ---------------------------------------------------------------- 
  Line   app/Models/Repositories/CashFlowStatementRepository.php         
 ------ ---------------------------------------------------------------- 
  96     Expression "$builder" on a separate line does not do anything.  
         🪪  expr.resultUnused                                           
 ------ ---------------------------------------------------------------- 

 ------ -------------------------------------------------------------------------------- 
  Line   app/Models/Repositories/CurrencyRepository.php                                  
 ------ -------------------------------------------------------------------------------- 
  14     Call to an undefined method App\Models\Repositories\CurrencyRepository::all().  
         🪪  method.notFound                                                             
 ------ -------------------------------------------------------------------------------- 

 ------ ------------------------------------------------------------------------------------------------------------- 
  Line   app/Models/Repositories/FinancialStatementRepository.php                                                     
 ------ ------------------------------------------------------------------------------------------------------------- 
  42     Call to an undefined method Illuminate\Database\Eloquent\Builder<App\Models\FinancialStatement>::query().    
         🪪  method.notFound                                                                                          
  91     Call to an undefined method App\Models\FinancialStatement::storeReport().                                    
         🪪  method.notFound                                                                                          
  148    Access to an undefined property App\Models\FinancialStatement::$cash_flow_statement_id.                      
         🪪  property.notFound                                                                                        
         💡  Learn more: https://phpstan.org/blog/solving-phpstan-access-to-undefined-property                        
  149    Access to an undefined property App\Models\FinancialStatement::$income_statement_id.                         
         🪪  property.notFound                                                                                        
         💡  Learn more: https://phpstan.org/blog/solving-phpstan-access-to-undefined-property                        
  153    Access to an undefined property App\Models\FinancialStatement::$can_view_income_statement_actual_report.     
         🪪  property.notFound                                                                                        
         💡  Learn more: https://phpstan.org/blog/solving-phpstan-access-to-undefined-property                        
  156    Access to an undefined property App\Models\FinancialStatement::$can_view_cash_flow_statement_actual_report.  
         🪪  property.notFound                                                                                        
         💡  Learn more: https://phpstan.org/blog/solving-phpstan-access-to-undefined-property                        
  157    Access to an undefined property App\Models\FinancialStatement::$duration_type_select.                        
         🪪  property.notFound                                                                                        
         💡  Learn more: https://phpstan.org/blog/solving-phpstan-access-to-undefined-property                        
  158    Access to an undefined property App\Models\FinancialStatement::$can_edit_duration_type.                      
         🪪  property.notFound                                                                                        
         💡  Learn more: https://phpstan.org/blog/solving-phpstan-access-to-undefined-property                        
  186    Access to an undefined property App\Models\FinancialStatementItem::$has_depreciation_or_amortization.        
         🪪  property.notFound                                                                                        
         💡  Learn more: https://phpstan.org/blog/solving-phpstan-access-to-undefined-property                        
  211    Expression "$builder" on a separate line does not do anything.                                               
         🪪  expr.resultUnused                                                                                        
 ------ ------------------------------------------------------------------------------------------------------------- 

 ------ ------------------------------------------------------- 
  Line   app/Models/Repositories/IncomeStatementRepository.php  
 ------ ------------------------------------------------------- 
  123    Anonymous function has an unused use $request.         
         🪪  closure.unusedUse                                  
 ------ ------------------------------------------------------- 

 ------ --------------------------------------------------------------------------------------- 
  Line   app/Models/Repositories/PositionRepository.php                                         
 ------ --------------------------------------------------------------------------------------- 
  77     Access to an undefined property App\Models\Position::$companyName.                     
         🪪  property.notFound                                                                  
         💡  Learn more: https://phpstan.org/blog/solving-phpstan-access-to-undefined-property  
  78     Access to an undefined property App\Models\Position::$creator_name.                    
         🪪  property.notFound                                                                  
         💡  Learn more: https://phpstan.org/blog/solving-phpstan-access-to-undefined-property  
  79     Access to an undefined property App\Models\Position::$created_at_formatted.            
         🪪  property.notFound                                                                  
         💡  Learn more: https://phpstan.org/blog/solving-phpstan-access-to-undefined-property  
 ------ --------------------------------------------------------------------------------------- 

 ------ --------------------------------------------------------------------------------------------------------------- 
  Line   app/Models/Repositories/QuickPricingCalculatorRepository.php                                                   
 ------ --------------------------------------------------------------------------------------------------------------- 
  36     Call to an undefined method Illuminate\Database\Eloquent\Builder<App\Models\QuickPricingCalculator>::query().  
         🪪  method.notFound                                                                                            
  89     Access to an undefined property App\Models\QuickPricingCalculator::$customer_name.                             
         🪪  property.notFound                                                                                          
         💡  Learn more: https://phpstan.org/blog/solving-phpstan-access-to-undefined-property                          
  90     Access to an undefined property App\Models\QuickPricingCalculator::$revenueBusinessLineName.                   
         🪪  property.notFound                                                                                          
         💡  Learn more: https://phpstan.org/blog/solving-phpstan-access-to-undefined-property                          
  91     Access to an undefined property App\Models\QuickPricingCalculator::$serviceCategoryName.                       
         🪪  property.notFound                                                                                          
         💡  Learn more: https://phpstan.org/blog/solving-phpstan-access-to-undefined-property                          
  92     Access to an undefined property App\Models\QuickPricingCalculator::$serviceItemName.                           
         🪪  property.notFound                                                                                          
         💡  Learn more: https://phpstan.org/blog/solving-phpstan-access-to-undefined-property                          
  93     Access to an undefined property App\Models\QuickPricingCalculator::$totalRecommendPriceWithoutVatFormatted.    
         🪪  property.notFound                                                                                          
         💡  Learn more: https://phpstan.org/blog/solving-phpstan-access-to-undefined-property                          
  94     Access to an undefined property App\Models\QuickPricingCalculator::$totalRecommendPriceWithVatFormatted.       
         🪪  property.notFound                                                                                          
         💡  Learn more: https://phpstan.org/blog/solving-phpstan-access-to-undefined-property                          
  95     Access to an undefined property App\Models\QuickPricingCalculator::$totalNetProfitAfterTaxesFormatted.         
         🪪  property.notFound                                                                                          
         💡  Learn more: https://phpstan.org/blog/solving-phpstan-access-to-undefined-property                          
  96     Access to an undefined property App\Models\QuickPricingCalculator::$creator_name.                              
         🪪  property.notFound                                                                                          
         💡  Learn more: https://phpstan.org/blog/solving-phpstan-access-to-undefined-property                          
  97     Access to an undefined property App\Models\QuickPricingCalculator::$created_at_formatted.                      
         🪪  property.notFound                                                                                          
         💡  Learn more: https://phpstan.org/blog/solving-phpstan-access-to-undefined-property                          
  98     Access to an undefined property App\Models\QuickPricingCalculator::$updated_at_formatted.                      
         🪪  property.notFound                                                                                          
         💡  Learn more: https://phpstan.org/blog/solving-phpstan-access-to-undefined-property                          
  100    Access to an undefined property App\Models\QuickPricingCalculator::$order.                                     
         🪪  property.notFound                                                                                          
         💡  Learn more: https://phpstan.org/blog/solving-phpstan-access-to-undefined-property                          
 ------ --------------------------------------------------------------------------------------------------------------- 

 ------ ----------------------------------------------------------------------------------------------------------------- 
  Line   app/Models/Repositories/QuotationPricingCalculatorRepository.php                                                 
 ------ ----------------------------------------------------------------------------------------------------------------- 
  52     Access to an undefined property App\Models\QuotationPricingCalculator::$revenueBusinessLineName.                 
         🪪  property.notFound                                                                                            
         💡  Learn more: https://phpstan.org/blog/solving-phpstan-access-to-undefined-property                            
  53     Access to an undefined property App\Models\QuotationPricingCalculator::$serviceCategoryName.                     
         🪪  property.notFound                                                                                            
         💡  Learn more: https://phpstan.org/blog/solving-phpstan-access-to-undefined-property                            
  54     Access to an undefined property App\Models\QuotationPricingCalculator::$serviceItemName.                         
         🪪  property.notFound                                                                                            
         💡  Learn more: https://phpstan.org/blog/solving-phpstan-access-to-undefined-property                            
  55     Access to an undefined property App\Models\QuotationPricingCalculator::$totalRecommendPriceWithoutVatFormatted.  
         🪪  property.notFound                                                                                            
         💡  Learn more: https://phpstan.org/blog/solving-phpstan-access-to-undefined-property                            
  56     Access to an undefined property App\Models\QuotationPricingCalculator::$totalRecommendPriceWithVatFormatted.     
         🪪  property.notFound                                                                                            
         💡  Learn more: https://phpstan.org/blog/solving-phpstan-access-to-undefined-property                            
  57     Access to an undefined property App\Models\QuotationPricingCalculator::$totalNetProfitAfterTaxesFormatted.       
         🪪  property.notFound                                                                                            
         💡  Learn more: https://phpstan.org/blog/solving-phpstan-access-to-undefined-property                            
  58     Access to an undefined property App\Models\QuotationPricingCalculator::$creator_name.                            
         🪪  property.notFound                                                                                            
         💡  Learn more: https://phpstan.org/blog/solving-phpstan-access-to-undefined-property                            
  59     Access to an undefined property App\Models\QuotationPricingCalculator::$created_at_formatted.                    
         🪪  property.notFound                                                                                            
         💡  Learn more: https://phpstan.org/blog/solving-phpstan-access-to-undefined-property                            
  60     Access to an undefined property App\Models\QuotationPricingCalculator::$updated_at_formatted.                    
         🪪  property.notFound                                                                                            
         💡  Learn more: https://phpstan.org/blog/solving-phpstan-access-to-undefined-property                            
  62     Access to an undefined property App\Models\QuotationPricingCalculator::$order.                                   
         🪪  property.notFound                                                                                            
         💡  Learn more: https://phpstan.org/blog/solving-phpstan-access-to-undefined-property                            
 ------ ----------------------------------------------------------------------------------------------------------------- 

 ------ ------------------------------------------------------------------------------------------- 
  Line   app/Models/Repositories/RevenueBusinessLineRepository.php                                  
 ------ ------------------------------------------------------------------------------------------- 
  103    Access to an undefined property App\Models\RevenueBusinessLine::$revenueBusinessLineName.  
         🪪  property.notFound                                                                      
         💡  Learn more: https://phpstan.org/blog/solving-phpstan-access-to-undefined-property      
  104    Access to an undefined property App\Models\RevenueBusinessLine::$creator_name.             
         🪪  property.notFound                                                                      
         💡  Learn more: https://phpstan.org/blog/solving-phpstan-access-to-undefined-property      
  105    Access to an undefined property App\Models\RevenueBusinessLine::$created_at_formatted.     
         🪪  property.notFound                                                                      
         💡  Learn more: https://phpstan.org/blog/solving-phpstan-access-to-undefined-property      
  106    Access to an undefined property App\Models\RevenueBusinessLine::$updated_at_formatted.     
         🪪  property.notFound                                                                      
         💡  Learn more: https://phpstan.org/blog/solving-phpstan-access-to-undefined-property      
  107    Property App\Models\RevenueBusinessLine::$serviceCategories is not writable.               
         🪪  assign.propertyReadOnly                                                                
  108    Access to an undefined property App\Models\RevenueBusinessLine::$order.                    
         🪪  property.notFound                                                                      
         💡  Learn more: https://phpstan.org/blog/solving-phpstan-access-to-undefined-property      
 ------ ------------------------------------------------------------------------------------------- 

 ------ -------------------------------------------------------------------------------------------------------- 
  Line   app/Models/Repositories/ServiceCategoryRepository.php                                                   
 ------ -------------------------------------------------------------------------------------------------------- 
  35     Call to an undefined method Illuminate\Database\Eloquent\Builder<App\Models\ServiceCategory>::query().  
         🪪  method.notFound                                                                                     
  74     Access to an undefined property App\Models\ServiceCategory::$companyName.                               
         🪪  property.notFound                                                                                   
         💡  Learn more: https://phpstan.org/blog/solving-phpstan-access-to-undefined-property                   
  75     Access to an undefined property App\Models\ServiceCategory::$creator_name.                              
         🪪  property.notFound                                                                                   
         💡  Learn more: https://phpstan.org/blog/solving-phpstan-access-to-undefined-property                   
  76     Access to an undefined property App\Models\ServiceCategory::$created_at_formatted.                      
         🪪  property.notFound                                                                                   
         💡  Learn more: https://phpstan.org/blog/solving-phpstan-access-to-undefined-property                   
 ------ -------------------------------------------------------------------------------------------------------- 

 ------ ---------------------------------------------------------------------------------------------------- 
  Line   app/Models/Repositories/ServiceItemRepository.php                                                   
 ------ ---------------------------------------------------------------------------------------------------- 
  35     Call to an undefined method Illuminate\Database\Eloquent\Builder<App\Models\ServiceItem>::query().  
         🪪  method.notFound                                                                                 
  76     Access to an undefined property App\Models\ServiceItem::$companyName.                               
         🪪  property.notFound                                                                               
         💡  Learn more: https://phpstan.org/blog/solving-phpstan-access-to-undefined-property               
  77     Access to an undefined property App\Models\ServiceItem::$creator_name.                              
         🪪  property.notFound                                                                               
         💡  Learn more: https://phpstan.org/blog/solving-phpstan-access-to-undefined-property               
  78     Access to an undefined property App\Models\ServiceItem::$created_at_formatted.                      
         🪪  property.notFound                                                                               
         💡  Learn more: https://phpstan.org/blog/solving-phpstan-access-to-undefined-property               
 ------ ---------------------------------------------------------------------------------------------------- 

 ------ --------------------------------------------------------------------------------------- 
  Line   app/Models/Repositories/ServiceNatureRepository.php                                    
 ------ --------------------------------------------------------------------------------------- 
  90     Access to an undefined property App\Models\ServiceNature::$companyName.                
         🪪  property.notFound                                                                  
         💡  Learn more: https://phpstan.org/blog/solving-phpstan-access-to-undefined-property  
  91     Access to an undefined property App\Models\ServiceNature::$creator_name.               
         🪪  property.notFound                                                                  
         💡  Learn more: https://phpstan.org/blog/solving-phpstan-access-to-undefined-property  
  92     Access to an undefined property App\Models\ServiceNature::$created_at_formatted.       
         🪪  property.notFound                                                                  
         💡  Learn more: https://phpstan.org/blog/solving-phpstan-access-to-undefined-property  
  146    Access to an undefined property Illuminate\Database\Eloquent\Model::$name_en.          
         🪪  property.notFound                                                                  
         💡  Learn more: https://phpstan.org/blog/solving-phpstan-access-to-undefined-property  
  146    Call to an undefined method Illuminate\Database\Eloquent\Model::getName().             
         🪪  method.notFound                                                                    
  147    Access to an undefined property Illuminate\Database\Eloquent\Model::$company_id.       
         🪪  property.notFound                                                                  
         💡  Learn more: https://phpstan.org/blog/solving-phpstan-access-to-undefined-property  
  147    Call to an undefined method Illuminate\Database\Eloquent\Model::getCompanyId().        
         🪪  method.notFound                                                                    
  148    Access to an undefined property Illuminate\Database\Eloquent\Model::$join_at.          
         🪪  property.notFound                                                                  
         💡  Learn more: https://phpstan.org/blog/solving-phpstan-access-to-undefined-property  
  148    Access to an undefined property Illuminate\Database\Eloquent\Model::$join_at.          
         🪪  property.notFound                                                                  
         💡  Learn more: https://phpstan.org/blog/solving-phpstan-access-to-undefined-property  
 ------ --------------------------------------------------------------------------------------- 

 ------ --------------------------------------------------------------------------------------- 
  Line   app/Models/Repositories/SharingLinkRepository.php                                      
 ------ --------------------------------------------------------------------------------------- 
  100    Access to an undefined property App\Models\SharingLink::$shareableTypeName.            
         🪪  property.notFound                                                                  
         💡  Learn more: https://phpstan.org/blog/solving-phpstan-access-to-undefined-property  
  101    Access to an undefined property App\Models\SharingLink::$creator_name.                 
         🪪  property.notFound                                                                  
         💡  Learn more: https://phpstan.org/blog/solving-phpstan-access-to-undefined-property  
  102    Access to an undefined property App\Models\SharingLink::$created_at_formatted.         
         🪪  property.notFound                                                                  
         💡  Learn more: https://phpstan.org/blog/solving-phpstan-access-to-undefined-property  
  158    Access to an undefined property Illuminate\Database\Eloquent\Model::$name_en.          
         🪪  property.notFound                                                                  
         💡  Learn more: https://phpstan.org/blog/solving-phpstan-access-to-undefined-property  
  158    Call to an undefined method Illuminate\Database\Eloquent\Model::getName().             
         🪪  method.notFound                                                                    
  159    Access to an undefined property Illuminate\Database\Eloquent\Model::$company_id.       
         🪪  property.notFound                                                                  
         💡  Learn more: https://phpstan.org/blog/solving-phpstan-access-to-undefined-property  
  159    Call to an undefined method Illuminate\Database\Eloquent\Model::getCompanyId().        
         🪪  method.notFound                                                                    
  160    Access to an undefined property Illuminate\Database\Eloquent\Model::$join_at.          
         🪪  property.notFound                                                                  
         💡  Learn more: https://phpstan.org/blog/solving-phpstan-access-to-undefined-property  
  160    Access to an undefined property Illuminate\Database\Eloquent\Model::$join_at.          
         🪪  property.notFound                                                                  
         💡  Learn more: https://phpstan.org/blog/solving-phpstan-access-to-undefined-property  
 ------ --------------------------------------------------------------------------------------- 

 ------ --------------------------------------------------------------------------------------------------------------------------------------------- 
  Line   app/Models/RevenueBusinessLine.php                                                                                                           
 ------ --------------------------------------------------------------------------------------------------------------------------------------------- 
  88     Negated boolean expression is always false.                                                                                                  
         🪪  booleanNot.alwaysFalse                                                                                                                   
         💡  Because the type is coming from a PHPDoc, you can turn off this check by setting treatPhpDocTypesAsCertain: false in your phpstan.neon.  
 ------ --------------------------------------------------------------------------------------------------------------------------------------------- 

 ------ --------------------------------------------------------------------------------------- 
  Line   app/Models/SettlementAllocation.php                                                    
 ------ --------------------------------------------------------------------------------------- 
  83     Access to an undefined property App\Models\LetterOfCreditIssuance::$supplier.          
         🪪  property.notFound                                                                  
         💡  Learn more: https://phpstan.org/blog/solving-phpstan-access-to-undefined-property  
  84     Access to an undefined property App\Models\SettlementAllocation::$payment_currency.    
         🪪  property.notFound                                                                  
         💡  Learn more: https://phpstan.org/blog/solving-phpstan-access-to-undefined-property  
  85     Access to an undefined property App\Models\SettlementAllocation::$payment_date.        
         🪪  property.notFound                                                                  
         💡  Learn more: https://phpstan.org/blog/solving-phpstan-access-to-undefined-property  
  88     Call to an undefined method App\Models\SupplierInvoice::getInvoiceId().                
         🪪  method.notFound                                                                    
 ------ --------------------------------------------------------------------------------------- 

 ------ --------------------------------------------------------------------------------------- 
  Line   app/Models/State.php                                                                   
 ------ --------------------------------------------------------------------------------------- 
  43     Access to an undefined property App\Models\State::$name.                               
         🪪  property.notFound                                                                  
         💡  Learn more: https://phpstan.org/blog/solving-phpstan-access-to-undefined-property  
 ------ --------------------------------------------------------------------------------------- 

 ------ --------------------------------------------------------------------------------------- 
  Line   app/Models/SupplierInvoice.php                                                         
 ------ --------------------------------------------------------------------------------------- 
  302    Access to an undefined property App\Models\SettlementAllocation::$contract_code.       
         🪪  property.notFound                                                                  
         💡  Learn more: https://phpstan.org/blog/solving-phpstan-access-to-undefined-property  
  303    Access to an undefined property App\Models\SettlementAllocation::$contract_amount.     
         🪪  property.notFound                                                                  
         💡  Learn more: https://phpstan.org/blog/solving-phpstan-access-to-undefined-property  
 ------ --------------------------------------------------------------------------------------- 

 ------ ---------------------------------------------------------------------------------------------------------------------- 
  Line   app/Models/TimeOfDeposit.php                                                                                          
 ------ ---------------------------------------------------------------------------------------------------------------------- 
  223    Method App\Models\TimeOfDeposit::getMaturityAmountAddedToAccountId() should return int|null but returns string|null.  
         🪪  return.type                                                                                                       
  502    Access to an undefined property App\Models\TimeOfDeposit::$journal_id.                                                
         🪪  property.notFound                                                                                                 
         💡  Learn more: https://phpstan.org/blog/solving-phpstan-access-to-undefined-property                                 
  510    PHPDoc tag @var with type App\Models\TimeOfDeposit is not subtype of native type $this(App\Models\TimeOfDeposit).     
         🪪  varTag.nativeType                                                                                                 
  537    Access to an undefined property App\Models\TimeOfDeposit::$odoo_error_message.                                        
         🪪  property.notFound                                                                                                 
         💡  Learn more: https://phpstan.org/blog/solving-phpstan-access-to-undefined-property                                 
  537    Access to an undefined property App\Models\TimeOfDeposit::$synced_with_odoo.                                          
         🪪  property.notFound                                                                                                 
         💡  Learn more: https://phpstan.org/blog/solving-phpstan-access-to-undefined-property                                 
 ------ ---------------------------------------------------------------------------------------------------------------------- 

 ------ ---------------------------------------------------------------------------------------------------------------------- 
  Line   app/Models/Traits/Accessors/DirectManpowerExpenseAccessor.php (in context of class App\Models\DirectManpowerExpense)  
 ------ ---------------------------------------------------------------------------------------------------------------------- 
  12     Access to an undefined property App\Models\DirectManpowerExpense::$pivot.                                             
         🪪  property.notFound                                                                                                 
         💡  Learn more: https://phpstan.org/blog/solving-phpstan-access-to-undefined-property                                 
  16     Access to an undefined property App\Models\DirectManpowerExpense::$company.                                           
         🪪  property.notFound                                                                                                 
         💡  Learn more: https://phpstan.org/blog/solving-phpstan-access-to-undefined-property                                 
  25     Access to an undefined property App\Models\DirectManpowerExpense::$pivot.                                             
         🪪  property.notFound                                                                                                 
         💡  Learn more: https://phpstan.org/blog/solving-phpstan-access-to-undefined-property                                 
  29     Access to an undefined property App\Models\DirectManpowerExpense::$pivot.                                             
         🪪  property.notFound                                                                                                 
         💡  Learn more: https://phpstan.org/blog/solving-phpstan-access-to-undefined-property                                 
  33     Access to an undefined property App\Models\DirectManpowerExpense::$pivot.                                             
         🪪  property.notFound                                                                                                 
         💡  Learn more: https://phpstan.org/blog/solving-phpstan-access-to-undefined-property                                 
  37     Access to an undefined property App\Models\DirectManpowerExpense::$pivot.                                             
         🪪  property.notFound                                                                                                 
         💡  Learn more: https://phpstan.org/blog/solving-phpstan-access-to-undefined-property                                 
 ------ ---------------------------------------------------------------------------------------------------------------------- 

 ------ --------------------------------------------------------------------------------------------------------------------------------------------- 
  Line   app/Models/Traits/Accessors/FinancialStatementAbleAccessor.php (in context of class App\Models\CashFlowStatement)                            
 ------ --------------------------------------------------------------------------------------------------------------------------------------------- 
  40     Call to an undefined method Illuminate\Database\Eloquent\Model::getDatesIndexesHelper().                                                     
         🪪  method.notFound                                                                                                                          
  50     Call to an undefined method Illuminate\Database\Eloquent\Model::getDatesIndexesHelper().                                                     
         🪪  method.notFound                                                                                                                          
  58     Binary operation "-" between string and 1 results in an error.                                                                               
         🪪  binaryOp.invalid                                                                                                                         
  62     Binary operation "-" between string and 1 results in an error.                                                                               
         🪪  binaryOp.invalid                                                                                                                         
  69     Access to an undefined property App\Models\CashFlowStatement::$depends_on.                                                                   
         🪪  property.notFound                                                                                                                        
         💡  Learn more: https://phpstan.org/blog/solving-phpstan-access-to-undefined-property                                                        
  87     Right side of && is always true.                                                                                                             
         🪪  booleanAnd.rightAlwaysTrue                                                                                                               
         💡  Because the type is coming from a PHPDoc, you can turn off this check by setting treatPhpDocTypesAsCertain: false in your phpstan.neon.  
 ------ --------------------------------------------------------------------------------------------------------------------------------------------- 

 ------ --------------------------------------------------------------------------------------------------------------------------------------------- 
  Line   app/Models/Traits/Accessors/FinancialStatementAbleAccessor.php (in context of class App\Models\IncomeStatement)                              
 ------ --------------------------------------------------------------------------------------------------------------------------------------------- 
  40     Call to an undefined method Illuminate\Database\Eloquent\Model::getDatesIndexesHelper().                                                     
         🪪  method.notFound                                                                                                                          
  50     Call to an undefined method Illuminate\Database\Eloquent\Model::getDatesIndexesHelper().                                                     
         🪪  method.notFound                                                                                                                          
  58     Binary operation "-" between string and 1 results in an error.                                                                               
         🪪  binaryOp.invalid                                                                                                                         
  62     Binary operation "-" between string and 1 results in an error.                                                                               
         🪪  binaryOp.invalid                                                                                                                         
  69     Access to an undefined property App\Models\IncomeStatement::$depends_on.                                                                     
         🪪  property.notFound                                                                                                                        
         💡  Learn more: https://phpstan.org/blog/solving-phpstan-access-to-undefined-property                                                        
  87     Right side of && is always true.                                                                                                             
         🪪  booleanAnd.rightAlwaysTrue                                                                                                               
         💡  Because the type is coming from a PHPDoc, you can turn off this check by setting treatPhpDocTypesAsCertain: false in your phpstan.neon.  
 ------ --------------------------------------------------------------------------------------------------------------------------------------------- 

 ------ ---------------------------------------------------------------------------------------------------------------- 
  Line   app/Models/Traits/Accessors/FinancialStatementAccessor.php (in context of class App\Models\FinancialStatement)  
 ------ ---------------------------------------------------------------------------------------------------------------- 
  53     Binary operation "-" between string and 1 results in an error.                                                  
         🪪  binaryOp.invalid                                                                                            
  57     Binary operation "-" between string and 1 results in an error.                                                  
         🪪  binaryOp.invalid                                                                                            
  67     Access to an undefined property App\Models\FinancialStatement::$depends_on.                                     
         🪪  property.notFound                                                                                           
         💡  Learn more: https://phpstan.org/blog/solving-phpstan-access-to-undefined-property                           
 ------ ---------------------------------------------------------------------------------------------------------------- 

 ------ ------------------------------------------------------------------------------------------------------------------------ 
  Line   app/Models/Traits/Accessors/FinancialStatementItemAccessor.php (in context of class App\Models\FinancialStatementItem)  
 ------ ------------------------------------------------------------------------------------------------------------------------ 
  15     Access to an undefined property App\Models\FinancialStatementItem::$name.                                               
         🪪  property.notFound                                                                                                   
         💡  Learn more: https://phpstan.org/blog/solving-phpstan-access-to-undefined-property                                   
  23     Access to an undefined property App\Models\FinancialStatementItem::$company.                                            
         🪪  property.notFound                                                                                                   
         💡  Learn more: https://phpstan.org/blog/solving-phpstan-access-to-undefined-property                                   
  31     Method App\Models\FinancialStatementItem::withSubItemsFor() invoked with 3 parameters, 1-2 required.                    
         🪪  arguments.count                                                                                                     
  40     Call to an undefined method App\Models\FinancialStatementItem::withMainRowsPivotFor().                                  
         🪪  method.notFound                                                                                                     
  44     Call to an undefined method App\Models\FinancialStatementItem::withMainRowsPivotFor().                                  
         🪪  method.notFound                                                                                                     
 ------ ------------------------------------------------------------------------------------------------------------------------ 

 ------ -------------------------------------------------------------------------------------------------------------- 
  Line   app/Models/Traits/Accessors/FreelancerExpenseAccessor.php (in context of class App\Models\FreelancerExpense)  
 ------ -------------------------------------------------------------------------------------------------------------- 
  12     Access to an undefined property App\Models\FreelancerExpense::$pivot.                                         
         🪪  property.notFound                                                                                         
         💡  Learn more: https://phpstan.org/blog/solving-phpstan-access-to-undefined-property                         
  16     Access to an undefined property App\Models\FreelancerExpense::$company.                                       
         🪪  property.notFound                                                                                         
         💡  Learn more: https://phpstan.org/blog/solving-phpstan-access-to-undefined-property                         
  26     Access to an undefined property App\Models\FreelancerExpense::$pivot.                                         
         🪪  property.notFound                                                                                         
         💡  Learn more: https://phpstan.org/blog/solving-phpstan-access-to-undefined-property                         
  30     Access to an undefined property App\Models\FreelancerExpense::$pivot.                                         
         🪪  property.notFound                                                                                         
         💡  Learn more: https://phpstan.org/blog/solving-phpstan-access-to-undefined-property                         
  35     Access to an undefined property App\Models\FreelancerExpense::$pivot.                                         
         🪪  property.notFound                                                                                         
         💡  Learn more: https://phpstan.org/blog/solving-phpstan-access-to-undefined-property                         
  39     Access to an undefined property App\Models\FreelancerExpense::$pivot.                                         
         🪪  property.notFound                                                                                         
         💡  Learn more: https://phpstan.org/blog/solving-phpstan-access-to-undefined-property                         
  44     Access to an undefined property App\Models\FreelancerExpense::$pivot.                                         
         🪪  property.notFound                                                                                         
         💡  Learn more: https://phpstan.org/blog/solving-phpstan-access-to-undefined-property                         
 ------ -------------------------------------------------------------------------------------------------------------- 

 ------ -------------------------------------------------------------------------------------------------------- 
  Line   app/Models/Traits/Accessors/GeneralExpenseAccessor.php (in context of class App\Models\GeneralExpense)  
 ------ -------------------------------------------------------------------------------------------------------- 
  11     Access to an undefined property App\Models\GeneralExpense::$pivot.                                      
         🪪  property.notFound                                                                                   
         💡  Learn more: https://phpstan.org/blog/solving-phpstan-access-to-undefined-property                   
  15     Access to an undefined property App\Models\GeneralExpense::$company.                                    
         🪪  property.notFound                                                                                   
         💡  Learn more: https://phpstan.org/blog/solving-phpstan-access-to-undefined-property                   
  24     Access to an undefined property App\Models\GeneralExpense::$pivot.                                      
         🪪  property.notFound                                                                                   
         💡  Learn more: https://phpstan.org/blog/solving-phpstan-access-to-undefined-property                   
  34     Access to an undefined property App\Models\GeneralExpense::$pivot.                                      
         🪪  property.notFound                                                                                   
         💡  Learn more: https://phpstan.org/blog/solving-phpstan-access-to-undefined-property                   
  38     Access to an undefined property App\Models\GeneralExpense::$pivot.                                      
         🪪  property.notFound                                                                                   
         💡  Learn more: https://phpstan.org/blog/solving-phpstan-access-to-undefined-property                   
  42     Access to an undefined property App\Models\GeneralExpense::$pivot.                                      
         🪪  property.notFound                                                                                   
         💡  Learn more: https://phpstan.org/blog/solving-phpstan-access-to-undefined-property                   
 ------ -------------------------------------------------------------------------------------------------------- 

 ------ ------------------------------------------------------------------------------------------------------------------ 
  Line   app/Models/Traits/Accessors/IncomeStatementItemAccessor.php (in context of class App\Models\IncomeStatementItem)  
 ------ ------------------------------------------------------------------------------------------------------------------ 
  24     Access to an undefined property App\Models\IncomeStatementItem::$company.                                         
         🪪  property.notFound                                                                                             
         💡  Learn more: https://phpstan.org/blog/solving-phpstan-access-to-undefined-property                             
 ------ ------------------------------------------------------------------------------------------------------------------ 

 ------ ----------------------------------------------------------------------------------------- 
  Line   app/Models/Traits/Accessors/OtherAccessor.php                                            
 ------ ----------------------------------------------------------------------------------------- 
  5      Trait App\Models\Traits\Accessors\OtherAccessor is used zero times and is not analysed.  
         🪪  trait.unused                                                                         
         💡  See: https://phpstan.org/blog/how-phpstan-analyses-traits                            
 ------ ----------------------------------------------------------------------------------------- 

 ------ ---------------------------------------------------------------------------------------------------------------------------------- 
  Line   app/Models/Traits/Accessors/OtherDirectOperationExpenseAccessor.php (in context of class App\Models\OtherDirectOperationExpense)  
 ------ ---------------------------------------------------------------------------------------------------------------------------------- 
  12     Access to an undefined property App\Models\OtherDirectOperationExpense::$pivot.                                                   
         🪪  property.notFound                                                                                                             
         💡  Learn more: https://phpstan.org/blog/solving-phpstan-access-to-undefined-property                                             
  16     Access to an undefined property App\Models\OtherDirectOperationExpense::$company.                                                 
         🪪  property.notFound                                                                                                             
         💡  Learn more: https://phpstan.org/blog/solving-phpstan-access-to-undefined-property                                             
  25     Access to an undefined property App\Models\OtherDirectOperationExpense::$pivot.                                                   
         🪪  property.notFound                                                                                                             
         💡  Learn more: https://phpstan.org/blog/solving-phpstan-access-to-undefined-property                                             
  29     Access to an undefined property App\Models\OtherDirectOperationExpense::$pivot.                                                   
         🪪  property.notFound                                                                                                             
         💡  Learn more: https://phpstan.org/blog/solving-phpstan-access-to-undefined-property                                             
  33     Access to an undefined property App\Models\OtherDirectOperationExpense::$pivot.                                                   
         🪪  property.notFound                                                                                                             
         💡  Learn more: https://phpstan.org/blog/solving-phpstan-access-to-undefined-property                                             
  43     Access to an undefined property App\Models\OtherDirectOperationExpense::$pivot.                                                   
         🪪  property.notFound                                                                                                             
         💡  Learn more: https://phpstan.org/blog/solving-phpstan-access-to-undefined-property                                             
 ------ ---------------------------------------------------------------------------------------------------------------------------------- 

 ------ ------------------------------------------------------------------------------------------------------------------------------------ 
  Line   app/Models/Traits/Accessors/OtherVariableManpowerExpenseAccessor.php (in context of class App\Models\OtherVariableManpowerExpense)  
 ------ ------------------------------------------------------------------------------------------------------------------------------------ 
  16     Access to an undefined property App\Models\OtherVariableManpowerExpense::$company.                                                  
         🪪  property.notFound                                                                                                               
         💡  Learn more: https://phpstan.org/blog/solving-phpstan-access-to-undefined-property                                               
 ------ ------------------------------------------------------------------------------------------------------------------------------------ 

 ------ ------------------------------------------------------------------------------------------------------ 
  Line   app/Models/Traits/Accessors/ProfitabilityAccessor.php (in context of class App\Models\Profitability)  
 ------ ------------------------------------------------------------------------------------------------------ 
  11     Access to an undefined property App\Models\Profitability::$pivot.                                     
         🪪  property.notFound                                                                                 
         💡  Learn more: https://phpstan.org/blog/solving-phpstan-access-to-undefined-property                 
  15     Access to an undefined property App\Models\Profitability::$company.                                   
         🪪  property.notFound                                                                                 
         💡  Learn more: https://phpstan.org/blog/solving-phpstan-access-to-undefined-property                 
 ------ ------------------------------------------------------------------------------------------------------ 

 ------ ------------------------------------------------------------------------------------------------------------------------ 
  Line   app/Models/Traits/Accessors/QuickPricingCalculatorAccessor.php (in context of class App\Models\QuickPricingCalculator)  
 ------ ------------------------------------------------------------------------------------------------------------------------ 
  202    Binary operation "/" between string|null and non-falsy-string results in an error.                                      
         🪪  binaryOp.invalid                                                                                                    
 ------ ------------------------------------------------------------------------------------------------------------------------ 

 ------ -------------------------------------------------------------------------------------------------------------------------------- 
  Line   app/Models/Traits/Accessors/QuotationPricingCalculatorAccessor.php (in context of class App\Models\QuotationPricingCalculator)  
 ------ -------------------------------------------------------------------------------------------------------------------------------- 
  63     Access to an undefined property App\Models\QuotationPricingCalculator::$serviceNature.                                          
         🪪  property.notFound                                                                                                           
         💡  Learn more: https://phpstan.org/blog/solving-phpstan-access-to-undefined-property                                           
  96     Access to an undefined property App\Models\QuotationPricingCalculator::$delivery_days.                                          
         🪪  property.notFound                                                                                                           
         💡  Learn more: https://phpstan.org/blog/solving-phpstan-access-to-undefined-property                                           
 ------ -------------------------------------------------------------------------------------------------------------------------------- 

 ------ ---------------------------------------------------------------------------------------------------------------------------- 
  Line   app/Models/Traits/Accessors/SalesAndMarketingExpenseAccessor.php (in context of class App\Models\SalesAndMarketingExpense)  
 ------ ---------------------------------------------------------------------------------------------------------------------------- 
  12     Access to an undefined property App\Models\SalesAndMarketingExpense::$pivot.                                                
         🪪  property.notFound                                                                                                       
         💡  Learn more: https://phpstan.org/blog/solving-phpstan-access-to-undefined-property                                       
  16     Access to an undefined property App\Models\SalesAndMarketingExpense::$company.                                              
         🪪  property.notFound                                                                                                       
         💡  Learn more: https://phpstan.org/blog/solving-phpstan-access-to-undefined-property                                       
  25     Access to an undefined property App\Models\SalesAndMarketingExpense::$pivot.                                                
         🪪  property.notFound                                                                                                       
         💡  Learn more: https://phpstan.org/blog/solving-phpstan-access-to-undefined-property                                       
  35     Access to an undefined property App\Models\SalesAndMarketingExpense::$pivot.                                                
         🪪  property.notFound                                                                                                       
         💡  Learn more: https://phpstan.org/blog/solving-phpstan-access-to-undefined-property                                       
  39     Access to an undefined property App\Models\SalesAndMarketingExpense::$pivot.                                                
         🪪  property.notFound                                                                                                       
         💡  Learn more: https://phpstan.org/blog/solving-phpstan-access-to-undefined-property                                       
  43     Access to an undefined property App\Models\SalesAndMarketingExpense::$pivot.                                                
         🪪  property.notFound                                                                                                       
         💡  Learn more: https://phpstan.org/blog/solving-phpstan-access-to-undefined-property                                       
 ------ ---------------------------------------------------------------------------------------------------------------------------- 

 ------ -------------------------------------------------------------------------------------------------- 
  Line   app/Models/Traits/Accessors/SharingLinkAccessor.php (in context of class App\Models\SharingLink)  
 ------ -------------------------------------------------------------------------------------------------- 
  25     Method App\Models\SharingLink::isActive() should return bool but returns int.                     
         🪪  return.type                                                                                   
 ------ -------------------------------------------------------------------------------------------------- 

 ------ ----------------------------------------------------------------------------------------------------------------------------- 
  Line   app/Models/Traits/Controllers/HasBalances.php (in context of class App\Http\Controllers\CustomerInvoiceDashboardController)  
 ------ ----------------------------------------------------------------------------------------------------------------------------- 
  21     PHPDoc tag @var for variable $firstCustomerInvoice contains unknown class App\Models\Traits\Controllers\CustomerInvoice.     
         🪪  class.notFound                                                                                                           
         💡  Learn more at https://phpstan.org/user-guide/discovering-symbols                                                         
  21     Variable $firstCustomerInvoice in PHPDoc tag @var does not match assigned variable $oneDayBeforeStartDate.                   
         🪪  varTag.differentVariable                                                                                                 
  158    Anonymous function has an unused use $currency.                                                                              
         🪪  closure.unusedUse                                                                                                        
  225    Right side of || is always false.                                                                                            
         🪪  booleanOr.rightAlwaysFalse                                                                                               
 ------ ----------------------------------------------------------------------------------------------------------------------------- 

 ------ --------------------------------------------------------------------------------------------------------------------------------------------- 
  Line   app/Models/Traits/Mutators/FinancialStatementAbleMutator.php (in context of class App\Models\CashFlowStatement)                              
 ------ --------------------------------------------------------------------------------------------------------------------------------------------- 
  26     Strict comparison using === between int<1, max> and 0 will always evaluate to false.                                                         
         🪪  identical.alwaysFalse                                                                                                                    
         💡  Because the type is coming from a PHPDoc, you can turn off this check by setting treatPhpDocTypesAsCertain: false in your phpstan.neon.  
  443    Access to an undefined property Illuminate\Database\Eloquent\Model::$pivot.                                                                  
         🪪  property.notFound                                                                                                                        
         💡  Learn more: https://phpstan.org/blog/solving-phpstan-access-to-undefined-property                                                        
  445    Access to an undefined property Illuminate\Database\Eloquent\Model::$pivot.                                                                  
         🪪  property.notFound                                                                                                                        
         💡  Learn more: https://phpstan.org/blog/solving-phpstan-access-to-undefined-property                                                        
  548    Access to an undefined property Illuminate\Database\Eloquent\Model::$id.                                                                     
         🪪  property.notFound                                                                                                                        
         💡  Learn more: https://phpstan.org/blog/solving-phpstan-access-to-undefined-property                                                        
  549    Access to an undefined property Illuminate\Database\Eloquent\Model::$has_sub_items.                                                          
         🪪  property.notFound                                                                                                                        
         💡  Learn more: https://phpstan.org/blog/solving-phpstan-access-to-undefined-property                                                        
  551    Access to an undefined property Illuminate\Database\Eloquent\Model::$has_sub_items.                                                          
         🪪  property.notFound                                                                                                                        
         💡  Learn more: https://phpstan.org/blog/solving-phpstan-access-to-undefined-property                                                        
  616    Access to an undefined property Illuminate\Database\Eloquent\Model::$name.                                                                   
         🪪  property.notFound                                                                                                                        
         💡  Learn more: https://phpstan.org/blog/solving-phpstan-access-to-undefined-property                                                        
  617    Access to an undefined property Illuminate\Database\Eloquent\Model::$has_sub_items.                                                          
         🪪  property.notFound                                                                                                                        
         💡  Learn more: https://phpstan.org/blog/solving-phpstan-access-to-undefined-property                                                        
  618    Access to an undefined property Illuminate\Database\Eloquent\Model::$has_depreciation_or_amortization.                                       
         🪪  property.notFound                                                                                                                        
         💡  Learn more: https://phpstan.org/blog/solving-phpstan-access-to-undefined-property                                                        
  619    Access to an undefined property Illuminate\Database\Eloquent\Model::$has_percentage_or_fixed_sub_items.                                      
         🪪  property.notFound                                                                                                                        
         💡  Learn more: https://phpstan.org/blog/solving-phpstan-access-to-undefined-property                                                        
  620    Access to an undefined property Illuminate\Database\Eloquent\Model::$financial_statement_able_type.                                          
         🪪  property.notFound                                                                                                                        
         💡  Learn more: https://phpstan.org/blog/solving-phpstan-access-to-undefined-property                                                        
  621    Access to an undefined property Illuminate\Database\Eloquent\Model::$is_main_for_all_calculations.                                           
         🪪  property.notFound                                                                                                                        
         💡  Learn more: https://phpstan.org/blog/solving-phpstan-access-to-undefined-property                                                        
  622    Access to an undefined property Illuminate\Database\Eloquent\Model::$is_sales_rate.                                                          
         🪪  property.notFound                                                                                                                        
         💡  Learn more: https://phpstan.org/blog/solving-phpstan-access-to-undefined-property                                                        
  623    Access to an undefined property Illuminate\Database\Eloquent\Model::$for_interval_comparing.                                                 
         🪪  property.notFound                                                                                                                        
         💡  Learn more: https://phpstan.org/blog/solving-phpstan-access-to-undefined-property                                                        
  624    Access to an undefined property Illuminate\Database\Eloquent\Model::$depends_on.                                                             
         🪪  property.notFound                                                                                                                        
         💡  Learn more: https://phpstan.org/blog/solving-phpstan-access-to-undefined-property                                                        
  625    Access to an undefined property Illuminate\Database\Eloquent\Model::$equation.                                                               
         🪪  property.notFound                                                                                                                        
         💡  Learn more: https://phpstan.org/blog/solving-phpstan-access-to-undefined-property                                                        
  626    Access to an undefined property Illuminate\Database\Eloquent\Model::$has_auto_depreciation.                                                  
         🪪  property.notFound                                                                                                                        
         💡  Learn more: https://phpstan.org/blog/solving-phpstan-access-to-undefined-property                                                        
  627    Access to an undefined property Illuminate\Database\Eloquent\Model::$is_auto_depreciation_for.                                               
         🪪  property.notFound                                                                                                                        
         💡  Learn more: https://phpstan.org/blog/solving-phpstan-access-to-undefined-property                                                        
  628    Access to an undefined property Illuminate\Database\Eloquent\Model::$is_accumulated.                                                         
         🪪  property.notFound                                                                                                                        
         💡  Learn more: https://phpstan.org/blog/solving-phpstan-access-to-undefined-property                                                        
 ------ --------------------------------------------------------------------------------------------------------------------------------------------- 

 ------ --------------------------------------------------------------------------------------------------------------------------------------------- 
  Line   app/Models/Traits/Mutators/FinancialStatementAbleMutator.php (in context of class App\Models\IncomeStatement)                                
 ------ --------------------------------------------------------------------------------------------------------------------------------------------- 
  26     Strict comparison using === between int<1, max> and 0 will always evaluate to false.                                                         
         🪪  identical.alwaysFalse                                                                                                                    
         💡  Because the type is coming from a PHPDoc, you can turn off this check by setting treatPhpDocTypesAsCertain: false in your phpstan.neon.  
  443    Access to an undefined property Illuminate\Database\Eloquent\Model::$pivot.                                                                  
         🪪  property.notFound                                                                                                                        
         💡  Learn more: https://phpstan.org/blog/solving-phpstan-access-to-undefined-property                                                        
  445    Access to an undefined property Illuminate\Database\Eloquent\Model::$pivot.                                                                  
         🪪  property.notFound                                                                                                                        
         💡  Learn more: https://phpstan.org/blog/solving-phpstan-access-to-undefined-property                                                        
  548    Access to an undefined property Illuminate\Database\Eloquent\Model::$id.                                                                     
         🪪  property.notFound                                                                                                                        
         💡  Learn more: https://phpstan.org/blog/solving-phpstan-access-to-undefined-property                                                        
  549    Access to an undefined property Illuminate\Database\Eloquent\Model::$has_sub_items.                                                          
         🪪  property.notFound                                                                                                                        
         💡  Learn more: https://phpstan.org/blog/solving-phpstan-access-to-undefined-property                                                        
  551    Access to an undefined property Illuminate\Database\Eloquent\Model::$has_sub_items.                                                          
         🪪  property.notFound                                                                                                                        
         💡  Learn more: https://phpstan.org/blog/solving-phpstan-access-to-undefined-property                                                        
  616    Access to an undefined property Illuminate\Database\Eloquent\Model::$name.                                                                   
         🪪  property.notFound                                                                                                                        
         💡  Learn more: https://phpstan.org/blog/solving-phpstan-access-to-undefined-property                                                        
  617    Access to an undefined property Illuminate\Database\Eloquent\Model::$has_sub_items.                                                          
         🪪  property.notFound                                                                                                                        
         💡  Learn more: https://phpstan.org/blog/solving-phpstan-access-to-undefined-property                                                        
  618    Access to an undefined property Illuminate\Database\Eloquent\Model::$has_depreciation_or_amortization.                                       
         🪪  property.notFound                                                                                                                        
         💡  Learn more: https://phpstan.org/blog/solving-phpstan-access-to-undefined-property                                                        
  619    Access to an undefined property Illuminate\Database\Eloquent\Model::$has_percentage_or_fixed_sub_items.                                      
         🪪  property.notFound                                                                                                                        
         💡  Learn more: https://phpstan.org/blog/solving-phpstan-access-to-undefined-property                                                        
  620    Access to an undefined property Illuminate\Database\Eloquent\Model::$financial_statement_able_type.                                          
         🪪  property.notFound                                                                                                                        
         💡  Learn more: https://phpstan.org/blog/solving-phpstan-access-to-undefined-property                                                        
  621    Access to an undefined property Illuminate\Database\Eloquent\Model::$is_main_for_all_calculations.                                           
         🪪  property.notFound                                                                                                                        
         💡  Learn more: https://phpstan.org/blog/solving-phpstan-access-to-undefined-property                                                        
  622    Access to an undefined property Illuminate\Database\Eloquent\Model::$is_sales_rate.                                                          
         🪪  property.notFound                                                                                                                        
         💡  Learn more: https://phpstan.org/blog/solving-phpstan-access-to-undefined-property                                                        
  623    Access to an undefined property Illuminate\Database\Eloquent\Model::$for_interval_comparing.                                                 
         🪪  property.notFound                                                                                                                        
         💡  Learn more: https://phpstan.org/blog/solving-phpstan-access-to-undefined-property                                                        
  624    Access to an undefined property Illuminate\Database\Eloquent\Model::$depends_on.                                                             
         🪪  property.notFound                                                                                                                        
         💡  Learn more: https://phpstan.org/blog/solving-phpstan-access-to-undefined-property                                                        
  625    Access to an undefined property Illuminate\Database\Eloquent\Model::$equation.                                                               
         🪪  property.notFound                                                                                                                        
         💡  Learn more: https://phpstan.org/blog/solving-phpstan-access-to-undefined-property                                                        
  626    Access to an undefined property Illuminate\Database\Eloquent\Model::$has_auto_depreciation.                                                  
         🪪  property.notFound                                                                                                                        
         💡  Learn more: https://phpstan.org/blog/solving-phpstan-access-to-undefined-property                                                        
  627    Access to an undefined property Illuminate\Database\Eloquent\Model::$is_auto_depreciation_for.                                               
         🪪  property.notFound                                                                                                                        
         💡  Learn more: https://phpstan.org/blog/solving-phpstan-access-to-undefined-property                                                        
  628    Access to an undefined property Illuminate\Database\Eloquent\Model::$is_accumulated.                                                         
         🪪  property.notFound                                                                                                                        
         💡  Learn more: https://phpstan.org/blog/solving-phpstan-access-to-undefined-property                                                        
 ------ --------------------------------------------------------------------------------------------------------------------------------------------- 

 ------ ------------------------------------------------------------------------------------------------ 
  Line   app/Models/Traits/Mutators/SharingLinkMutator.php (in context of class App\Models\SharingLink)  
 ------ ------------------------------------------------------------------------------------------------ 
  7      Property App\Models\SharingLink::$is_active (int) does not accept bool.                         
         🪪  assign.propertyType                                                                         
 ------ ------------------------------------------------------------------------------------------------ 

 ------ ------------------------------------------------------------------------------------------------- 
  Line   app/Models/Traits/Relations/ProfitabilityRelation.php                                            
 ------ ------------------------------------------------------------------------------------------------- 
  6      Trait App\Models\Traits\Relations\ProfitabilityRelation is used zero times and is not analysed.  
         🪪  trait.unused                                                                                 
         💡  See: https://phpstan.org/blog/how-phpstan-analyses-traits                                    
 ------ ------------------------------------------------------------------------------------------------- 

 ------ ------------------------------------------------------------------------------------------------ 
  Line   app/Models/Traits/Relations/SalesChannelRelation.php                                            
 ------ ------------------------------------------------------------------------------------------------ 
  7      Trait App\Models\Traits\Relations\SalesChannelRelation is used zero times and is not analysed.  
         🪪  trait.unused                                                                                
         💡  See: https://phpstan.org/blog/how-phpstan-analyses-traits                                   
 ------ ------------------------------------------------------------------------------------------------ 

 ------ ------------------------------------------------------------------------------------------------------------- 
  Line   app/Models/Traits/Scopes/HasFixedAsset.php (in context of class App\Models\PropertyManagement\Study)         
 ------ ------------------------------------------------------------------------------------------------------------- 
  20     Access to an undefined property App\Models\PropertyManagement\Study::$newBranchFixedAssetsFundingStructure.  
         🪪  property.notFound                                                                                        
         💡  Learn more: https://phpstan.org/blog/solving-phpstan-access-to-undefined-property                        
 ------ ------------------------------------------------------------------------------------------------------------- 

 ------ ---------------------------------------------------------------------------------------------------------- 
  Line   app/Models/Traits/Scopes/IsDepartment.php (in context of class App\Models\NonBankingService\ExpenseName)  
 ------ ---------------------------------------------------------------------------------------------------------- 
  14     Access to an undefined property App\Models\NonBankingService\ExpenseName::$positions.                     
         🪪  property.notFound                                                                                     
         💡  Learn more: https://phpstan.org/blog/solving-phpstan-access-to-undefined-property                     
  14     Access to an undefined property App\Models\NonBankingService\ExpenseName::$positions.                     
         🪪  property.notFound                                                                                     
         💡  Learn more: https://phpstan.org/blog/solving-phpstan-access-to-undefined-property                     
 ------ ---------------------------------------------------------------------------------------------------------- 

 ------ ----------------------------------------------------------------------------------------------------------- 
  Line   app/Models/Traits/Scopes/IsDepartment.php (in context of class App\Models\PropertyManagement\ExpenseName)  
 ------ ----------------------------------------------------------------------------------------------------------- 
  14     Access to an undefined property App\Models\PropertyManagement\ExpenseName::$positions.                     
         🪪  property.notFound                                                                                      
         💡  Learn more: https://phpstan.org/blog/solving-phpstan-access-to-undefined-property                      
  14     Access to an undefined property App\Models\PropertyManagement\ExpenseName::$positions.                     
         🪪  property.notFound                                                                                      
         💡  Learn more: https://phpstan.org/blog/solving-phpstan-access-to-undefined-property                      
 ------ ----------------------------------------------------------------------------------------------------------- 

 ------ ----------------------------------------------------------------------------------------------------------------- 
  Line   app/Models/Traits/Scopes/IsRevenueStream.php (in context of class App\Models\NonBankingService\RevenueContract)  
 ------ ----------------------------------------------------------------------------------------------------------------- 
  10     Method App\Models\NonBankingService\RevenueContract::getCategoryId() should return int but returns string|null.  
         🪪  return.type                                                                                                  
  14     Access to an undefined property App\Models\NonBankingService\RevenueContract::$loan_nature.                      
         🪪  property.notFound                                                                                            
         💡  Learn more: https://phpstan.org/blog/solving-phpstan-access-to-undefined-property                            
  18     Access to an undefined property App\Models\NonBankingService\RevenueContract::$loan_type.                        
         🪪  property.notFound                                                                                            
         💡  Learn more: https://phpstan.org/blog/solving-phpstan-access-to-undefined-property                            
  22     Access to an undefined property App\Models\NonBankingService\RevenueContract::$tenor.                            
         🪪  property.notFound                                                                                            
         💡  Learn more: https://phpstan.org/blog/solving-phpstan-access-to-undefined-property                            
  26     Access to an undefined property App\Models\NonBankingService\RevenueContract::$grace_period.                     
         🪪  property.notFound                                                                                            
         💡  Learn more: https://phpstan.org/blog/solving-phpstan-access-to-undefined-property                            
  30     Access to an undefined property App\Models\NonBankingService\RevenueContract::$margin_rate.                      
         🪪  property.notFound                                                                                            
         💡  Learn more: https://phpstan.org/blog/solving-phpstan-access-to-undefined-property                            
  34     Access to an undefined property App\Models\NonBankingService\RevenueContract::$sensitivity_margin_rate.          
         🪪  property.notFound                                                                                            
         💡  Learn more: https://phpstan.org/blog/solving-phpstan-access-to-undefined-property                            
  38     Access to an undefined property App\Models\NonBankingService\RevenueContract::$installment_interval.             
         🪪  property.notFound                                                                                            
         💡  Learn more: https://phpstan.org/blog/solving-phpstan-access-to-undefined-property                            
  46     Access to an undefined property App\Models\NonBankingService\RevenueContract::$step_up.                          
         🪪  property.notFound                                                                                            
         💡  Learn more: https://phpstan.org/blog/solving-phpstan-access-to-undefined-property                            
  50     Access to an undefined property App\Models\NonBankingService\RevenueContract::$step_down.                        
         🪪  property.notFound                                                                                            
         💡  Learn more: https://phpstan.org/blog/solving-phpstan-access-to-undefined-property                            
  54     Access to an undefined property App\Models\NonBankingService\RevenueContract::$step_interval.                    
         🪪  property.notFound                                                                                            
         💡  Learn more: https://phpstan.org/blog/solving-phpstan-access-to-undefined-property                            
 ------ ----------------------------------------------------------------------------------------------------------------- 

 ------ ---------------------------------------------------------------------------------------------------------------------------------------- 
  Line   app/Models/Traits/Scopes/IsRevenueStream.php (in context of class App\Models\NonBankingService\ReverseFactoringRevenueStreamBreakdown)  
 ------ ---------------------------------------------------------------------------------------------------------------------------------------- 
  10     Access to an undefined property App\Models\NonBankingService\ReverseFactoringRevenueStreamBreakdown::$category_id.                      
         🪪  property.notFound                                                                                                                   
         💡  Learn more: https://phpstan.org/blog/solving-phpstan-access-to-undefined-property                                                   
  14     Access to an undefined property App\Models\NonBankingService\ReverseFactoringRevenueStreamBreakdown::$loan_nature.                      
         🪪  property.notFound                                                                                                                   
         💡  Learn more: https://phpstan.org/blog/solving-phpstan-access-to-undefined-property                                                   
  18     Access to an undefined property App\Models\NonBankingService\ReverseFactoringRevenueStreamBreakdown::$loan_type.                        
         🪪  property.notFound                                                                                                                   
         💡  Learn more: https://phpstan.org/blog/solving-phpstan-access-to-undefined-property                                                   
  22     Method App\Models\NonBankingService\ReverseFactoringRevenueStreamBreakdown::getTenor() should return int but returns float.             
         🪪  return.type                                                                                                                         
  26     Access to an undefined property App\Models\NonBankingService\ReverseFactoringRevenueStreamBreakdown::$grace_period.                     
         🪪  property.notFound                                                                                                                   
         💡  Learn more: https://phpstan.org/blog/solving-phpstan-access-to-undefined-property                                                   
  38     Access to an undefined property App\Models\NonBankingService\ReverseFactoringRevenueStreamBreakdown::$installment_interval.             
         🪪  property.notFound                                                                                                                   
         💡  Learn more: https://phpstan.org/blog/solving-phpstan-access-to-undefined-property                                                   
  46     Access to an undefined property App\Models\NonBankingService\ReverseFactoringRevenueStreamBreakdown::$step_up.                          
         🪪  property.notFound                                                                                                                   
         💡  Learn more: https://phpstan.org/blog/solving-phpstan-access-to-undefined-property                                                   
  50     Access to an undefined property App\Models\NonBankingService\ReverseFactoringRevenueStreamBreakdown::$step_down.                        
         🪪  property.notFound                                                                                                                   
         💡  Learn more: https://phpstan.org/blog/solving-phpstan-access-to-undefined-property                                                   
  54     Access to an undefined property App\Models\NonBankingService\ReverseFactoringRevenueStreamBreakdown::$step_interval.                    
         🪪  property.notFound                                                                                                                   
         💡  Learn more: https://phpstan.org/blog/solving-phpstan-access-to-undefined-property                                                   
 ------ ---------------------------------------------------------------------------------------------------------------------------------------- 

 ------ ------------------------------------------------------------------------------------------------------------------------------------------------- 
  Line   app/Models/Traits/Scopes/PropertyManagements/HasDueInstallment.php (in context of class App\Models\PropertyManagement\ForecastedProperty)        
 ------ ------------------------------------------------------------------------------------------------------------------------------------------------- 
  58     Call to function is_numeric() with 0 will always evaluate to true.                                                                               
         🪪  function.alreadyNarrowedType                                                                                                                 
         💡  Because the type is coming from a PHPDoc, you can turn off this check by setting treatPhpDocTypesAsCertain: false in your phpstan.neon.      
  81     Call to function is_numeric() with int will always evaluate to true.                                                                             
         🪪  function.alreadyNarrowedType                                                                                                                 
         💡  Because the type is coming from a PHPDoc, you can turn off this check by setting treatPhpDocTypesAsCertain: false in your phpstan.neon.      
  99     Call to function is_numeric() with int will always evaluate to true.                                                                             
         🪪  function.alreadyNarrowedType                                                                                                                 
         💡  Because the type is coming from a PHPDoc, you can turn off this check by setting treatPhpDocTypesAsCertain: false in your phpstan.neon.      
  100    Variable $index might not be defined.                                                                                                            
         🪪  variable.undefined                                                                                                                           
  108    Binary operation "+" between (float|int) and 0|(non-empty-array<int, float|int<1, max>|(non-falsy-string&numeric-string)>) results in an error.  
         🪪  binaryOp.invalid                                                                                                                             
 ------ ------------------------------------------------------------------------------------------------------------------------------------------------- 

 ------ ------------------------------------------------------------------------------------------------------------------------------------------------------------------ 
  Line   app/Models/Traits/Scopes/PropertyManagements/HasDueInstallment.php (in context of class App\Models\PropertyManagement\Property)                                   
 ------ ------------------------------------------------------------------------------------------------------------------------------------------------------------------ 
  100    Variable $index might not be defined.                                                                                                                             
         🪪  variable.undefined                                                                                                                                            
  108    Binary operation "+" between (float|int) and 0|(non-empty-array<int|non-falsy-string, float|int<1, max>|(non-falsy-string&numeric-string)>) results in an error.  
         🪪  binaryOp.invalid                                                                                                                                              
 ------ ------------------------------------------------------------------------------------------------------------------------------------------------------------------ 

 ------ --------------------------------------------------------------------------------------------------------------------------------------------- 
  Line   app/Models/User.php                                                                                                                          
 ------ --------------------------------------------------------------------------------------------------------------------------------------------- 
  127    Ternary operator condition is always true.                                                                                                   
         🪪  ternary.alwaysTrue                                                                                                                       
         💡  Because the type is coming from a PHPDoc, you can turn off this check by setting treatPhpDocTypesAsCertain: false in your phpstan.neon.  
 ------ --------------------------------------------------------------------------------------------------------------------------------------------- 

 ------ --------------------------------------------------------------------------------------------------------------------------------------------- 
  Line   app/Notification.php                                                                                                                         
 ------ --------------------------------------------------------------------------------------------------------------------------------------------- 
  76     Negated boolean expression is always false.                                                                                                  
         🪪  booleanNot.alwaysFalse                                                                                                                   
         💡  Because the type is coming from a PHPDoc, you can turn off this check by setting treatPhpDocTypesAsCertain: false in your phpstan.neon.  
  105    Ternary operator condition is always true.                                                                                                   
         🪪  ternary.alwaysTrue                                                                                                                       
 ------ --------------------------------------------------------------------------------------------------------------------------------------------- 

 ------ --------------------------------------------------------------------------------------------------------- 
  Line   app/NotificationSetting.php                                                                              
 ------ --------------------------------------------------------------------------------------------------------- 
  91     Access to an undefined property App\NotificationSetting::$coming_receivable_cheques_notifications_days.  
         🪪  property.notFound                                                                                    
         💡  Learn more: https://phpstan.org/blog/solving-phpstan-access-to-undefined-property                    
 ------ --------------------------------------------------------------------------------------------------------- 

 ------ ---------------------------------------------------------------------------------------------------------------------------------------------------------- 
  Line   app/Notifications/DueInvoiceNotification.php                                                                                                              
 ------ ---------------------------------------------------------------------------------------------------------------------------------------------------------- 
  54     Method App\Notifications\DueInvoiceNotification::toArray() should return Illuminate\Notifications\Messages\MailMessage but returns array<string, mixed>.  
         🪪  return.type                                                                                                                                           
 ------ ---------------------------------------------------------------------------------------------------------------------------------------------------------- 

 ------ --------------------------------------------------------------------------------------------------------------------------------------------- 
  Line   app/OdooSetting.php                                                                                                                          
 ------ --------------------------------------------------------------------------------------------------------------------------------------------- 
  205    Access to an undefined property App\OdooSetting::$lg_cash_cover_code.                                                                        
         🪪  property.notFound                                                                                                                        
         💡  Learn more: https://phpstan.org/blog/solving-phpstan-access-to-undefined-property                                                        
  209    Access to an undefined property App\OdooSetting::$lg_cash_cover_id.                                                                          
         🪪  property.notFound                                                                                                                        
         💡  Learn more: https://phpstan.org/blog/solving-phpstan-access-to-undefined-property                                                        
  213    Access to an undefined property App\OdooSetting::$lc_cash_cover_code.                                                                        
         🪪  property.notFound                                                                                                                        
         💡  Learn more: https://phpstan.org/blog/solving-phpstan-access-to-undefined-property                                                        
  217    Access to an undefined property App\OdooSetting::$lc_cash_cover_id.                                                                          
         🪪  property.notFound                                                                                                                        
         💡  Learn more: https://phpstan.org/blog/solving-phpstan-access-to-undefined-property                                                        
  221    Access to an undefined property App\OdooSetting::$suspense_account_id.                                                                       
         🪪  property.notFound                                                                                                                        
         💡  Learn more: https://phpstan.org/blog/solving-phpstan-access-to-undefined-property                                                        
  232    Method App\OdooSetting::getCustodyAccountId() should return int but returns string.                                                          
         🪪  return.type                                                                                                                              
  257    Call to function is_null() with int will always evaluate to false.                                                                           
         🪪  function.impossibleType                                                                                                                  
         💡  Because the type is coming from a PHPDoc, you can turn off this check by setting treatPhpDocTypesAsCertain: false in your phpstan.neon.  
  264    Call to function is_null() with string will always evaluate to false.                                                                        
         🪪  function.impossibleType                                                                                                                  
         💡  Because the type is coming from a PHPDoc, you can turn off this check by setting treatPhpDocTypesAsCertain: false in your phpstan.neon.  
  267    Method App\OdooSetting::getInsuranceFromAccount() should return int but returns string.                                                      
         🪪  return.type                                                                                                                              
  274    Method App\OdooSetting::getInsuranceToAccount() should return int but returns string.                                                        
         🪪  return.type                                                                                                                              
 ------ --------------------------------------------------------------------------------------------------------------------------------------------- 

 ------ -------------------------------------------------------------------------------------------------------------------------- 
  Line   app/Policies/AuthorizeCompanies.php                                                                                       
 ------ -------------------------------------------------------------------------------------------------------------------------- 
  19     Method App\Policies\AuthorizeCompanies::__construct() with return type void returns true but should not return anything.  
         🪪  return.void                                                                                                           
 ------ -------------------------------------------------------------------------------------------------------------------------- 

 ------ -------------------------------------- 
  Line   app/Providers/AppServiceProvider.php  
 ------ -------------------------------------- 
  187    If condition is always false.         
         🪪  if.alwaysFalse                    
 ------ -------------------------------------- 

 ------ --------------------------------------------------------------------------------------------------------------------------------------------- 
  Line   app/Providers/FinancialPlanningServiceProvider.php                                                                                           
 ------ --------------------------------------------------------------------------------------------------------------------------------------------- 
  29     If condition is always true.                                                                                                                 
         🪪  if.alwaysTrue                                                                                                                            
         💡  Because the type is coming from a PHPDoc, you can turn off this check by setting treatPhpDocTypesAsCertain: false in your phpstan.neon.  
 ------ --------------------------------------------------------------------------------------------------------------------------------------------- 

 ------ --------------------------------------------------------------------------------------------------------------------------------------------- 
  Line   app/Providers/FinancialStatementServiceProvider.php                                                                                          
 ------ --------------------------------------------------------------------------------------------------------------------------------------------- 
  41     If condition is always true.                                                                                                                 
         🪪  if.alwaysTrue                                                                                                                            
         💡  Because the type is coming from a PHPDoc, you can turn off this check by setting treatPhpDocTypesAsCertain: false in your phpstan.neon.  
  43     Call to an undefined method Illuminate\Database\Eloquent\Model::getDatesIndexesHelper().                                                     
         🪪  method.notFound                                                                                                                          
 ------ --------------------------------------------------------------------------------------------------------------------------------------------- 

 ------ --------------------------------------------------------------------------------------------------------------------------------------------- 
  Line   app/Providers/NonBankingServiceProvider.php                                                                                                  
 ------ --------------------------------------------------------------------------------------------------------------------------------------------- 
  28     If condition is always true.                                                                                                                 
         🪪  if.alwaysTrue                                                                                                                            
         💡  Because the type is coming from a PHPDoc, you can turn off this check by setting treatPhpDocTypesAsCertain: false in your phpstan.neon.  
 ------ --------------------------------------------------------------------------------------------------------------------------------------------- 

 ------ --------------------------------------------------------------------------------------------------------------------------------------------- 
  Line   app/Providers/PropertyManagementServiceProvider.php                                                                                          
 ------ --------------------------------------------------------------------------------------------------------------------------------------------- 
  28     If condition is always true.                                                                                                                 
         🪪  if.alwaysTrue                                                                                                                            
         💡  Because the type is coming from a PHPDoc, you can turn off this check by setting treatPhpDocTypesAsCertain: false in your phpstan.neon.  
 ------ --------------------------------------------------------------------------------------------------------------------------------------------- 

 ------ ------------------------------------------------------------------------------------------------------------------------------------------------------------------------------------ 
  Line   app/ReadyFunctions/CalculateFixedLoanAtBeginningService.php                                                                                                                         
 ------ ------------------------------------------------------------------------------------------------------------------------------------------------------------------------------------ 
  177    Variable $interestFactors might not be defined.                                                                                                                                     
         🪪  variable.undefined                                                                                                                                                              
  337    Offset 'beginning' on array{beginning: array{}, endBalance: array{}}|array{beginning: non-empty-array, endBalance: non-empty-array, interestAmount?: non-empty-array<(float|int)>,  
         schedulePayment: non-empty-array<mixed>, principleAmount: non-empty-array<mixed>} on left side of ?? always exists and is not nullable.                                             
         🪪  nullCoalesce.offset                                                                                                                                                             
 ------ ------------------------------------------------------------------------------------------------------------------------------------------------------------------------------------ 

 ------ ------------------------------------------------------------------------------------------------------------------------------------------------------------------------------------ 
  Line   app/ReadyFunctions/CalculateFixedLoanAtEndService.php                                                                                                                               
 ------ ------------------------------------------------------------------------------------------------------------------------------------------------------------------------------------ 
  162    Method App\ReadyFunctions\CalculateFixedLoanAtEndService::calculateInstallmentAmount() invoked with 10 parameters, 9 required.                                                      
         🪪  arguments.count                                                                                                                                                                 
  164    Variable $interestFactors might not be defined.                                                                                                                                     
         🪪  variable.undefined                                                                                                                                                              
  239    Offset 'beginning' on array{beginning: array{}, endBalance: array{}}|array{beginning: non-empty-array, endBalance: non-empty-array, interestAmount?: non-empty-array<(float|int)>,  
         schedulePayment: non-empty-array<mixed>, principleAmount: non-empty-array<mixed>} on left side of ?? always exists and is not nullable.                                             
         🪪  nullCoalesce.offset                                                                                                                                                             
  357    PHPDoc tag @var for variable $study contains unknown class App\ReadyFunctions\Project.                                                                                              
         🪪  class.notFound                                                                                                                                                                  
         💡  Learn more at https://phpstan.org/user-guide/discovering-symbols                                                                                                                
  357    Variable $study in PHPDoc tag @var does not match assigned variable $fixedLoanAtEndService.                                                                                         
         🪪  varTag.differentVariable                                                                                                                                                        
  428    Variable $executionAndPayment on left side of ?? always exists and is not nullable.                                                                                                 
         🪪  nullCoalesce.variable                                                                                                                                                           
 ------ ------------------------------------------------------------------------------------------------------------------------------------------------------------------------------------ 

 ------ --------------------------------------------------------- 
  Line   app/ReadyFunctions/CalculateProfitsEquationsService.php  
 ------ --------------------------------------------------------- 
  52     Variable $ebitdaPercentages might not be defined.        
         🪪  variable.undefined                                   
  71     Variable $ebitPercentages might not be defined.          
         🪪  variable.undefined                                   
  90     Variable $ebtPercentages might not be defined.           
         🪪  variable.undefined                                   
  107    Variable $netProfit might not be defined.                
         🪪  variable.undefined                                   
  108    Variable $netProfitPercentages might not be defined.     
         🪪  variable.undefined                                   
 ------ --------------------------------------------------------- 

 ------ ----------------------------------------------------------------------- 
  Line   app/ReadyFunctions/ChequeAgingService.php                              
 ------ ----------------------------------------------------------------------- 
  89     If condition is always true.                                           
         🪪  if.alwaysTrue                                                      
  99     If condition is always true.                                           
         🪪  if.alwaysTrue                                                      
  104    If condition is always true.                                           
         🪪  if.alwaysTrue                                                      
  114    If condition is always true.                                           
         🪪  if.alwaysTrue                                                      
  125    Variable $totalOfAllDue in isset() always exists and is not nullable.  
         🪪  isset.variable                                                     
  126    Variable $totalOfAllDue in isset() always exists and is not nullable.  
         🪪  isset.variable                                                     
 ------ ----------------------------------------------------------------------- 

 ------ -------------------------------------------------- 
  Line   app/ReadyFunctions/CollectionPolicyService.php    
 ------ -------------------------------------------------- 
  83     Variable $currentDateIndex might not be defined.  
         🪪  variable.undefined                            
 ------ -------------------------------------------------- 

 ------ ------------------------------------------------------- 
  Line   app/ReadyFunctions/Date.php                            
 ------ ------------------------------------------------------- 
  50     Unreachable statement - code above always terminates.  
         🪪  deadCode.unreachable                               
 ------ ------------------------------------------------------- 

 ------ ---------------------------------------------------------------------------------------------------- 
  Line   app/ReadyFunctions/FixedAssetsPayableEndBalance.php                                                 
 ------ ---------------------------------------------------------------------------------------------------- 
  40     Variable $purchaseAtDate on left side of ?? always exists and is not nullable.                      
         🪪  nullCoalesce.variable                                                                           
  41     Variable $purchaseAtDate on left side of ?? always exists and is not nullable.                      
         🪪  nullCoalesce.variable                                                                           
  46     Offset mixed on non-empty-array<(float|int)> on left side of ?? always exists and is not nullable.  
         🪪  nullCoalesce.offset                                                                             
 ------ ---------------------------------------------------------------------------------------------------- 

 ------ ---------------------------------------------------- 
  Line   app/ReadyFunctions/IntervalSummationOperations.php  
 ------ ---------------------------------------------------- 
  41     Right side of || is always true.                    
         🪪  booleanOr.rightAlwaysTrue                       
 ------ ---------------------------------------------------- 

 ------ ----------------------------------------------------- 
  Line   app/ReadyFunctions/InventoryCoverageDays.php         
 ------ ----------------------------------------------------- 
  137    Variable $store_final_balance might not be defined.  
         🪪  variable.undefined                               
  138    Variable $store_final_balance might not be defined.  
         🪪  variable.undefined                               
  141    Variable $store_final_balance might not be defined.  
         🪪  variable.undefined                               
 ------ ----------------------------------------------------- 

 ------ ----------------------------------------------------------------------- 
  Line   app/ReadyFunctions/InvoiceAgingService.php                             
 ------ ----------------------------------------------------------------------- 
  72     If condition is always true.                                           
         🪪  if.alwaysTrue                                                      
  82     If condition is always true.                                           
         🪪  if.alwaysTrue                                                      
  88     If condition is always true.                                           
         🪪  if.alwaysTrue                                                      
  93     If condition is always true.                                           
         🪪  if.alwaysTrue                                                      
  104    Variable $totalOfAllDue in isset() always exists and is not nullable.  
         🪪  isset.variable                                                     
  105    Variable $totalOfAllDue in isset() always exists and is not nullable.  
         🪪  isset.variable                                                     
 ------ ----------------------------------------------------------------------- 

 ------ ------------------------------------------------------------------------------------------------------------------------------------------------------------------------------------------ 
  Line   app/ReadyFunctions/PortfolioPresentValue.php                                                                                                                                              
 ------ ------------------------------------------------------------------------------------------------------------------------------------------------------------------------------------------ 
  86     Offset 'interestAmount' on array{beginning: non-empty-array<int, mixed>, interestAmount: array, schedulePayment: non-empty-array<int, (float|int)>, principleAmount: non-empty-array<int  
         , float>, endBalance: non-empty-array<int, (float|int)>, revenue_stream_type: 'portfolio-mortgage', revenue_stream_category_id: string, portfolio_loan_type: 'portfolio', ...}|array{int  
         erestAmount: array} on left side of ?? always exists and is not nullable.                                                                                                                 
         🪪  nullCoalesce.offset                                                                                                                                                                   
  100    Offset 'interestAmount' on array{beginning: non-empty-array<int, mixed>, interestAmount: array, schedulePayment: non-empty-array<int, (float|int)>, principleAmount: non-empty-array<int  
         , float>, endBalance: non-empty-array<int, (float|int)>, revenue_stream_type: 'portfolio-mortgage', revenue_stream_category_id: string, portfolio_loan_type: 'portfolio', ...}|array{int  
         erestAmount: array} on left side of ?? always exists and is not nullable.                                                                                                                 
         🪪  nullCoalesce.offset                                                                                                                                                                   
  178    Expression on left side of ?? is not nullable.                                                                                                                                            
         🪪  nullCoalesce.expr                                                                                                                                                                     
 ------ ------------------------------------------------------------------------------------------------------------------------------------------------------------------------------------------ 

 ------ ------------------------------------------- 
  Line   app/ReadyFunctions/SeasonalityService.php  
 ------ ------------------------------------------- 
  45     If condition is always true.               
         🪪  if.alwaysTrue                          
 ------ ------------------------------------------- 

 ------ ---------------------------------------------------------------------------------------------------- 
  Line   app/ReadyFunctions/SupplierPayableEndBalance.php                                                    
 ------ ---------------------------------------------------------------------------------------------------- 
  41     Offset mixed on non-empty-array<(float|int)> on left side of ?? always exists and is not nullable.  
         🪪  nullCoalesce.offset                                                                             
 ------ ---------------------------------------------------------------------------------------------------- 

 ------ ------------------------------------------------ 
  Line   app/ReadyFunctions/VariableLoanCalculation.php  
 ------ ------------------------------------------------ 
  62     Variable $result might not be defined.          
         🪪  variable.undefined                          
 ------ ------------------------------------------------ 

 ------ ---------------------------------------------------------------------------------- 
  Line   app/Rules/LcTermAmountRule.php                                                    
 ------ ---------------------------------------------------------------------------------- 
  55     Cannot call static method getStatementTableName() on class-string|false.          
         🪪  staticMethod.nonObject                                                        
  56     Cannot call static method getForeignKeyInStatementTable() on class-string|false.  
         🪪  staticMethod.nonObject                                                        
 ------ ---------------------------------------------------------------------------------- 

 ------ ---------------------------------------------------------------------------------- 
  Line   app/Rules/LgTermAmountRule.php                                                    
 ------ ---------------------------------------------------------------------------------- 
  58     Cannot call static method getStatementTableName() on class-string|false.          
         🪪  staticMethod.nonObject                                                        
  59     Cannot call static method getForeignKeyInStatementTable() on class-string|false.  
         🪪  staticMethod.nonObject                                                        
 ------ ---------------------------------------------------------------------------------- 

 ------ -------------------------------------------- 
  Line   app/Services/AI/PredictSales.php            
 ------ -------------------------------------------- 
  264    Ternary operator condition is always true.  
         🪪  ternary.alwaysTrue                      
 ------ -------------------------------------------- 

 ------ ------------------------------------------------------------------------------------------- 
  Line   app/Services/Api/CashExpenseOdooService.php                                                
 ------ ------------------------------------------------------------------------------------------- 
  60     Call to function is_numeric() with float|int|numeric-string will always evaluate to true.  
         🪪  function.alreadyNarrowedType                                                           
 ------ ------------------------------------------------------------------------------------------- 

 ------ ------------------------------------------------------------------------------------ 
  Line   app/Services/Api/ExpensePayment.php                                                 
 ------ ------------------------------------------------------------------------------------ 
  220    Strict comparison using === between mixed and false will always evaluate to false.  
         🪪  identical.alwaysFalse                                                           
         💡  Type 0|0.0|''|'0'|array{}|false|null has already been eliminated from mixed.    
 ------ ------------------------------------------------------------------------------------ 

 ------ ----------------------------------------------------------------------------------------------------------------------------------------------- 
  Line   app/Services/Api/InternalMoneyTransfer.php                                                                                                     
 ------ ----------------------------------------------------------------------------------------------------------------------------------------------- 
  80     Call to function is_numeric() with float|int|numeric-string will always evaluate to true.                                                      
         🪪  function.alreadyNarrowedType                                                                                                               
  111    PHPDoc tag @var with type App\Services\Api\InternalMoneyTransfer is not subtype of native type $this(App\Services\Api\InternalMoneyTransfer).  
         🪪  varTag.nativeType                                                                                                                          
  175    Call to function is_numeric() with float|int|numeric-string will always evaluate to true.                                                      
         🪪  function.alreadyNarrowedType                                                                                                               
 ------ ----------------------------------------------------------------------------------------------------------------------------------------------- 

 ------ ------------------------------------------------------------------------------------------- 
  Line   app/Services/Api/MoneyPaymentOdooService.php                                               
 ------ ------------------------------------------------------------------------------------------- 
  56     Call to function is_numeric() with float|int|numeric-string will always evaluate to true.  
         🪪  function.alreadyNarrowedType                                                           
 ------ ------------------------------------------------------------------------------------------- 

 ------ ------------------------------------------------------------------ 
  Line   app/Services/Api/OdooPayment.php                                  
 ------ ------------------------------------------------------------------ 
  54     Call to an undefined method Ripcord_Client::execute_kw().         
         🪪  method.notFound                                               
  75     Call to an undefined method Ripcord_Client::execute_kw().         
         🪪  method.notFound                                               
  147    Call to an undefined method Ripcord_Client::execute_kw().         
         🪪  method.notFound                                               
  167    Call to an undefined method Ripcord_Client::execute_kw().         
         🪪  method.notFound                                               
  196    Variable $moneyModel might not be defined.                        
         🪪  variable.undefined                                            
  488    Call to an undefined method Ripcord_Client::execute_kw().         
         🪪  method.notFound                                               
  509    Call to an undefined method Ripcord_Client::execute_kw().         
         🪪  method.notFound                                               
  596    Variable $paymentData in empty() always exists and is not falsy.  
         🪪  empty.variable                                                
  815    Variable $paymentData in empty() always exists and is not falsy.  
         🪪  empty.variable                                                
  1017   Call to an undefined method Ripcord_Client::execute_kw().         
         🪪  method.notFound                                               
  1028   Call to an undefined method Ripcord_Client::execute_kw().         
         🪪  method.notFound                                               
  1038   Call to an undefined method Ripcord_Client::execute_kw().         
         🪪  method.notFound                                               
 ------ ------------------------------------------------------------------ 

 ------ ------------------------------------------------------------------------------------------------------ 
  Line   app/Services/Api/OdooService.php                                                                      
 ------ ------------------------------------------------------------------------------------------------------ 
  46     PHPDoc tag @var for variable $newMoneyClass contains unknown class App\Services\Api\MoneyPayment.     
         🪪  class.notFound                                                                                    
         💡  Learn more at https://phpstan.org/user-guide/discovering-symbols                                  
  74     Call to static method getMoneyTypeFromJournalId() on an unknown class App\Services\Api\MoneyPayment.  
         🪪  class.notFound                                                                                    
         💡  Learn more at https://phpstan.org/user-guide/discovering-symbols                                  
  214    Call to an undefined method Ripcord_Client::execute_kw().                                             
         🪪  method.notFound                                                                                   
  215    Call to an undefined method Ripcord_Client::execute_kw().                                             
         🪪  method.notFound                                                                                   
  262    Call to an undefined method Ripcord_Client::execute_kw().                                             
         🪪  method.notFound                                                                                   
  265    Call to an undefined method Ripcord_Client::execute_kw().                                             
         🪪  method.notFound                                                                                   
  361    Call to an undefined method Ripcord_Client::execute_kw().                                             
         🪪  method.notFound                                                                                   
  576    Call to an undefined method Ripcord_Client::execute_kw().                                             
         🪪  method.notFound                                                                                   
  591    Call to an undefined method Ripcord_Client::execute_kw().                                             
         🪪  method.notFound                                                                                   
 ------ ------------------------------------------------------------------------------------------------------ 

 ------ ------------------------------------------------------------------------------------------- 
  Line   app/Services/Api/TimeOrCertificateOfDepositOdooService.php                                 
 ------ ------------------------------------------------------------------------------------------- 
  44     Call to function is_numeric() with float|int|numeric-string will always evaluate to true.  
         🪪  function.alreadyNarrowedType                                                           
  120    Call to function is_numeric() with float|int|numeric-string will always evaluate to true.  
         🪪  function.alreadyNarrowedType                                                           
 ------ ------------------------------------------------------------------------------------------- 

 ------ ----------------------------------------------------------------------------------------------------- 
  Line   app/Services/Api/Traits/AuthTrait.php (in context of class App\Services\Api\CashExpenseOdooService)  
 ------ ----------------------------------------------------------------------------------------------------- 
  35     Call to static method client() on an unknown class App\Services\Api\Traits\ripcord.                  
         🪪  class.notFound                                                                                   
         💡  Learn more at https://phpstan.org/user-guide/discovering-symbols                                 
  55     Call to static method client() on an unknown class App\Services\Api\Traits\ripcord.                  
         🪪  class.notFound                                                                                   
         💡  Learn more at https://phpstan.org/user-guide/discovering-symbols                                 
  61     Call to an undefined method Ripcord_Client::execute_kw().                                            
         🪪  method.notFound                                                                                  
  98     Call to an undefined method Ripcord_Client::execute_kw().                                            
         🪪  method.notFound                                                                                  
  99     Call to an undefined method Ripcord_Client::execute_kw().                                            
         🪪  method.notFound                                                                                  
 ------ ----------------------------------------------------------------------------------------------------- 

 ------ -------------------------------------------------------------------------------------------------- 
  Line   app/Services/Api/Traits/AuthTrait.php (in context of class App\Services\Api\ExchangeRateService)  
 ------ -------------------------------------------------------------------------------------------------- 
  35     Call to static method client() on an unknown class App\Services\Api\Traits\ripcord.               
         🪪  class.notFound                                                                                
         💡  Learn more at https://phpstan.org/user-guide/discovering-symbols                              
  55     Call to static method client() on an unknown class App\Services\Api\Traits\ripcord.               
         🪪  class.notFound                                                                                
         💡  Learn more at https://phpstan.org/user-guide/discovering-symbols                              
  61     Call to an undefined method Ripcord_Client::execute_kw().                                         
         🪪  method.notFound                                                                               
  98     Call to an undefined method Ripcord_Client::execute_kw().                                         
         🪪  method.notFound                                                                               
  99     Call to an undefined method Ripcord_Client::execute_kw().                                         
         🪪  method.notFound                                                                               
 ------ -------------------------------------------------------------------------------------------------- 

 ------ --------------------------------------------------------------------------------------------- 
  Line   app/Services/Api/Traits/AuthTrait.php (in context of class App\Services\Api\ExpensePayment)  
 ------ --------------------------------------------------------------------------------------------- 
  35     Call to static method client() on an unknown class App\Services\Api\Traits\ripcord.          
         🪪  class.notFound                                                                           
         💡  Learn more at https://phpstan.org/user-guide/discovering-symbols                         
  55     Call to static method client() on an unknown class App\Services\Api\Traits\ripcord.          
         🪪  class.notFound                                                                           
         💡  Learn more at https://phpstan.org/user-guide/discovering-symbols                         
  61     Call to an undefined method Ripcord_Client::execute_kw().                                    
         🪪  method.notFound                                                                          
  98     Call to an undefined method Ripcord_Client::execute_kw().                                    
         🪪  method.notFound                                                                          
  99     Call to an undefined method Ripcord_Client::execute_kw().                                    
         🪪  method.notFound                                                                          
 ------ --------------------------------------------------------------------------------------------- 

 ------ ---------------------------------------------------------------------------------------------------- 
  Line   app/Services/Api/Traits/AuthTrait.php (in context of class App\Services\Api\InternalMoneyTransfer)  
 ------ ---------------------------------------------------------------------------------------------------- 
  35     Call to static method client() on an unknown class App\Services\Api\Traits\ripcord.                 
         🪪  class.notFound                                                                                  
         💡  Learn more at https://phpstan.org/user-guide/discovering-symbols                                
  55     Call to static method client() on an unknown class App\Services\Api\Traits\ripcord.                 
         🪪  class.notFound                                                                                  
         💡  Learn more at https://phpstan.org/user-guide/discovering-symbols                                
  61     Call to an undefined method Ripcord_Client::execute_kw().                                           
         🪪  method.notFound                                                                                 
  98     Call to an undefined method Ripcord_Client::execute_kw().                                           
         🪪  method.notFound                                                                                 
  99     Call to an undefined method Ripcord_Client::execute_kw().                                           
         🪪  method.notFound                                                                                 
 ------ ---------------------------------------------------------------------------------------------------- 

 ------ ------------------------------------------------------------------------------------------------------- 
  Line   app/Services/Api/Traits/AuthTrait.php (in context of class App\Services\Api\LetterOfGuaranteeService)  
 ------ ------------------------------------------------------------------------------------------------------- 
  35     Call to static method client() on an unknown class App\Services\Api\Traits\ripcord.                    
         🪪  class.notFound                                                                                     
         💡  Learn more at https://phpstan.org/user-guide/discovering-symbols                                   
  55     Call to static method client() on an unknown class App\Services\Api\Traits\ripcord.                    
         🪪  class.notFound                                                                                     
         💡  Learn more at https://phpstan.org/user-guide/discovering-symbols                                   
  61     Call to an undefined method Ripcord_Client::execute_kw().                                              
         🪪  method.notFound                                                                                    
  98     Call to an undefined method Ripcord_Client::execute_kw().                                              
         🪪  method.notFound                                                                                    
  99     Call to an undefined method Ripcord_Client::execute_kw().                                              
         🪪  method.notFound                                                                                    
 ------ ------------------------------------------------------------------------------------------------------- 

 ------ ------------------------------------------------------------------------------------------------------ 
  Line   app/Services/Api/Traits/AuthTrait.php (in context of class App\Services\Api\MoneyPaymentOdooService)  
 ------ ------------------------------------------------------------------------------------------------------ 
  35     Call to static method client() on an unknown class App\Services\Api\Traits\ripcord.                   
         🪪  class.notFound                                                                                    
         💡  Learn more at https://phpstan.org/user-guide/discovering-symbols                                  
  55     Call to static method client() on an unknown class App\Services\Api\Traits\ripcord.                   
         🪪  class.notFound                                                                                    
         💡  Learn more at https://phpstan.org/user-guide/discovering-symbols                                  
  61     Call to an undefined method Ripcord_Client::execute_kw().                                             
         🪪  method.notFound                                                                                   
  98     Call to an undefined method Ripcord_Client::execute_kw().                                             
         🪪  method.notFound                                                                                   
  99     Call to an undefined method Ripcord_Client::execute_kw().                                             
         🪪  method.notFound                                                                                   
 ------ ------------------------------------------------------------------------------------------------------ 

 ------ ------------------------------------------------------------------------------------------ 
  Line   app/Services/Api/Traits/AuthTrait.php (in context of class App\Services\Api\OdooPayment)  
 ------ ------------------------------------------------------------------------------------------ 
  35     Call to static method client() on an unknown class App\Services\Api\Traits\ripcord.       
         🪪  class.notFound                                                                        
         💡  Learn more at https://phpstan.org/user-guide/discovering-symbols                      
  55     Call to static method client() on an unknown class App\Services\Api\Traits\ripcord.       
         🪪  class.notFound                                                                        
         💡  Learn more at https://phpstan.org/user-guide/discovering-symbols                      
  61     Call to an undefined method Ripcord_Client::execute_kw().                                 
         🪪  method.notFound                                                                       
  98     Call to an undefined method Ripcord_Client::execute_kw().                                 
         🪪  method.notFound                                                                       
  99     Call to an undefined method Ripcord_Client::execute_kw().                                 
         🪪  method.notFound                                                                       
 ------ ------------------------------------------------------------------------------------------ 

 ------ ------------------------------------------------------------------------------------------ 
  Line   app/Services/Api/Traits/AuthTrait.php (in context of class App\Services\Api\OdooService)  
 ------ ------------------------------------------------------------------------------------------ 
  35     Call to static method client() on an unknown class App\Services\Api\Traits\ripcord.       
         🪪  class.notFound                                                                        
         💡  Learn more at https://phpstan.org/user-guide/discovering-symbols                      
  55     Call to static method client() on an unknown class App\Services\Api\Traits\ripcord.       
         🪪  class.notFound                                                                        
         💡  Learn more at https://phpstan.org/user-guide/discovering-symbols                      
  98     Call to an undefined method Ripcord_Client::execute_kw().                                 
         🪪  method.notFound                                                                       
  99     Call to an undefined method Ripcord_Client::execute_kw().                                 
         🪪  method.notFound                                                                       
 ------ ------------------------------------------------------------------------------------------ 

 ------ -------------------------------------------------------------------------------------------------------------------- 
  Line   app/Services/Api/Traits/AuthTrait.php (in context of class App\Services\Api\TimeOrCertificateOfDepositOdooService)  
 ------ -------------------------------------------------------------------------------------------------------------------- 
  35     Call to static method client() on an unknown class App\Services\Api\Traits\ripcord.                                 
         🪪  class.notFound                                                                                                  
         💡  Learn more at https://phpstan.org/user-guide/discovering-symbols                                                
  55     Call to static method client() on an unknown class App\Services\Api\Traits\ripcord.                                 
         🪪  class.notFound                                                                                                  
         💡  Learn more at https://phpstan.org/user-guide/discovering-symbols                                                
  61     Call to an undefined method Ripcord_Client::execute_kw().                                                           
         🪪  method.notFound                                                                                                 
  98     Call to an undefined method Ripcord_Client::execute_kw().                                                           
         🪪  method.notFound                                                                                                 
  99     Call to an undefined method Ripcord_Client::execute_kw().                                                           
         🪪  method.notFound                                                                                                 
 ------ -------------------------------------------------------------------------------------------------------------------- 

 ------ --------------------------------------------------------------------------------------------------------------------------------------------------- 
  Line   app/Services/Api/Traits/HasJournalEntry.php (in context of class App\Services\Api\LetterOfGuaranteeService)                                        
 ------ --------------------------------------------------------------------------------------------------------------------------------------------------- 
  43     Call to function is_numeric() with float|int|numeric-string will always evaluate to true.                                                          
         🪪  function.alreadyNarrowedType                                                                                                                   
  59     PHPDoc tag @var for variable $this has invalid type App\Services\Api\Traits\HasJournalEntry.                                                       
         🪪  varTag.trait                                                                                                                                   
  59     PHPDoc tag @var with type App\Services\Api\Traits\HasJournalEntry is not subtype of native type $this(App\Services\Api\LetterOfGuaranteeService).  
         🪪  varTag.nativeType                                                                                                                              
 ------ --------------------------------------------------------------------------------------------------------------------------------------------------- 

 ------ ----------------------------------------------------------------------------------------------------- 
  Line   app/Services/Api/Traits/HasPayment.php (in context of class App\Services\Api\InternalMoneyTransfer)  
 ------ ----------------------------------------------------------------------------------------------------- 
  42     Call to an undefined method Ripcord_Client::execute_kw().                                            
         🪪  method.notFound                                                                                  
  70     Call to an undefined method Ripcord_Client::execute_kw().                                            
         🪪  method.notFound                                                                                  
 ------ ----------------------------------------------------------------------------------------------------- 

 ------ -------------------------------------------------------------------------------------------------------- 
  Line   app/Services/Api/Traits/HasPayment.php (in context of class App\Services\Api\LetterOfGuaranteeService)  
 ------ -------------------------------------------------------------------------------------------------------- 
  42     Call to an undefined method Ripcord_Client::execute_kw().                                               
         🪪  method.notFound                                                                                     
  70     Call to an undefined method Ripcord_Client::execute_kw().                                               
         🪪  method.notFound                                                                                     
 ------ -------------------------------------------------------------------------------------------------------- 

 ------ ------------------------------------------------------------------------------------------- 
  Line   app/Services/Api/Traits/HasPayment.php (in context of class App\Services\Api\OdooPayment)  
 ------ ------------------------------------------------------------------------------------------- 
  42     Call to an undefined method Ripcord_Client::execute_kw().                                  
         🪪  method.notFound                                                                        
  70     Call to an undefined method Ripcord_Client::execute_kw().                                  
         🪪  method.notFound                                                                        
 ------ ------------------------------------------------------------------------------------------- 

 ------ ------------------------------------------------------------------------------------------ 
  Line   app/Services/Api/Traits/HasUnlink.php (in context of class App\Services\Api\OdooService)  
 ------ ------------------------------------------------------------------------------------------ 
  8      Call to an undefined method Ripcord_Client::execute_kw().                                 
         🪪  method.notFound                                                                       
 ------ ------------------------------------------------------------------------------------------ 

 ------ ---------------------------------------------------------------- 
  Line   app/Services/Caching/CustomerDashboardCashing.php               
 ------ ---------------------------------------------------------------- 
  107    Binary operation "-" between string and 1 results in an error.  
         🪪  binaryOp.invalid                                            
  136    Binary operation "-" between string and 1 results in an error.  
         🪪  binaryOp.invalid                                            
  137    Binary operation "-" between string and 2 results in an error.  
         🪪  binaryOp.invalid                                            
  165    Binary operation "-" between string and 1 results in an error.  
         🪪  binaryOp.invalid                                            
  166    Binary operation "-" between string and 2 results in an error.  
         🪪  binaryOp.invalid                                            
  208    Binary operation "-" between string and 1 results in an error.  
         🪪  binaryOp.invalid                                            
  209    Binary operation "-" between string and 2 results in an error.  
         🪪  binaryOp.invalid                                            
  210    Binary operation "-" between string and 3 results in an error.  
         🪪  binaryOp.invalid                                            
  251    Binary operation "-" between string and 1 results in an error.  
         🪪  binaryOp.invalid                                            
  256    Binary operation "-" between string and 1 results in an error.  
         🪪  binaryOp.invalid                                            
  278    Binary operation "-" between string and 2 results in an error.  
         🪪  binaryOp.invalid                                            
  284    Binary operation "-" between string and 1 results in an error.  
         🪪  binaryOp.invalid                                            
  285    Binary operation "-" between string and 2 results in an error.  
         🪪  binaryOp.invalid                                            
 ------ ---------------------------------------------------------------- 

 ------ ------------------------------------------------------------------------------------------- 
  Line   app/Services/Caching/CustomerNatureCashing.php                                             
 ------ ------------------------------------------------------------------------------------------- 
  97     Binary operation "-" between string and 1 results in an error.                             
         🪪  binaryOp.invalid                                                                       
  137    Binary operation "-" between string and 1 results in an error.                             
         🪪  binaryOp.invalid                                                                       
  138    Binary operation "-" between string and 2 results in an error.                             
         🪪  binaryOp.invalid                                                                       
  180    Binary operation "-" between string and 1 results in an error.                             
         🪪  binaryOp.invalid                                                                       
  181    Binary operation "-" between string and 2 results in an error.                             
         🪪  binaryOp.invalid                                                                       
  264    Binary operation "-" between string and 1 results in an error.                             
         🪪  binaryOp.invalid                                                                       
  265    Binary operation "-" between string and 2 results in an error.                             
         🪪  binaryOp.invalid                                                                       
  266    Binary operation "-" between string and 3 results in an error.                             
         🪪  binaryOp.invalid                                                                       
  342    Binary operation "-" between string and 1 results in an error.                             
         🪪  binaryOp.invalid                                                                       
  347    Binary operation "-" between string and 1 results in an error.                             
         🪪  binaryOp.invalid                                                                       
  382    Binary operation "-" between string and 2 results in an error.                             
         🪪  binaryOp.invalid                                                                       
  388    Binary operation "-" between string and 1 results in an error.                             
         🪪  binaryOp.invalid                                                                       
  389    Binary operation "-" between string and 2 results in an error.                             
         🪪  binaryOp.invalid                                                                       
  440    Call to function array_key_exists() with mixed and array{} will always evaluate to false.  
         🪪  function.impossibleType                                                                
  447    Variable $newDeadForTypes might not be defined.                                            
         🪪  variable.undefined                                                                     
 ------ ------------------------------------------------------------------------------------------- 

 ------ --------------------------------------------------------------------------------------- 
  Line   app/Services/ContractService.php                                                       
 ------ --------------------------------------------------------------------------------------- 
  140    Access to an undefined property App\Models\PropertyManagement\Contract::$tenant_name.  
         🪪  property.notFound                                                                  
         💡  Learn more: https://phpstan.org/blog/solving-phpstan-access-to-undefined-property  
  141    Access to an undefined property App\Models\PropertyManagement\Contract::$tenant_type.  
         🪪  property.notFound                                                                  
         💡  Learn more: https://phpstan.org/blog/solving-phpstan-access-to-undefined-property  
 ------ --------------------------------------------------------------------------------------- 

 ------ ---------------------------------------------- 
  Line   app/Services/IntervalSummationOperations.php  
 ------ ---------------------------------------------- 
  54     Right side of || is always true.              
         🪪  booleanOr.rightAlwaysTrue                 
 ------ ---------------------------------------------- 

 ------ -------------------------------------------------------------------------------------------------------------------------------------------------- 
  Line   app/Services/PropertyService.php                                                                                                                  
 ------ -------------------------------------------------------------------------------------------------------------------------------------------------- 
  17     Constant App\Services\PropertyService::TYPE_UNIT is unused.                                                                                       
         🪪  classConstant.unused                                                                                                                          
         💡  See: https://phpstan.org/developing-extensions/always-used-class-constants                                                                    
  18     Constant App\Services\PropertyService::TYPE_LAND is unused.                                                                                       
         🪪  classConstant.unused                                                                                                                          
         💡  See: https://phpstan.org/developing-extensions/always-used-class-constants                                                                    
  19     Constant App\Services\PropertyService::TYPE_COMPLEX is unused.                                                                                    
         🪪  classConstant.unused                                                                                                                          
         💡  See: https://phpstan.org/developing-extensions/always-used-class-constants                                                                    
  20     Constant App\Services\PropertyService::TYPE_BUILDING is unused.                                                                                   
         🪪  classConstant.unused                                                                                                                          
         💡  See: https://phpstan.org/developing-extensions/always-used-class-constants                                                                    
  41     PHPDoc tag @param for parameter $request with type Illuminate\Http\Request is not subtype of native type App\Http\Requests\StorePropertyRequest.  
         🪪  parameter.phpDocType                                                                                                                          
  76     Method Illuminate\Database\Eloquent\Model::refresh() invoked with 1 parameter, 0 required.                                                        
         🪪  arguments.count                                                                                                                               
 ------ -------------------------------------------------------------------------------------------------------------------------------------------------- 

 ------ --------------------------------------------------------------------------------------------------------------------------------------------- 
  Line   app/Services/VatCalculation.php                                                                                                              
 ------ --------------------------------------------------------------------------------------------------------------------------------------------- 
  92     Variable $balance on left side of ?? always exists and is not nullable.                                                                      
         🪪  nullCoalesce.variable                                                                                                                    
  110    Negated boolean expression is always true.                                                                                                   
         🪪  booleanNot.alwaysTrue                                                                                                                    
         💡  Because the type is coming from a PHPDoc, you can turn off this check by setting treatPhpDocTypesAsCertain: false in your phpstan.neon.  
  130    Variable $beginning_balance on left side of ?? always exists and is not nullable.                                                            
         🪪  nullCoalesce.variable                                                                                                                    
 ------ --------------------------------------------------------------------------------------------------------------------------------------------- 

 ------ ------------------------------------------------------------------------------------------------------------------------ 
  Line   app/Traits/HasBankStatement.php (in context of class App\Models\CleanOverdraft)                                         
 ------ ------------------------------------------------------------------------------------------------------------------------ 
  13     Instanceof between App\Models\CleanOverdraft and App\Models\FinancialInstitutionAccount will always evaluate to false.  
         🪪  instanceof.alwaysFalse                                                                                              
  14     Ternary operator condition is always false.                                                                             
         🪪  ternary.alwaysFalse                                                                                                 
  32     Instanceof between App\Models\CleanOverdraft and App\Models\FinancialInstitutionAccount will always evaluate to false.  
         🪪  instanceof.alwaysFalse                                                                                              
  67     If condition is always false.                                                                                           
         🪪  if.alwaysFalse                                                                                                      
 ------ ------------------------------------------------------------------------------------------------------------------------ 

 ------ ------------------------------------------------------------------------------------------------------------------------------------ 
  Line   app/Traits/HasBankStatement.php (in context of class App\Models\FinancialInstitutionAccount)                                        
 ------ ------------------------------------------------------------------------------------------------------------------------------------ 
  13     Instanceof between App\Models\FinancialInstitutionAccount and App\Models\FinancialInstitutionAccount will always evaluate to true.  
         🪪  instanceof.alwaysTrue                                                                                                           
  14     Ternary operator condition is always true.                                                                                          
         🪪  ternary.alwaysTrue                                                                                                              
  32     Instanceof between App\Models\FinancialInstitutionAccount and App\Models\FinancialInstitutionAccount will always evaluate to true.  
         🪪  instanceof.alwaysTrue                                                                                                           
  61     Access to an undefined property App\Models\FinancialInstitutionAccount::$limit.                                                     
         🪪  property.notFound                                                                                                               
         💡  Learn more: https://phpstan.org/blog/solving-phpstan-access-to-undefined-property                                               
  67     If condition is always true.                                                                                                        
         🪪  if.alwaysTrue                                                                                                                   
 ------ ------------------------------------------------------------------------------------------------------------------------------------ 

 ------ ------------------------------------------------------------------------------------------------------------------------------- 
  Line   app/Traits/HasBankStatement.php (in context of class App\Models\FullySecuredOverdraft)                                         
 ------ ------------------------------------------------------------------------------------------------------------------------------- 
  13     Instanceof between App\Models\FullySecuredOverdraft and App\Models\FinancialInstitutionAccount will always evaluate to false.  
         🪪  instanceof.alwaysFalse                                                                                                     
  14     Ternary operator condition is always false.                                                                                    
         🪪  ternary.alwaysFalse                                                                                                        
  32     Instanceof between App\Models\FullySecuredOverdraft and App\Models\FinancialInstitutionAccount will always evaluate to false.  
         🪪  instanceof.alwaysFalse                                                                                                     
  67     If condition is always false.                                                                                                  
         🪪  if.alwaysFalse                                                                                                             
 ------ ------------------------------------------------------------------------------------------------------------------------------- 

 ------ ---------------------------------------------------------------------------------------------------------------------------------------------- 
  Line   app/Traits/HasBankStatement.php (in context of class App\Models\OverdraftAgainstAssignmentOfContract)                                         
 ------ ---------------------------------------------------------------------------------------------------------------------------------------------- 
  13     Instanceof between App\Models\OverdraftAgainstAssignmentOfContract and App\Models\FinancialInstitutionAccount will always evaluate to false.  
         🪪  instanceof.alwaysFalse                                                                                                                    
  14     Ternary operator condition is always false.                                                                                                   
         🪪  ternary.alwaysFalse                                                                                                                       
  32     Instanceof between App\Models\OverdraftAgainstAssignmentOfContract and App\Models\FinancialInstitutionAccount will always evaluate to false.  
         🪪  instanceof.alwaysFalse                                                                                                                    
  67     If condition is always false.                                                                                                                 
         🪪  if.alwaysFalse                                                                                                                            
 ------ ---------------------------------------------------------------------------------------------------------------------------------------------- 

 ------ ----------------------------------------------------------------------------------------------------------------------------------------- 
  Line   app/Traits/HasBankStatement.php (in context of class App\Models\OverdraftAgainstCommercialPaper)                                         
 ------ ----------------------------------------------------------------------------------------------------------------------------------------- 
  13     Instanceof between App\Models\OverdraftAgainstCommercialPaper and App\Models\FinancialInstitutionAccount will always evaluate to false.  
         🪪  instanceof.alwaysFalse                                                                                                               
  14     Ternary operator condition is always false.                                                                                              
         🪪  ternary.alwaysFalse                                                                                                                  
  32     Instanceof between App\Models\OverdraftAgainstCommercialPaper and App\Models\FinancialInstitutionAccount will always evaluate to false.  
         🪪  instanceof.alwaysFalse                                                                                                               
  67     If condition is always false.                                                                                                            
         🪪  if.alwaysFalse                                                                                                                       
 ------ ----------------------------------------------------------------------------------------------------------------------------------------- 

 ------ --------------------------------------------------------------------------------------- 
  Line   app/Traits/HasBasicStoreRequest.php (in context of class App\Models\Company)           
 ------ --------------------------------------------------------------------------------------- 
  47     Access to an undefined property App\Models\Company::$company_id.                       
         🪪  property.notFound                                                                  
         💡  Learn more: https://phpstan.org/blog/solving-phpstan-access-to-undefined-property  
 ------ --------------------------------------------------------------------------------------- 

 ------ --------------------------------------------------------------------------------------------------------------------------------------------- 
  Line   app/Traits/HasDepositAccount.php (in context of class App\Models\CertificatesOfDeposit)                                                      
 ------ --------------------------------------------------------------------------------------------------------------------------------------------- 
  50     PHPDoc tag @var with type App\Models\TimeOfDeposit is not subtype of native type $this(App\Models\CertificatesOfDeposit).                    
         🪪  varTag.nativeType                                                                                                                        
  66     PHPDoc tag @var with type App\Models\TimeOfDeposit is not subtype of native type $this(App\Models\CertificatesOfDeposit).                    
         🪪  varTag.nativeType                                                                                                                        
  75     Instanceof between App\Models\TimeOfDeposit and App\Models\TimeOfDeposit will always evaluate to true.                                       
         🪪  instanceof.alwaysTrue                                                                                                                    
         💡  Because the type is coming from a PHPDoc, you can turn off this check by setting treatPhpDocTypesAsCertain: false in your phpstan.neon.  
  92     Instanceof between App\Models\TimeOfDeposit and App\Models\TimeOfDeposit will always evaluate to true.                                       
         🪪  instanceof.alwaysTrue                                                                                                                    
  94     Instanceof between App\Models\TimeOfDeposit and App\Models\TimeOfDeposit will always evaluate to true.                                       
         🪪  instanceof.alwaysTrue                                                                                                                    
 ------ --------------------------------------------------------------------------------------------------------------------------------------------- 

 ------ --------------------------------------------------------------------------------------------------------------------------------------------- 
  Line   app/Traits/HasDepositAccount.php (in context of class App\Models\TimeOfDeposit)                                                              
 ------ --------------------------------------------------------------------------------------------------------------------------------------------- 
  50     PHPDoc tag @var with type App\Models\TimeOfDeposit is not subtype of native type $this(App\Models\TimeOfDeposit).                            
         🪪  varTag.nativeType                                                                                                                        
  66     PHPDoc tag @var with type App\Models\TimeOfDeposit is not subtype of native type $this(App\Models\TimeOfDeposit).                            
         🪪  varTag.nativeType                                                                                                                        
  75     Instanceof between App\Models\TimeOfDeposit and App\Models\TimeOfDeposit will always evaluate to true.                                       
         🪪  instanceof.alwaysTrue                                                                                                                    
         💡  Because the type is coming from a PHPDoc, you can turn off this check by setting treatPhpDocTypesAsCertain: false in your phpstan.neon.  
  92     Instanceof between App\Models\TimeOfDeposit and App\Models\TimeOfDeposit will always evaluate to true.                                       
         🪪  instanceof.alwaysTrue                                                                                                                    
         💡  Because the type is coming from a PHPDoc, you can turn off this check by setting treatPhpDocTypesAsCertain: false in your phpstan.neon.  
  94     Instanceof between App\Models\TimeOfDeposit and App\Models\TimeOfDeposit will always evaluate to true.                                       
         🪪  instanceof.alwaysTrue                                                                                                                    
         💡  Because the type is coming from a PHPDoc, you can turn off this check by setting treatPhpDocTypesAsCertain: false in your phpstan.neon.  
 ------ --------------------------------------------------------------------------------------------------------------------------------------------- 

 ------ ------------------------------------------------------------------------------- 
  Line   app/Traits/HasFixedAssetFunding.php                                            
 ------ ------------------------------------------------------------------------------- 
  5      Trait App\Traits\HasFixedAssetFunding is used zero times and is not analysed.  
         🪪  trait.unused                                                               
         💡  See: https://phpstan.org/blog/how-phpstan-analyses-traits                  
 ------ ------------------------------------------------------------------------------- 

 ------ ----------------------------------------------------------------------------------------- 
  Line   app/Traits/HasIndexedDates.php (in context of class App\Models\FinancialPlanning\Study)  
 ------ ----------------------------------------------------------------------------------------- 
  218    Binary operation "-" between string and string|null results in an error.                 
         🪪  binaryOp.invalid                                                                     
  236    Unreachable statement - code above always terminates.                                    
         🪪  deadCode.unreachable                                                                 
 ------ ----------------------------------------------------------------------------------------- 

 ------ ------------------------------------------------------------------------------------ 
  Line   app/Traits/HasIndexedDates.php (in context of class App\Models\FinancialStatement)  
 ------ ------------------------------------------------------------------------------------ 
  218    Binary operation "-" between string and string|null results in an error.            
         🪪  binaryOp.invalid                                                                
  236    Unreachable statement - code above always terminates.                               
         🪪  deadCode.unreachable                                                            
 ------ ------------------------------------------------------------------------------------ 

 ------ ---------------------------------------------------------------------------------------------------------------------- 
  Line   app/Traits/HasOutstandingBreakdown.php (in context of class App\Models\CleanOverdraft)                                
 ------ ---------------------------------------------------------------------------------------------------------------------- 
  37     Variable $bankStatement in PHPDoc tag @var does not match any variable in the foreach loop: $outstandingBreakdownArr  
         🪪  varTag.differentVariable                                                                                          
 ------ ---------------------------------------------------------------------------------------------------------------------- 

 ------ ---------------------------------------------------------------------------------------------------------------------- 
  Line   app/Traits/HasOutstandingBreakdown.php (in context of class App\Models\FullySecuredOverdraft)                         
 ------ ---------------------------------------------------------------------------------------------------------------------- 
  37     Variable $bankStatement in PHPDoc tag @var does not match any variable in the foreach loop: $outstandingBreakdownArr  
         🪪  varTag.differentVariable                                                                                          
 ------ ---------------------------------------------------------------------------------------------------------------------- 

 ------ ---------------------------------------------------------------------------------------------------------------------- 
  Line   app/Traits/HasOutstandingBreakdown.php (in context of class App\Models\OverdraftAgainstAssignmentOfContract)          
 ------ ---------------------------------------------------------------------------------------------------------------------- 
  37     Variable $bankStatement in PHPDoc tag @var does not match any variable in the foreach loop: $outstandingBreakdownArr  
         🪪  varTag.differentVariable                                                                                          
 ------ ---------------------------------------------------------------------------------------------------------------------- 

 ------ ---------------------------------------------------------------------------------------------------------------------- 
  Line   app/Traits/HasOutstandingBreakdown.php (in context of class App\Models\OverdraftAgainstCommercialPaper)               
 ------ ---------------------------------------------------------------------------------------------------------------------- 
  37     Variable $bankStatement in PHPDoc tag @var does not match any variable in the foreach loop: $outstandingBreakdownArr  
         🪪  varTag.differentVariable                                                                                          
 ------ ---------------------------------------------------------------------------------------------------------------------- 

 ------ ------------------------------------------------------------------------------------------------------------------------------------------------------------ 
  Line   app/Traits/HasPeriodicInterest.php (in context of class App\Models\CertificatesOfDeposit)                                                                   
 ------ ------------------------------------------------------------------------------------------------------------------------------------------------------------ 
  37     PHPDoc tag @var with type App\Models\CertificatesOfDeposit|App\Models\TimeOfDeposit is not subtype of native type $this(App\Models\CertificatesOfDeposit).  
         🪪  varTag.nativeType                                                                                                                                       
 ------ ------------------------------------------------------------------------------------------------------------------------------------------------------------ 

 ------ ---------------------------------------------------------------------------------------------------------------------------------------------------- 
  Line   app/Traits/HasPeriodicInterest.php (in context of class App\Models\TimeOfDeposit)                                                                   
 ------ ---------------------------------------------------------------------------------------------------------------------------------------------------- 
  37     PHPDoc tag @var with type App\Models\CertificatesOfDeposit|App\Models\TimeOfDeposit is not subtype of native type $this(App\Models\TimeOfDeposit).  
         🪪  varTag.nativeType                                                                                                                               
 ------ ---------------------------------------------------------------------------------------------------------------------------------------------------- 

 ------ -------------------------------------------------------------------------------------------------------------------------- 
  Line   app/Traits/Intervals.php (in context of class App\Http\Controllers\Analysis\SalesGathering\ExpenseAgainstAnalysisReport)  
 ------ -------------------------------------------------------------------------------------------------------------------------- 
  269    Deprecated in PHP 8.4: Parameter #5 $startDateMonth (string) is implicitly nullable via default value null.               
         🪪  parameter.implicitlyNullable                                                                                          
 ------ -------------------------------------------------------------------------------------------------------------------------- 

 ------ ----------------------------------------------------------------------------------------------------------- 
  Line   app/Traits/IsBankStatement.php (in context of class App\Models\OverdraftAgainstAssignmentOfContractLimit)  
 ------ ----------------------------------------------------------------------------------------------------------- 
  16     Access to an undefined property App\Models\OverdraftAgainstAssignmentOfContractLimit::$date.               
         🪪  property.notFound                                                                                      
         💡  Learn more: https://phpstan.org/blog/solving-phpstan-access-to-undefined-property                      
 ------ ----------------------------------------------------------------------------------------------------------- 

 ------ ------------------------------------------------------------------------------------------------------ 
  Line   app/Traits/IsBankStatement.php (in context of class App\Models\OverdraftAgainstCommercialPaperLimit)  
 ------ ------------------------------------------------------------------------------------------------------ 
  16     Access to an undefined property App\Models\OverdraftAgainstCommercialPaperLimit::$date.               
         🪪  property.notFound                                                                                 
         💡  Learn more: https://phpstan.org/blog/solving-phpstan-access-to-undefined-property                 
 ------ ------------------------------------------------------------------------------------------------------ 

 ------ --------------------------------------------------------------------------------------------------------------------------------------------- 
  Line   app/Traits/IsOverdraft.php (in context of class App\Models\CleanOverdraft)                                                                   
 ------ --------------------------------------------------------------------------------------------------------------------------------------------- 
  74     Access to an undefined property App\Models\CleanOverdraft::$max_lending_limit_per_customer.                                                  
         🪪  property.notFound                                                                                                                        
         💡  Learn more: https://phpstan.org/blog/solving-phpstan-access-to-undefined-property                                                        
  128    Call to function is_null() with Illuminate\Database\Eloquent\Collection<int, App\Models\CleanOverdraftRate> will always evaluate to false.   
         🪪  function.impossibleType                                                                                                                  
         💡  Because the type is coming from a PHPDoc, you can turn off this check by setting treatPhpDocTypesAsCertain: false in your phpstan.neon.  
  181    Call to an undefined method App\Models\CleanOverdraft::getSmallestLimitTableFullDate().                                                      
         🪪  method.notFound                                                                                                                          
  185    Call to an undefined static method App\Models\CleanOverdraft::getLimitTableClassName().                                                      
         🪪  staticMethod.notFound                                                                                                                    
 ------ --------------------------------------------------------------------------------------------------------------------------------------------- 

 ------ --------------------------------------------------------------------------------------------------------------------------------------------------- 
  Line   app/Traits/IsOverdraft.php (in context of class App\Models\FullySecuredOverdraft)                                                                  
 ------ --------------------------------------------------------------------------------------------------------------------------------------------------- 
  74     Access to an undefined property App\Models\FullySecuredOverdraft::$max_lending_limit_per_customer.                                                 
         🪪  property.notFound                                                                                                                              
         💡  Learn more: https://phpstan.org/blog/solving-phpstan-access-to-undefined-property                                                              
  128    Call to function is_null() with Illuminate\Database\Eloquent\Collection<int, App\Models\FullySecuredOverdraftRate> will always evaluate to false.  
         🪪  function.impossibleType                                                                                                                        
         💡  Because the type is coming from a PHPDoc, you can turn off this check by setting treatPhpDocTypesAsCertain: false in your phpstan.neon.        
  181    Call to an undefined method App\Models\FullySecuredOverdraft::getSmallestLimitTableFullDate().                                                     
         🪪  method.notFound                                                                                                                                
  185    Call to an undefined static method App\Models\FullySecuredOverdraft::getLimitTableClassName().                                                     
         🪪  staticMethod.notFound                                                                                                                          
 ------ --------------------------------------------------------------------------------------------------------------------------------------------------- 

 ------ ------------------------------------------------------------------------------------------------------------------------------------------------------------------ 
  Line   app/Traits/IsOverdraft.php (in context of class App\Models\OverdraftAgainstAssignmentOfContract)                                                                  
 ------ ------------------------------------------------------------------------------------------------------------------------------------------------------------------ 
  74     Access to an undefined property App\Models\OverdraftAgainstAssignmentOfContract::$max_lending_limit_per_customer.                                                 
         🪪  property.notFound                                                                                                                                             
         💡  Learn more: https://phpstan.org/blog/solving-phpstan-access-to-undefined-property                                                                             
  128    Call to function is_null() with Illuminate\Database\Eloquent\Collection<int, App\Models\OverdraftAgainstAssignmentOfContractRate> will always evaluate to false.  
         🪪  function.impossibleType                                                                                                                                       
         💡  Because the type is coming from a PHPDoc, you can turn off this check by setting treatPhpDocTypesAsCertain: false in your phpstan.neon.                       
  185    Call to an undefined static method App\Models\OverdraftAgainstAssignmentOfContract::getLimitTableClassName().                                                     
         🪪  staticMethod.notFound                                                                                                                                         
 ------ ------------------------------------------------------------------------------------------------------------------------------------------------------------------ 

 ------ ------------------------------------------------------------------------------------------------------------------------------------------------------------- 
  Line   app/Traits/IsOverdraft.php (in context of class App\Models\OverdraftAgainstCommercialPaper)                                                                  
 ------ ------------------------------------------------------------------------------------------------------------------------------------------------------------- 
  128    Call to function is_null() with Illuminate\Database\Eloquent\Collection<int, App\Models\OverdraftAgainstCommercialPaperRate> will always evaluate to false.  
         🪪  function.impossibleType                                                                                                                                  
         💡  Because the type is coming from a PHPDoc, you can turn off this check by setting treatPhpDocTypesAsCertain: false in your phpstan.neon.                  
 ------ ------------------------------------------------------------------------------------------------------------------------------------------------------------- 

 ------ ---------------------------------------------------------------------------------------------------------------- 
  Line   app/Traits/Models/HasCreditStatements.php (in context of class App\Models\CashExpense)                          
 ------ ---------------------------------------------------------------------------------------------------------------- 
  52     PHPDoc tag @var with type App\Models\MoneyPayment is not subtype of native type $this(App\Models\CashExpense).  
         🪪  varTag.nativeType                                                                                           
 ------ ---------------------------------------------------------------------------------------------------------------- 

 ------ -------------------------------------------------------------------------------------------------------------------------- 
  Line   app/Traits/Models/HasCreditStatements.php (in context of class App\Models\CertificatesOfDeposit)                          
 ------ -------------------------------------------------------------------------------------------------------------------------- 
  42     Call to an undefined method App\Models\CertificatesOfDeposit::isCashPayment().                                            
         🪪  method.notFound                                                                                                       
  52     PHPDoc tag @var with type App\Models\MoneyPayment is not subtype of native type $this(App\Models\CertificatesOfDeposit).  
         🪪  varTag.nativeType                                                                                                     
  78     Call to an undefined method App\Models\CertificatesOfDeposit::cleanOverdraftCreditBankStatement().                        
         🪪  method.notFound                                                                                                       
  94     Call to an undefined method App\Models\CertificatesOfDeposit::fullySecuredOverdraftCreditBankStatement().                 
         🪪  method.notFound                                                                                                       
  110    Call to an undefined method App\Models\CertificatesOfDeposit::overdraftAgainstCommercialPaperCreditBankStatement().       
         🪪  method.notFound                                                                                                       
  127    Call to an undefined method App\Models\CertificatesOfDeposit::overdraftAgainstAssignmentOfContractCreditBankStatement().  
         🪪  method.notFound                                                                                                       
 ------ -------------------------------------------------------------------------------------------------------------------------- 

 ------ --------------------------------------------------------------------------------------------------------------------------- 
  Line   app/Traits/Models/HasCreditStatements.php (in context of class App\Models\LoanScheduleSettlement)                          
 ------ --------------------------------------------------------------------------------------------------------------------------- 
  42     Call to an undefined method App\Models\LoanScheduleSettlement::isCashPayment().                                            
         🪪  method.notFound                                                                                                        
  52     PHPDoc tag @var with type App\Models\MoneyPayment is not subtype of native type $this(App\Models\LoanScheduleSettlement).  
         🪪  varTag.nativeType                                                                                                      
  78     Call to an undefined method App\Models\LoanScheduleSettlement::cleanOverdraftCreditBankStatement().                        
         🪪  method.notFound                                                                                                        
  94     Call to an undefined method App\Models\LoanScheduleSettlement::fullySecuredOverdraftCreditBankStatement().                 
         🪪  method.notFound                                                                                                        
  110    Call to an undefined method App\Models\LoanScheduleSettlement::overdraftAgainstCommercialPaperCreditBankStatement().       
         🪪  method.notFound                                                                                                        
  127    Call to an undefined method App\Models\LoanScheduleSettlement::overdraftAgainstAssignmentOfContractCreditBankStatement().  
         🪪  method.notFound                                                                                                        
 ------ --------------------------------------------------------------------------------------------------------------------------- 

 ------ ----------------------------------------------------------------------------------------------------------------- 
  Line   app/Traits/Models/HasCreditStatements.php (in context of class App\Models\MoneyPayment)                          
 ------ ----------------------------------------------------------------------------------------------------------------- 
  52     PHPDoc tag @var with type App\Models\MoneyPayment is not subtype of native type $this(App\Models\MoneyPayment).  
         🪪  varTag.nativeType                                                                                            
 ------ ----------------------------------------------------------------------------------------------------------------- 

 ------ ------------------------------------------------------------------------------------------------------------------ 
  Line   app/Traits/Models/HasCreditStatements.php (in context of class App\Models\MoneyReceived)                          
 ------ ------------------------------------------------------------------------------------------------------------------ 
  42     Call to an undefined method App\Models\MoneyReceived::isCashPayment().                                            
         🪪  method.notFound                                                                                               
  52     PHPDoc tag @var with type App\Models\MoneyPayment is not subtype of native type $this(App\Models\MoneyReceived).  
         🪪  varTag.nativeType                                                                                             
 ------ ------------------------------------------------------------------------------------------------------------------ 

 ------ ------------------------------------------------------------------------------------------------------------------ 
  Line   app/Traits/Models/HasCreditStatements.php (in context of class App\Models\TimeOfDeposit)                          
 ------ ------------------------------------------------------------------------------------------------------------------ 
  42     Call to an undefined method App\Models\TimeOfDeposit::isCashPayment().                                            
         🪪  method.notFound                                                                                               
  52     PHPDoc tag @var with type App\Models\MoneyPayment is not subtype of native type $this(App\Models\TimeOfDeposit).  
         🪪  varTag.nativeType                                                                                             
  78     Call to an undefined method App\Models\TimeOfDeposit::cleanOverdraftCreditBankStatement().                        
         🪪  method.notFound                                                                                               
  94     Call to an undefined method App\Models\TimeOfDeposit::fullySecuredOverdraftCreditBankStatement().                 
         🪪  method.notFound                                                                                               
  110    Call to an undefined method App\Models\TimeOfDeposit::overdraftAgainstCommercialPaperCreditBankStatement().       
         🪪  method.notFound                                                                                               
  127    Call to an undefined method App\Models\TimeOfDeposit::overdraftAgainstAssignmentOfContractCreditBankStatement().  
         🪪  method.notFound                                                                                               
 ------ ------------------------------------------------------------------------------------------------------------------ 

 ------ ------------------------------------------------------------------------------------------------------------------------- 
  Line   app/Traits/Models/HasDebitStatements.php (in context of class App\Models\CertificatesOfDeposit)                          
 ------ ------------------------------------------------------------------------------------------------------------------------- 
  40     Call to an undefined method App\Models\CertificatesOfDeposit::isCashInSafe().                                            
         🪪  method.notFound                                                                                                      
  47     Call to an undefined method App\Models\CertificatesOfDeposit::cleanOverdraftDebitBankStatement().                        
         🪪  method.notFound                                                                                                      
  60     Call to an undefined method App\Models\CertificatesOfDeposit::fullySecuredOverdraftDebitBankStatement().                 
         🪪  method.notFound                                                                                                      
  74     Call to an undefined method App\Models\CertificatesOfDeposit::overdraftAgainstCommercialPaperDebitBankStatement().       
         🪪  method.notFound                                                                                                      
  89     Call to an undefined method App\Models\CertificatesOfDeposit::overdraftAgainstAssignmentOfContractDebitBankStatement().  
         🪪  method.notFound                                                                                                      
  103    Call to an undefined method App\Models\CertificatesOfDeposit::cashInSafeDebitStatement().                                
         🪪  method.notFound                                                                                                      
 ------ ------------------------------------------------------------------------------------------------------------------------- 

 ------ ----------------------------------------------------------------------------------------------------------------- 
  Line   app/Traits/Models/HasDebitStatements.php (in context of class App\Models\TimeOfDeposit)                          
 ------ ----------------------------------------------------------------------------------------------------------------- 
  40     Call to an undefined method App\Models\TimeOfDeposit::isCashInSafe().                                            
         🪪  method.notFound                                                                                              
  47     Call to an undefined method App\Models\TimeOfDeposit::cleanOverdraftDebitBankStatement().                        
         🪪  method.notFound                                                                                              
  60     Call to an undefined method App\Models\TimeOfDeposit::fullySecuredOverdraftDebitBankStatement().                 
         🪪  method.notFound                                                                                              
  74     Call to an undefined method App\Models\TimeOfDeposit::overdraftAgainstCommercialPaperDebitBankStatement().       
         🪪  method.notFound                                                                                              
  89     Call to an undefined method App\Models\TimeOfDeposit::overdraftAgainstAssignmentOfContractDebitBankStatement().  
         🪪  method.notFound                                                                                              
  103    Call to an undefined method App\Models\TimeOfDeposit::cashInSafeDebitStatement().                                
         🪪  method.notFound                                                                                              
 ------ ----------------------------------------------------------------------------------------------------------------- 

 ------ ------------------------------------------------------------------------------------------------- 
  Line   app/Traits/Models/HasForeignExchangeGainOrLoss.php (in context of class App\Models\CashExpense)  
 ------ ------------------------------------------------------------------------------------------------- 
  27     Call to an undefined method App\Models\CashExpense::getInvoiceCurrency().                        
         🪪  method.notFound                                                                              
  28     Call to an undefined method App\Models\CashExpense::getReceivingOrPaymentCurrency().             
         🪪  method.notFound                                                                              
 ------ ------------------------------------------------------------------------------------------------- 

 ------ -------------------------------------------------------------------------------------------------------------------- 
  Line   app/Traits/Models/HasLetterOfCreditCashCoverStatements.php (in context of class App\Models\LetterOfCreditFacility)  
 ------ -------------------------------------------------------------------------------------------------------------------- 
  41     Call to an undefined method App\Models\LetterOfCreditFacility::currentAccountDebitBankStatement().                  
         🪪  method.notFound                                                                                                 
  53     Call to an undefined method App\Models\LetterOfCreditFacility::currentAccountCreditBankStatement().                 
         🪪  method.notFound                                                                                                 
 ------ -------------------------------------------------------------------------------------------------------------------- 

 ------ ------------------------------------------------------------------------------------------------------------------ 
  Line   app/Traits/Models/HasLetterOfGuaranteeCashCoverStatements.php (in context of class App\Models\LcIssuanceExpense)  
 ------ ------------------------------------------------------------------------------------------------------------------ 
  34     Call to an undefined method App\Models\LcIssuanceExpense::letterOfGuaranteeCashCoverStatements().                 
         🪪  method.notFound                                                                                               
  41     Call to an undefined method App\Models\LcIssuanceExpense::currentAccountDebitBankStatement().                     
         🪪  method.notFound                                                                                               
 ------ ------------------------------------------------------------------------------------------------------------------ 

 ------ -------------------------------------------------------------------------------------------------------------------------- 
  Line   app/Traits/Models/HasLetterOfGuaranteeCashCoverStatements.php (in context of class App\Models\LetterOfGuaranteeFacility)  
 ------ -------------------------------------------------------------------------------------------------------------------------- 
  41     Call to an undefined method App\Models\LetterOfGuaranteeFacility::currentAccountDebitBankStatement().                     
         🪪  method.notFound                                                                                                       
  55     Call to an undefined method App\Models\LetterOfGuaranteeFacility::currentAccountCreditBankStatement().                    
         🪪  method.notFound                                                                                                       
 ------ -------------------------------------------------------------------------------------------------------------------------- 

 ------ --------------------------------------------------------------------------------------------------------- 
  Line   app/Traits/Models/HasLetterOfGuaranteeStatements.php (in context of class App\Models\LcIssuanceExpense)  
 ------ --------------------------------------------------------------------------------------------------------- 
  37     Call to an undefined method App\Models\LcIssuanceExpense::letterOfGuaranteeStatements().                 
         🪪  method.notFound                                                                                      
 ------ --------------------------------------------------------------------------------------------------------- 

 ------ --------------------------------------------------------------------------------------------- 
  Line   app/Traits/Models/HasNonCustomerOrSupplier.php (in context of class App\Models\CashExpense)  
 ------ --------------------------------------------------------------------------------------------- 
  27     Call to an undefined method App\Models\CashExpense::getDownPaymentAmount().                  
         🪪  method.notFound                                                                          
  28     Call to an undefined method App\Models\CashExpense::getReceivingOrPaymentCurrency().         
         🪪  method.notFound                                                                          
  33     Call to an undefined method App\Models\CashExpense::isOverContractDownPayment().             
         🪪  method.notFound                                                                          
 ------ --------------------------------------------------------------------------------------------- 

 ------ ---------------------------------------------------------------------------------------------- 
  Line   app/Traits/Models/HasNonCustomerOrSupplier.php (in context of class App\Models\MoneyPayment)  
 ------ ---------------------------------------------------------------------------------------------- 
  21     Call to an undefined method App\Models\MoneyPayment::isChequeAndNotCustomerOrSupplier().      
         🪪  method.notFound                                                                           
 ------ ---------------------------------------------------------------------------------------------- 

 ------ ----------------------------------------------------------------------------------------------- 
  Line   app/Traits/Models/HasNonCustomerOrSupplier.php (in context of class App\Models\MoneyReceived)  
 ------ ----------------------------------------------------------------------------------------------- 
  21     Call to an undefined method App\Models\MoneyReceived::isChequeAndNotCustomerOrSupplier().      
         🪪  method.notFound                                                                            
 ------ ----------------------------------------------------------------------------------------------- 

 ------ --------------------------------------------------------------------------------------------------------------- 
  Line   app/Traits/Models/HasOdooMoneyTransfer.php (in context of class App\Models\BuyOrSellCurrency)                  
 ------ --------------------------------------------------------------------------------------------------------------- 
  41     Access to an undefined property App\Models\BuyOrSellCurrency::$outbound_break_journal_entry_id.                
         🪪  property.notFound                                                                                          
         💡  Learn more: https://phpstan.org/blog/solving-phpstan-access-to-undefined-property                          
  45     Access to an undefined property App\Models\BuyOrSellCurrency::$outbound_break_account_bank_statement_odoo_id.  
         🪪  property.notFound                                                                                          
         💡  Learn more: https://phpstan.org/blog/solving-phpstan-access-to-undefined-property                          
  47     Access to an undefined property App\Models\BuyOrSellCurrency::$outbound_break_odoo_reference.                  
         🪪  property.notFound                                                                                          
         💡  Learn more: https://phpstan.org/blog/solving-phpstan-access-to-undefined-property                          
  55     Access to an undefined property App\Models\BuyOrSellCurrency::$inbound_break_journal_entry_id.                 
         🪪  property.notFound                                                                                          
         💡  Learn more: https://phpstan.org/blog/solving-phpstan-access-to-undefined-property                          
  59     Access to an undefined property App\Models\BuyOrSellCurrency::$inbound_break_account_bank_statement_odoo_id.   
         🪪  property.notFound                                                                                          
         💡  Learn more: https://phpstan.org/blog/solving-phpstan-access-to-undefined-property                          
  61     Access to an undefined property App\Models\BuyOrSellCurrency::$inbound_break_odoo_reference.                   
         🪪  property.notFound                                                                                          
         💡  Learn more: https://phpstan.org/blog/solving-phpstan-access-to-undefined-property                          
  82     Access to an undefined property App\Models\BuyOrSellCurrency::$inbound_break_journal_entry_id.                 
         🪪  property.notFound                                                                                          
         💡  Learn more: https://phpstan.org/blog/solving-phpstan-access-to-undefined-property                          
  82     Access to an undefined property App\Models\BuyOrSellCurrency::$store_break_journal_entry_id.                   
         🪪  property.notFound                                                                                          
         💡  Learn more: https://phpstan.org/blog/solving-phpstan-access-to-undefined-property                          
 ------ --------------------------------------------------------------------------------------------------------------- 

 ------ ------------------------------------------------------------------------------------------------------------------- 
  Line   app/Traits/Models/HasOdooMoneyTransfer.php (in context of class App\Models\CertificatesOfDeposit)                  
 ------ ------------------------------------------------------------------------------------------------------------------- 
  45     Access to an undefined property App\Models\CertificatesOfDeposit::$outbound_account_bank_statement_odoo_id.        
         🪪  property.notFound                                                                                              
         💡  Learn more: https://phpstan.org/blog/solving-phpstan-access-to-undefined-property                              
  45     Access to an undefined property App\Models\CertificatesOfDeposit::$outbound_break_account_bank_statement_odoo_id.  
         🪪  property.notFound                                                                                              
         💡  Learn more: https://phpstan.org/blog/solving-phpstan-access-to-undefined-property                              
  47     Access to an undefined property App\Models\CertificatesOfDeposit::$outbound_break_odoo_reference.                  
         🪪  property.notFound                                                                                              
         💡  Learn more: https://phpstan.org/blog/solving-phpstan-access-to-undefined-property                              
  47     Access to an undefined property App\Models\CertificatesOfDeposit::$outbound_odoo_reference.                        
         🪪  property.notFound                                                                                              
         💡  Learn more: https://phpstan.org/blog/solving-phpstan-access-to-undefined-property                              
  51     Access to an undefined property App\Models\CertificatesOfDeposit::$synced_with_odoo.                               
         🪪  property.notFound                                                                                              
         💡  Learn more: https://phpstan.org/blog/solving-phpstan-access-to-undefined-property                              
  52     Access to an undefined property App\Models\CertificatesOfDeposit::$odoo_error_message.                             
         🪪  property.notFound                                                                                              
         💡  Learn more: https://phpstan.org/blog/solving-phpstan-access-to-undefined-property                              
  59     Access to an undefined property App\Models\CertificatesOfDeposit::$inbound_account_bank_statement_odoo_id.         
         🪪  property.notFound                                                                                              
         💡  Learn more: https://phpstan.org/blog/solving-phpstan-access-to-undefined-property                              
  59     Access to an undefined property App\Models\CertificatesOfDeposit::$inbound_break_account_bank_statement_odoo_id.   
         🪪  property.notFound                                                                                              
         💡  Learn more: https://phpstan.org/blog/solving-phpstan-access-to-undefined-property                              
  61     Access to an undefined property App\Models\CertificatesOfDeposit::$inbound_odoo_reference.                         
         🪪  property.notFound                                                                                              
         💡  Learn more: https://phpstan.org/blog/solving-phpstan-access-to-undefined-property                              
  98     Call to an undefined method App\Models\CertificatesOfDeposit::getTransferDate().                                   
         🪪  method.notFound                                                                                                
  100    Access to an undefined property App\Models\CertificatesOfDeposit::$from_account_type_id.                           
         🪪  property.notFound                                                                                              
         💡  Learn more: https://phpstan.org/blog/solving-phpstan-access-to-undefined-property                              
  101    Access to an undefined property App\Models\CertificatesOfDeposit::$from_account_number.                            
         🪪  property.notFound                                                                                              
         💡  Learn more: https://phpstan.org/blog/solving-phpstan-access-to-undefined-property                              
  102    Access to an undefined property App\Models\CertificatesOfDeposit::$to_account_type_id.                             
         🪪  property.notFound                                                                                              
         💡  Learn more: https://phpstan.org/blog/solving-phpstan-access-to-undefined-property                              
  103    Access to an undefined property App\Models\CertificatesOfDeposit::$to_account_number.                              
         🪪  property.notFound                                                                                              
         💡  Learn more: https://phpstan.org/blog/solving-phpstan-access-to-undefined-property                              
  104    Call to an undefined method App\Models\CertificatesOfDeposit::getUserComment().                                    
         🪪  method.notFound                                                                                                
  107    Call to an undefined method App\Models\CertificatesOfDeposit::getAmountInCurrency().                               
         🪪  method.notFound                                                                                                
  111    Access to an undefined property App\Models\CertificatesOfDeposit::$from_branch_id.                                 
         🪪  property.notFound                                                                                              
         💡  Learn more: https://phpstan.org/blog/solving-phpstan-access-to-undefined-property                              
  112    Access to an undefined property App\Models\CertificatesOfDeposit::$to_branch_id.                                   
         🪪  property.notFound                                                                                              
         💡  Learn more: https://phpstan.org/blog/solving-phpstan-access-to-undefined-property                              
  114    Access to an undefined property App\Models\CertificatesOfDeposit::$from_bank_id.                                   
         🪪  property.notFound                                                                                              
         💡  Learn more: https://phpstan.org/blog/solving-phpstan-access-to-undefined-property                              
  115    Access to an undefined property App\Models\CertificatesOfDeposit::$to_bank_id.                                     
         🪪  property.notFound                                                                                              
         💡  Learn more: https://phpstan.org/blog/solving-phpstan-access-to-undefined-property                              
 ------ ------------------------------------------------------------------------------------------------------------------- 

 ------ ------------------------------------------------------------------------------------------------------------------- 
  Line   app/Traits/Models/HasOdooMoneyTransfer.php (in context of class App\Models\InternalMoneyTransfer)                  
 ------ ------------------------------------------------------------------------------------------------------------------- 
  41     Access to an undefined property App\Models\InternalMoneyTransfer::$outbound_break_journal_entry_id.                
         🪪  property.notFound                                                                                              
         💡  Learn more: https://phpstan.org/blog/solving-phpstan-access-to-undefined-property                              
  45     Access to an undefined property App\Models\InternalMoneyTransfer::$outbound_break_account_bank_statement_odoo_id.  
         🪪  property.notFound                                                                                              
         💡  Learn more: https://phpstan.org/blog/solving-phpstan-access-to-undefined-property                              
  47     Access to an undefined property App\Models\InternalMoneyTransfer::$outbound_break_odoo_reference.                  
         🪪  property.notFound                                                                                              
         💡  Learn more: https://phpstan.org/blog/solving-phpstan-access-to-undefined-property                              
  55     Access to an undefined property App\Models\InternalMoneyTransfer::$inbound_break_journal_entry_id.                 
         🪪  property.notFound                                                                                              
         💡  Learn more: https://phpstan.org/blog/solving-phpstan-access-to-undefined-property                              
  59     Access to an undefined property App\Models\InternalMoneyTransfer::$inbound_break_account_bank_statement_odoo_id.   
         🪪  property.notFound                                                                                              
         💡  Learn more: https://phpstan.org/blog/solving-phpstan-access-to-undefined-property                              
  61     Access to an undefined property App\Models\InternalMoneyTransfer::$inbound_break_odoo_reference.                   
         🪪  property.notFound                                                                                              
         💡  Learn more: https://phpstan.org/blog/solving-phpstan-access-to-undefined-property                              
  82     Access to an undefined property App\Models\InternalMoneyTransfer::$inbound_break_journal_entry_id.                 
         🪪  property.notFound                                                                                              
         💡  Learn more: https://phpstan.org/blog/solving-phpstan-access-to-undefined-property                              
  82     Access to an undefined property App\Models\InternalMoneyTransfer::$store_break_journal_entry_id.                   
         🪪  property.notFound                                                                                              
         💡  Learn more: https://phpstan.org/blog/solving-phpstan-access-to-undefined-property                              
 ------ ------------------------------------------------------------------------------------------------------------------- 

 ------ ----------------------------------------------------------------------------------------------------------- 
  Line   app/Traits/Models/HasOdooMoneyTransfer.php (in context of class App\Models\TimeOfDeposit)                  
 ------ ----------------------------------------------------------------------------------------------------------- 
  45     Access to an undefined property App\Models\TimeOfDeposit::$outbound_account_bank_statement_odoo_id.        
         🪪  property.notFound                                                                                      
         💡  Learn more: https://phpstan.org/blog/solving-phpstan-access-to-undefined-property                      
  45     Access to an undefined property App\Models\TimeOfDeposit::$outbound_break_account_bank_statement_odoo_id.  
         🪪  property.notFound                                                                                      
         💡  Learn more: https://phpstan.org/blog/solving-phpstan-access-to-undefined-property                      
  47     Access to an undefined property App\Models\TimeOfDeposit::$outbound_break_odoo_reference.                  
         🪪  property.notFound                                                                                      
         💡  Learn more: https://phpstan.org/blog/solving-phpstan-access-to-undefined-property                      
  47     Access to an undefined property App\Models\TimeOfDeposit::$outbound_odoo_reference.                        
         🪪  property.notFound                                                                                      
         💡  Learn more: https://phpstan.org/blog/solving-phpstan-access-to-undefined-property                      
  51     Access to an undefined property App\Models\TimeOfDeposit::$synced_with_odoo.                               
         🪪  property.notFound                                                                                      
         💡  Learn more: https://phpstan.org/blog/solving-phpstan-access-to-undefined-property                      
  52     Access to an undefined property App\Models\TimeOfDeposit::$odoo_error_message.                             
         🪪  property.notFound                                                                                      
         💡  Learn more: https://phpstan.org/blog/solving-phpstan-access-to-undefined-property                      
  59     Access to an undefined property App\Models\TimeOfDeposit::$inbound_account_bank_statement_odoo_id.         
         🪪  property.notFound                                                                                      
         💡  Learn more: https://phpstan.org/blog/solving-phpstan-access-to-undefined-property                      
  59     Access to an undefined property App\Models\TimeOfDeposit::$inbound_break_account_bank_statement_odoo_id.   
         🪪  property.notFound                                                                                      
         💡  Learn more: https://phpstan.org/blog/solving-phpstan-access-to-undefined-property                      
  98     Call to an undefined method App\Models\TimeOfDeposit::getTransferDate().                                   
         🪪  method.notFound                                                                                        
  100    Access to an undefined property App\Models\TimeOfDeposit::$from_account_type_id.                           
         🪪  property.notFound                                                                                      
         💡  Learn more: https://phpstan.org/blog/solving-phpstan-access-to-undefined-property                      
  101    Access to an undefined property App\Models\TimeOfDeposit::$from_account_number.                            
         🪪  property.notFound                                                                                      
         💡  Learn more: https://phpstan.org/blog/solving-phpstan-access-to-undefined-property                      
  102    Access to an undefined property App\Models\TimeOfDeposit::$to_account_type_id.                             
         🪪  property.notFound                                                                                      
         💡  Learn more: https://phpstan.org/blog/solving-phpstan-access-to-undefined-property                      
  103    Access to an undefined property App\Models\TimeOfDeposit::$to_account_number.                              
         🪪  property.notFound                                                                                      
         💡  Learn more: https://phpstan.org/blog/solving-phpstan-access-to-undefined-property                      
  104    Call to an undefined method App\Models\TimeOfDeposit::getUserComment().                                    
         🪪  method.notFound                                                                                        
  107    Call to an undefined method App\Models\TimeOfDeposit::getAmountInCurrency().                               
         🪪  method.notFound                                                                                        
  111    Access to an undefined property App\Models\TimeOfDeposit::$from_branch_id.                                 
         🪪  property.notFound                                                                                      
         💡  Learn more: https://phpstan.org/blog/solving-phpstan-access-to-undefined-property                      
  112    Access to an undefined property App\Models\TimeOfDeposit::$to_branch_id.                                   
         🪪  property.notFound                                                                                      
         💡  Learn more: https://phpstan.org/blog/solving-phpstan-access-to-undefined-property                      
  114    Access to an undefined property App\Models\TimeOfDeposit::$from_bank_id.                                   
         🪪  property.notFound                                                                                      
         💡  Learn more: https://phpstan.org/blog/solving-phpstan-access-to-undefined-property                      
  115    Access to an undefined property App\Models\TimeOfDeposit::$to_bank_id.                                     
         🪪  property.notFound                                                                                      
         💡  Learn more: https://phpstan.org/blog/solving-phpstan-access-to-undefined-property                      
 ------ ----------------------------------------------------------------------------------------------------------- 

 ------ ------------------------------------------------------------------------------------------ 
  Line   app/Traits/Models/HasPartnerStatement.php (in context of class App\Models\MoneyReceived)  
 ------ ------------------------------------------------------------------------------------------ 
  48     Instanceof between *NEVER* and App\Models\MoneyPayment will always evaluate to false.     
         🪪  instanceof.alwaysFalse                                                                
 ------ ------------------------------------------------------------------------------------------ 

 ------ -------------------------------------------------------------------------------------------------------------------------------------- 
  Line   app/Traits/Models/HasPropertyDueInstallment.php (in context of class App\Models\PropertyManagement\ForecastedPropertyDueInstallment)  
 ------ -------------------------------------------------------------------------------------------------------------------------------------- 
  113    Access to an undefined property App\Models\PropertyManagement\ForecastedPropertyDueInstallment::$installment_payments.                
         🪪  property.notFound                                                                                                                 
         💡  Learn more: https://phpstan.org/blog/solving-phpstan-access-to-undefined-property                                                 
  117    Access to an undefined property App\Models\PropertyManagement\ForecastedPropertyDueInstallment::$installment_payments.                
         🪪  property.notFound                                                                                                                 
         💡  Learn more: https://phpstan.org/blog/solving-phpstan-access-to-undefined-property                                                 
  127    Method App\Models\PropertyManagement\ForecastedPropertyDueInstallment::getHasDeliveryPayments() should return bool but returns int.   
         🪪  return.type                                                                                                                       
 ------ -------------------------------------------------------------------------------------------------------------------------------------- 

 ------ ---------------------------------------------------------------------------------------------------------------------------- 
  Line   app/Traits/Models/HasPropertyDueInstallment.php (in context of class App\Models\PropertyManagement\PropertyDueInstallment)  
 ------ ---------------------------------------------------------------------------------------------------------------------------- 
  113    Access to an undefined property App\Models\PropertyManagement\PropertyDueInstallment::$installment_payments.                
         🪪  property.notFound                                                                                                       
         💡  Learn more: https://phpstan.org/blog/solving-phpstan-access-to-undefined-property                                       
  117    Access to an undefined property App\Models\PropertyManagement\PropertyDueInstallment::$installment_payments.                
         🪪  property.notFound                                                                                                       
         💡  Learn more: https://phpstan.org/blog/solving-phpstan-access-to-undefined-property                                       
  127    Method App\Models\PropertyManagement\PropertyDueInstallment::getHasDeliveryPayments() should return bool but returns int.   
         🪪  return.type                                                                                                             
 ------ ---------------------------------------------------------------------------------------------------------------------------- 

 ------ --------------------------------------------------------------------------------------- 
  Line   app/Traits/Models/IsCashInBank.php (in context of class App\Models\CashInBank)         
 ------ --------------------------------------------------------------------------------------- 
  33     Access to an undefined property App\Models\CashInBank::$receipt_number.                
         🪪  property.notFound                                                                  
         💡  Learn more: https://phpstan.org/blog/solving-phpstan-access-to-undefined-property  
 ------ --------------------------------------------------------------------------------------- 

 ------ ---------------------------------------------------------------------------------------------------- 
  Line   app/Traits/Models/IsInvoice.php (in context of class App\Models\CustomerInvoice)                    
 ------ ---------------------------------------------------------------------------------------------------- 
  68     Instanceof between *NEVER* and App\Models\SupplierInvoice will always evaluate to false.            
         🪪  instanceof.alwaysFalse                                                                          
  158    Instanceof between *NEVER* and App\Models\SupplierInvoice will always evaluate to false.            
         🪪  instanceof.alwaysFalse                                                                          
  292    Unreachable statement - code above always terminates.                                               
         🪪  deadCode.unreachable                                                                            
  336    Instanceof between *NEVER* and App\Models\SupplierInvoice will always evaluate to false.            
         🪪  instanceof.alwaysFalse                                                                          
  407    Method App\Models\CustomerInvoice::getInvoiceAmount() should return float but returns string|null.  
         🪪  return.type                                                                                     
 ------ ---------------------------------------------------------------------------------------------------- 

 ------ ---------------------------------------------------------------------------------------------------- 
  Line   app/Traits/Models/IsInvoice.php (in context of class App\Models\SupplierInvoice)                    
 ------ ---------------------------------------------------------------------------------------------------- 
  147    Access to an undefined property App\Models\SupplierInvoice::$collected_amount.                      
         🪪  property.notFound                                                                               
         💡  Learn more: https://phpstan.org/blog/solving-phpstan-access-to-undefined-property               
  292    Unreachable statement - code above always terminates.                                               
         🪪  deadCode.unreachable                                                                            
  407    Method App\Models\SupplierInvoice::getInvoiceAmount() should return float but returns string|null.  
         🪪  return.type                                                                                     
 ------ ---------------------------------------------------------------------------------------------------- 

 ------ ------------------------------------------------------------------------------------------ 
  Line   app/Traits/Models/IsMoney.php (in context of class App\Models\MoneyPayment)               
 ------ ------------------------------------------------------------------------------------------ 
  421    Access to an undefined property App\Models\MoneyPayment::$cheque.                         
         🪪  property.notFound                                                                     
         💡  Learn more: https://phpstan.org/blog/solving-phpstan-access-to-undefined-property     
  450    Access to an undefined property App\Models\MoneyPayment::$cheque.                         
         🪪  property.notFound                                                                     
         💡  Learn more: https://phpstan.org/blog/solving-phpstan-access-to-undefined-property     
  462    Call to an undefined method App\Models\FinancialInstitution::getOdooId().                 
         🪪  method.notFound                                                                       
  473    Call to an undefined method App\Models\MoneyPayment::isChequeAndNotCustomerOrSupplier().  
         🪪  method.notFound                                                                       
  485    Instanceof between *NEVER* and App\Models\CashExpense will always evaluate to false.      
         🪪  instanceof.alwaysFalse                                                                
  496    Call to an undefined method App\Models\MoneyPayment::getReceivingCurrency().              
         🪪  method.notFound                                                                       
 ------ ------------------------------------------------------------------------------------------ 

 ------ ------------------------------------------------------------------------------------------- 
  Line   app/Traits/Models/IsMoney.php (in context of class App\Models\MoneyReceived)               
 ------ ------------------------------------------------------------------------------------------- 
  473    Call to an undefined method App\Models\MoneyReceived::isChequeAndNotCustomerOrSupplier().  
         🪪  method.notFound                                                                        
  496    Call to an undefined method App\Models\MoneyReceived::getPaymentCurrency().                
         🪪  method.notFound                                                                        
 ------ ------------------------------------------------------------------------------------------- 

 ------ --------------------------------------------------------------------------------------- 
  Line   app/Traits/Models/IsMoneyOut.php (in context of class App\Models\CashExpense)          
 ------ --------------------------------------------------------------------------------------- 
  56     Access to an undefined property App\Models\CashExpense::$downPaymentSettlements.       
         🪪  property.notFound                                                                  
         💡  Learn more: https://phpstan.org/blog/solving-phpstan-access-to-undefined-property  
 ------ --------------------------------------------------------------------------------------- 

 [ERROR] Found 912 errors                                                                                               

